Archive member included to satisfy reference by file (symbol)

c:/progra~2/gnuarm~1/102021~1.10/bin/../lib/gcc/arm-none-eabi/10.3.1/thumb/v6-m/nofp\libgcc.a(_dvmd_tls.o)
                              CMakeFiles/pico_lorawan_hello_abp.dir/C_/RPPicoSDK/sdk/pico/pico-sdk/src/rp2_common/pico_divider/divider.S.obj (__aeabi_idiv0)
c:/progra~2/gnuarm~1/102021~1.10/bin/../lib/gcc/arm-none-eabi/10.3.1/../../../../arm-none-eabi/lib/thumb/v6-m/nofp\libg.a(lib_a-calloc.o)
                              CMakeFiles/pico_lorawan_hello_abp.dir/C_/RPPicoSDK/sdk/pico/pico-sdk/src/rp2_common/pico_malloc/pico_malloc.c.obj (calloc)
c:/progra~2/gnuarm~1/102021~1.10/bin/../lib/gcc/arm-none-eabi/10.3.1/../../../../arm-none-eabi/lib/thumb/v6-m/nofp\libg.a(lib_a-callocr.o)
                              c:/progra~2/gnuarm~1/102021~1.10/bin/../lib/gcc/arm-none-eabi/10.3.1/../../../../arm-none-eabi/lib/thumb/v6-m/nofp\libg.a(lib_a-calloc.o) (_calloc_r)
c:/progra~2/gnuarm~1/102021~1.10/bin/../lib/gcc/arm-none-eabi/10.3.1/../../../../arm-none-eabi/lib/thumb/v6-m/nofp\libg.a(lib_a-errno.o)
                              c:/progra~2/gnuarm~1/102021~1.10/bin/../lib/gcc/arm-none-eabi/10.3.1/../../../../arm-none-eabi/lib/thumb/v6-m/nofp\libg.a(lib_a-callocr.o) (__errno)
c:/progra~2/gnuarm~1/102021~1.10/bin/../lib/gcc/arm-none-eabi/10.3.1/../../../../arm-none-eabi/lib/thumb/v6-m/nofp\libg.a(lib_a-impure.o)
                              c:/progra~2/gnuarm~1/102021~1.10/bin/../lib/gcc/arm-none-eabi/10.3.1/../../../../arm-none-eabi/lib/thumb/v6-m/nofp\libg.a(lib_a-calloc.o) (_impure_ptr)
c:/progra~2/gnuarm~1/102021~1.10/bin/../lib/gcc/arm-none-eabi/10.3.1/../../../../arm-none-eabi/lib/thumb/v6-m/nofp\libg.a(lib_a-init.o)
                              c:/progra~2/gnuarm~1/102021~1.10/bin/../lib/gcc/arm-none-eabi/10.3.1/../../../../arm-none-eabi/lib/thumb/v6-m/nofp/crt0.o (__libc_init_array)
c:/progra~2/gnuarm~1/102021~1.10/bin/../lib/gcc/arm-none-eabi/10.3.1/../../../../arm-none-eabi/lib/thumb/v6-m/nofp\libg.a(lib_a-malloc.o)
                              CMakeFiles/pico_lorawan_hello_abp.dir/C_/RPPicoSDK/sdk/pico/pico-sdk/src/rp2_common/pico_malloc/pico_malloc.c.obj (malloc)
c:/progra~2/gnuarm~1/102021~1.10/bin/../lib/gcc/arm-none-eabi/10.3.1/../../../../arm-none-eabi/lib/thumb/v6-m/nofp\libg.a(lib_a-mallocr.o)
                              c:/progra~2/gnuarm~1/102021~1.10/bin/../lib/gcc/arm-none-eabi/10.3.1/../../../../arm-none-eabi/lib/thumb/v6-m/nofp\libg.a(lib_a-callocr.o) (_malloc_r)
c:/progra~2/gnuarm~1/102021~1.10/bin/../lib/gcc/arm-none-eabi/10.3.1/../../../../arm-none-eabi/lib/thumb/v6-m/nofp\libg.a(lib_a-mlock.o)
                              c:/progra~2/gnuarm~1/102021~1.10/bin/../lib/gcc/arm-none-eabi/10.3.1/../../../../arm-none-eabi/lib/thumb/v6-m/nofp\libg.a(lib_a-mallocr.o) (__malloc_lock)
c:/progra~2/gnuarm~1/102021~1.10/bin/../lib/gcc/arm-none-eabi/10.3.1/../../../../arm-none-eabi/lib/thumb/v6-m/nofp\libg.a(lib_a-realloc.o)
                              CMakeFiles/pico_lorawan_hello_abp.dir/C_/RPPicoSDK/sdk/pico/pico-sdk/src/rp2_common/pico_malloc/pico_malloc.c.obj (realloc)
c:/progra~2/gnuarm~1/102021~1.10/bin/../lib/gcc/arm-none-eabi/10.3.1/../../../../arm-none-eabi/lib/thumb/v6-m/nofp\libg.a(lib_a-reallocr.o)
                              c:/progra~2/gnuarm~1/102021~1.10/bin/../lib/gcc/arm-none-eabi/10.3.1/../../../../arm-none-eabi/lib/thumb/v6-m/nofp\libg.a(lib_a-realloc.o) (_realloc_r)
c:/progra~2/gnuarm~1/102021~1.10/bin/../lib/gcc/arm-none-eabi/10.3.1/../../../../arm-none-eabi/lib/thumb/v6-m/nofp\libg.a(lib_a-sbrkr.o)
                              c:/progra~2/gnuarm~1/102021~1.10/bin/../lib/gcc/arm-none-eabi/10.3.1/../../../../arm-none-eabi/lib/thumb/v6-m/nofp\libg.a(lib_a-mallocr.o) (_sbrk_r)
c:/progra~2/gnuarm~1/102021~1.10/bin/../lib/gcc/arm-none-eabi/10.3.1/../../../../arm-none-eabi/lib/thumb/v6-m/nofp\libg.a(lib_a-sscanf.o)
                              CMakeFiles/pico_lorawan_hello_abp.dir/__/__/src/lorawan.c.obj (sscanf)
c:/progra~2/gnuarm~1/102021~1.10/bin/../lib/gcc/arm-none-eabi/10.3.1/../../../../arm-none-eabi/lib/thumb/v6-m/nofp\libg.a(lib_a-stdio.o)
                              c:/progra~2/gnuarm~1/102021~1.10/bin/../lib/gcc/arm-none-eabi/10.3.1/../../../../arm-none-eabi/lib/thumb/v6-m/nofp\libg.a(lib_a-sscanf.o) (__seofread)
c:/progra~2/gnuarm~1/102021~1.10/bin/../lib/gcc/arm-none-eabi/10.3.1/../../../../arm-none-eabi/lib/thumb/v6-m/nofp\libg.a(lib_a-strlen-stub.o)
                              CMakeFiles/pico_lorawan_hello_abp.dir/main.c.obj (strlen)
c:/progra~2/gnuarm~1/102021~1.10/bin/../lib/gcc/arm-none-eabi/10.3.1/../../../../arm-none-eabi/lib/thumb/v6-m/nofp\libg.a(lib_a-svfscanf.o)
                              c:/progra~2/gnuarm~1/102021~1.10/bin/../lib/gcc/arm-none-eabi/10.3.1/../../../../arm-none-eabi/lib/thumb/v6-m/nofp\libg.a(lib_a-sscanf.o) (__ssvfscanf_r)
c:/progra~2/gnuarm~1/102021~1.10/bin/../lib/gcc/arm-none-eabi/10.3.1/../../../../arm-none-eabi/lib/thumb/v6-m/nofp\libg.a(lib_a-writer.o)
[...]
Memory Configuration

Name             Origin             Length             Attributes
FLASH            0x10000000         0x00200000         xr
RAM              0x20000000         0x00040000         xrw
SCRATCH_X        0x20040000         0x00001000         xrw
SCRATCH_Y        0x20041000         0x00001000         xrw
*default*        0x00000000         0xffffffff

Linker script and memory map

LOAD c:/progra~2/gnuarm~1/102021~1.10/bin/../lib/gcc/arm-none-eabi/10.3.1/thumb/v6-m/nofp/crti.o
LOAD c:/progra~2/gnuarm~1/102021~1.10/bin/../lib/gcc/arm-none-eabi/10.3.1/thumb/v6-m/nofp/crtbegin.o
LOAD c:/progra~2/gnuarm~1/102021~1.10/bin/../lib/gcc/arm-none-eabi/10.3.1/../../../../arm-none-eabi/lib/thumb/v6-m/nofp/crt0.o

.flash_begin    0x10000000        0x0
                0x10000000                __flash_binary_start = .

.boot2          0x10000000      0x100
                0x10000000                __boot2_start__ = .
 *(.boot2)
 .boot2         0x10000000      0x100 C:\Users\ASUS\AppData\Local\Temp\ccMA3MvD.o
                0x10000100                __boot2_end__ = .
                0x00000001                ASSERT (((__boot2_end__ - __boot2_start__) == 0x100), ERROR: Pico second stage bootloader must be 256 bytes in size)

.text           0x10000100    0x1f938
                0x10000100                __logical_binary_start = .
 *(.vectors)
 .vectors       0x10000100       0xd4 CMakeFiles/pico_lorawan_hello_abp.dir/C_/RPPicoSDK/sdk/pico/pico-sdk/src/rp2_common/pico_standard_link/crt0.S.obj
                0x10000100                __VECTOR_TABLE
                0x10000100                __vectors
                0x100001c0                isr_invalid
                0x100001c0                __default_isrs_start
                0x100001c2                isr_nmi
                0x100001c4                isr_hardfault
                0x100001c6                isr_svcall
                0x100001c8                isr_pendsv
                0x100001ca                isr_systick
                0x100001cc                isr_irq23
                0x100001cc                isr_irq18
                0x100001cc                isr_irq11
                0x100001cc                isr_irq28
                0x100001cc                isr_irq19
                0x100001cc                isr_irq0
                0x100001cc                isr_irq6
                0x100001cc                isr_irq5
                0x100001cc                isr_irq12
                0x100001cc                isr_irq22
                0x100001cc                isr_irq31
                0x100001cc                isr_irq17
                0x100001cc                isr_irq27
                0x100001cc                isr_irq30
                0x100001cc                isr_irq2
                0x100001cc                isr_irq10
                0x100001cc                isr_irq8
                0x100001cc                isr_irq24
                0x100001cc                isr_irq1
                0x100001cc                isr_irq7
                0x100001cc                isr_irq21
                0x100001cc                isr_irq20
                0x100001cc                isr_irq15
                0x100001cc                isr_irq25
                0x100001cc                isr_irq13
                0x100001cc                __unhandled_user_irq
                0x100001cc                isr_irq4
                0x100001cc                isr_irq16
                0x100001cc                isr_irq29
                0x100001cc                isr_irq26
                0x100001cc                __default_isrs_end
                0x100001cc                isr_irq3
                0x100001cc                isr_irq14
                0x100001cc                isr_irq9
                0x100001d2                unhandled_user_irq_num_in_r0
 *(.binary_info_header)
 .binary_info_header
                0x100001d4       0x14 CMakeFiles/pico_lorawan_hello_abp.dir/C_/RPPicoSDK/sdk/pico/pico-sdk/src/rp2_common/pico_standard_link/crt0.S.obj
                0x100001e8                __binary_info_header_end = .
 *(.reset)
 .reset         0x100001e8       0xa0 CMakeFiles/pico_lorawan_hello_abp.dir/C_/RPPicoSDK/sdk/pico/pico-sdk/src/rp2_common/pico_standard_link/crt0.S.obj
                0x100001e8                _entry_point
 .reset         0x10000288       0x30 CMakeFiles/pico_lorawan_hello_abp.dir/C_/RPPicoSDK/sdk/pico/pico-sdk/src/rp2_common/pico_standard_link/binary_info.c.obj
 *(.init)
 .init          0x100002b8        0x4 c:/progra~2/gnuarm~1/102021~1.10/bin/../lib/gcc/arm-none-eabi/10.3.1/thumb/v6-m/nofp/crti.o
                0x100002b8                _init
 *(EXCLUDE_FILE(*libm.a: *libc.a:*lib_a-mem*.o *libgcc.a:) .text*)
 .text          0x100002bc       0x48 c:/progra~2/gnuarm~1/102021~1.10/bin/../lib/gcc/arm-none-eabi/10.3.1/thumb/v6-m/nofp/crtbegin.o
 .text.main     0x10000304      0x1e0 CMakeFiles/pico_lorawan_hello_abp.dir/main.c.obj
                0x10000304                main
 .text.OnMacProcessNotify
                0x100004e4        0xc CMakeFiles/pico_lorawan_hello_abp.dir/__/__/src/lorawan.c.obj
 .text.OnSysTimeUpdate
                0x100004f0        0x2 CMakeFiles/pico_lorawan_hello_abp.dir/__/__/src/lorawan.c.obj
 *fill*         0x100004f2        0x2 
 .text.OnTxPeriodicityChanged
                0x100004f4        0xc CMakeFiles/pico_lorawan_hello_abp.dir/__/__/src/lorawan.c.obj
 .text.OnTxFrameCtrlChanged
                0x10000500        0xc CMakeFiles/pico_lorawan_hello_abp.dir/__/__/src/lorawan.c.obj
 .text.OnPingSlotPeriodicityChanged
                0x1000050c       0x10 CMakeFiles/pico_lorawan_hello_abp.dir/__/__/src/lorawan.c.obj
 .text.lorawan_init
                0x1000051c       0xe4 CMakeFiles/pico_lorawan_hello_abp.dir/__/__/src/lorawan.c.obj
 .text.OnBeaconStatusChange
                0x10000600       0x18 CMakeFiles/pico_lorawan_hello_abp.dir/__/__/src/lorawan.c.obj
 .text.OnClassChange
                0x10000618       0x2c CMakeFiles/pico_lorawan_hello_abp.dir/__/__/src/lorawan.c.obj
 .text.OnRxData
                0x10000644       0x30 CMakeFiles/pico_lorawan_hello_abp.dir/__/__/src/lorawan.c.obj
 .text.OnTxData
                0x10000674       0x18 CMakeFiles/pico_lorawan_hello_abp.dir/__/__/src/lorawan.c.obj
 .text.OnJoinRequest
                0x1000068c       0x2c CMakeFiles/pico_lorawan_hello_abp.dir/__/__/src/lorawan.c.obj
 .text.OnMacMlmeRequest
                0x100006b8       0x18 CMakeFiles/pico_lorawan_hello_abp.dir/__/__/src/lorawan.c.obj
 .text.OnMacMcpsRequest
                0x100006d0       0x18 CMakeFiles/pico_lorawan_hello_abp.dir/__/__/src/lorawan.c.obj
 .text.OnNetworkParametersChange
                0x100006e8      0x298 CMakeFiles/pico_lorawan_hello_abp.dir/__/__/src/lorawan.c.obj
 .text.OnNvmDataChange
                0x10000980       0x18 CMakeFiles/pico_lorawan_hello_abp.dir/__/__/src/lorawan.c.obj
 .text.lorawan_init_abp
                0x10000998       0x1c CMakeFiles/pico_lorawan_hello_abp.dir/__/__/src/lorawan.c.obj
                0x10000998                lorawan_init_abp
 .text.lorawan_join
                0x100009b4        0xa CMakeFiles/pico_lorawan_hello_abp.dir/__/__/src/lorawan.c.obj
                0x100009b4                lorawan_join
 .text.lorawan_is_joined
                0x100009be        0xe CMakeFiles/pico_lorawan_hello_abp.dir/__/__/src/lorawan.c.obj
                0x100009be                lorawan_is_joined
 .text.lorawan_process
                0x100009cc       0x34 CMakeFiles/pico_lorawan_hello_abp.dir/__/__/src/lorawan.c.obj
                0x100009cc                lorawan_process
 .text.lorawan_send_unconfirmed
                0x10000a00       0x22 CMakeFiles/pico_lorawan_hello_abp.dir/__/__/src/lorawan.c.obj
                0x10000a00                lorawan_send_unconfirmed
 *fill*         0x10000a22        0x2 
 .text.lorawan_receive
                0x10000a24       0x34 CMakeFiles/pico_lorawan_hello_abp.dir/__/__/src/lorawan.c.obj
                0x10000a24                lorawan_receive
 .text.changeADR
                0x10000a58        0xc CMakeFiles/pico_lorawan_hello_abp.dir/__/__/src/lorawan.c.obj
                0x10000a58                changeADR
 .text.getADR   0x10000a64        0xc CMakeFiles/pico_lorawan_hello_abp.dir/__/__/src/lorawan.c.obj
                0x10000a64                getADR
 .text.PrintHexBuffer
                0x10000a70       0x40 CMakeFiles/pico_lorawan_hello_abp.dir/__/__/lib/LoRaMac-node/src/apps/LoRaMac/common/LmHandlerMsgDisplay.c.obj
                0x10000a70                PrintHexBuffer
 .text.DisplayNvmDataChange
                0x10000ab0       0x2c CMakeFiles/pico_lorawan_hello_abp.dir/__/__/lib/LoRaMac-node/src/apps/LoRaMac/common/LmHandlerMsgDisplay.c.obj
                0x10000ab0                DisplayNvmDataChange
 .text.DisplayNetworkParametersUpdate
                0x10000adc       0x80 CMakeFiles/pico_lorawan_hello_abp.dir/__/__/lib/LoRaMac-node/src/apps/LoRaMac/common/LmHandlerMsgDisplay.c.obj
                0x10000adc                DisplayNetworkParametersUpdate
 .text.DisplayMacMcpsRequestUpdate
                0x10000b5c       0xa4 CMakeFiles/pico_lorawan_hello_abp.dir/__/__/lib/LoRaMac-node/src/apps/LoRaMac/common/LmHandlerMsgDisplay.c.obj
                0x10000b5c                DisplayMacMcpsRequestUpdate
 .text.DisplayMacMlmeRequestUpdate
                0x10000c00       0xc0 CMakeFiles/pico_lorawan_hello_abp.dir/__/__/lib/LoRaMac-node/src/apps/LoRaMac/common/LmHandlerMsgDisplay.c.obj
                0x10000c00                DisplayMacMlmeRequestUpdate
 .text.DisplayJoinRequestUpdate
                0x10000cc0       0x78 CMakeFiles/pico_lorawan_hello_abp.dir/__/__/lib/LoRaMac-node/src/apps/LoRaMac/common/LmHandlerMsgDisplay.c.obj
                0x10000cc0                DisplayJoinRequestUpdate
 .text.DisplayTxUpdate
                0x10000d38      0x180 CMakeFiles/pico_lorawan_hello_abp.dir/__/__/lib/LoRaMac-node/src/apps/LoRaMac/common/LmHandlerMsgDisplay.c.obj
                0x10000d38                DisplayTxUpdate
 .text.DisplayRxUpdate
                0x10000eb8       0xdc CMakeFiles/pico_lorawan_hello_abp.dir/__/__/lib/LoRaMac-node/src/apps/LoRaMac/common/LmHandlerMsgDisplay.c.obj
                0x10000eb8                DisplayRxUpdate
 .text.DisplayBeaconUpdate
                0x10000f94       0xa4 CMakeFiles/pico_lorawan_hello_abp.dir/__/__/lib/LoRaMac-node/src/apps/LoRaMac/common/LmHandlerMsgDisplay.c.obj
                0x10000f94                DisplayBeaconUpdate
 .text.DisplayClassUpdate
                0x10001038       0x18 CMakeFiles/pico_lorawan_hello_abp.dir/__/__/lib/LoRaMac-node/src/apps/LoRaMac/common/LmHandlerMsgDisplay.c.obj
                0x10001038                DisplayClassUpdate
 .text.NvmDataMgmtEvent
                0x10001050        0xc CMakeFiles/pico_lorawan_hello_abp.dir/__/__/lib/LoRaMac-node/src/apps/LoRaMac/common/NvmDataMgmt.c.obj
                0x10001050                NvmDataMgmtEvent
 .text.NvmDataMgmtStore
                0x1000105c      0x10c CMakeFiles/pico_lorawan_hello_abp.dir/__/__/lib/LoRaMac-node/src/apps/LoRaMac/common/NvmDataMgmt.c.obj
                0x1000105c                NvmDataMgmtStore
 .text.NvmDataMgmtRestore
                0x10001168       0xac CMakeFiles/pico_lorawan_hello_abp.dir/__/__/lib/LoRaMac-node/src/apps/LoRaMac/common/NvmDataMgmt.c.obj
                0x10001168                NvmDataMgmtRestore
 .text.LmHandlerPackagesNotify
                0x10001214       0x64 CMakeFiles/pico_lorawan_hello_abp.dir/__/__/lib/LoRaMac-node/src/apps/LoRaMac/common/LmHandler/LmHandler.c.obj
 .text.McpsConfirm
                0x10001278       0x40 CMakeFiles/pico_lorawan_hello_abp.dir/__/__/lib/LoRaMac-node/src/apps/LoRaMac/common/LmHandler/LmHandler.c.obj
 .text.LmHandlerDeviceTimeReq
                0x100012b8       0x3c CMakeFiles/pico_lorawan_hello_abp.dir/__/__/lib/LoRaMac-node/src/apps/LoRaMac/common/LmHandler/LmHandler.c.obj
 .text.LmHandlerBeaconReq
                0x100012f4       0x3c CMakeFiles/pico_lorawan_hello_abp.dir/__/__/lib/LoRaMac-node/src/apps/LoRaMac/common/LmHandler/LmHandler.c.obj
 .text.LmHandlerJoinRequest
                0x10001330       0x60 CMakeFiles/pico_lorawan_hello_abp.dir/__/__/lib/LoRaMac-node/src/apps/LoRaMac/common/LmHandler/LmHandler.c.obj
 .text.LmHandlerInit
                0x10001390      0x128 CMakeFiles/pico_lorawan_hello_abp.dir/__/__/lib/LoRaMac-node/src/apps/LoRaMac/common/LmHandler/LmHandler.c.obj
                0x10001390                LmHandlerInit
 .text.LmHandlerGetDutyCycleWaitTime
                0x100014b8        0xc CMakeFiles/pico_lorawan_hello_abp.dir/__/__/lib/LoRaMac-node/src/apps/LoRaMac/common/LmHandler/LmHandler.c.obj
                0x100014b8                LmHandlerGetDutyCycleWaitTime
 .text.LmHandlerJoin
                0x100014c4       0x10 CMakeFiles/pico_lorawan_hello_abp.dir/__/__/lib/LoRaMac-node/src/apps/LoRaMac/common/LmHandler/LmHandler.c.obj
                0x100014c4                LmHandlerJoin
 .text.LmHandlerJoinStatus
                0x100014d4       0x24 CMakeFiles/pico_lorawan_hello_abp.dir/__/__/lib/LoRaMac-node/src/apps/LoRaMac/common/LmHandler/LmHandler.c.obj
                0x100014d4                LmHandlerJoinStatus
 .text.LmHandlerIsBusy
                0x100014f8       0x44 CMakeFiles/pico_lorawan_hello_abp.dir/__/__/lib/LoRaMac-node/src/apps/LoRaMac/common/LmHandler/LmHandler.c.obj
                0x100014f8                LmHandlerIsBusy
 .text.LmHandlerSend
                0x1000153c       0xb0 CMakeFiles/pico_lorawan_hello_abp.dir/__/__/lib/LoRaMac-node/src/apps/LoRaMac/common/LmHandler/LmHandler.c.obj
                0x1000153c                LmHandlerSend
 .text.MlmeIndication
                0x100015ec       0xe4 CMakeFiles/pico_lorawan_hello_abp.dir/__/__/lib/LoRaMac-node/src/apps/LoRaMac/common/LmHandler/LmHandler.c.obj
 .text.LmHandlerPingSlotReq
                0x100016d0       0x6c CMakeFiles/pico_lorawan_hello_abp.dir/__/__/lib/LoRaMac-node/src/apps/LoRaMac/common/LmHandler/LmHandler.c.obj
                0x100016d0                LmHandlerPingSlotReq
 .text.LmHandlerRequestClass
                0x1000173c       0x9c CMakeFiles/pico_lorawan_hello_abp.dir/__/__/lib/LoRaMac-node/src/apps/LoRaMac/common/LmHandler/LmHandler.c.obj
                0x1000173c                LmHandlerRequestClass
 .text.LmHandlerGetCurrentClass
                0x100017d8       0x18 CMakeFiles/pico_lorawan_hello_abp.dir/__/__/lib/LoRaMac-node/src/apps/LoRaMac/common/LmHandler/LmHandler.c.obj
                0x100017d8                LmHandlerGetCurrentClass
 .text.McpsIndication
                0x100017f0       0xa0 CMakeFiles/pico_lorawan_hello_abp.dir/__/__/lib/LoRaMac-node/src/apps/LoRaMac/common/LmHandler/LmHandler.c.obj
 .text.LmHandlerGetCurrentDatarate
                0x10001890       0x1a CMakeFiles/pico_lorawan_hello_abp.dir/__/__/lib/LoRaMac-node/src/apps/LoRaMac/common/LmHandler/LmHandler.c.obj
                0x10001890                LmHandlerGetCurrentDatarate
 *fill*         0x100018aa        0x2 
 .text.MlmeConfirm
                0x100018ac       0xe0 CMakeFiles/pico_lorawan_hello_abp.dir/__/__/lib/LoRaMac-node/src/apps/LoRaMac/common/LmHandler/LmHandler.c.obj
 .text.LmHandlerGetActiveRegion
                0x1000198c        0xc CMakeFiles/pico_lorawan_hello_abp.dir/__/__/lib/LoRaMac-node/src/apps/LoRaMac/common/LmHandler/LmHandler.c.obj
                0x1000198c                LmHandlerGetActiveRegion
 .text.LmHandlerSetSystemMaxRxError
                0x10001998       0x20 CMakeFiles/pico_lorawan_hello_abp.dir/__/__/lib/LoRaMac-node/src/apps/LoRaMac/common/LmHandler/LmHandler.c.obj
                0x10001998                LmHandlerSetSystemMaxRxError
 .text.LmHandlerPackageRegister
                0x100019b8       0x7c CMakeFiles/pico_lorawan_hello_abp.dir/__/__/lib/LoRaMac-node/src/apps/LoRaMac/common/LmHandler/LmHandler.c.obj
                0x100019b8                LmHandlerPackageRegister
 .text.LmHandlerPackageIsInitialized
                0x10001a34       0x1c CMakeFiles/pico_lorawan_hello_abp.dir/__/__/lib/LoRaMac-node/src/apps/LoRaMac/common/LmHandler/LmHandler.c.obj
                0x10001a34                LmHandlerPackageIsInitialized
 .text.LmHandlerPackagesProcess
                0x10001a50       0x3c CMakeFiles/pico_lorawan_hello_abp.dir/__/__/lib/LoRaMac-node/src/apps/LoRaMac/common/LmHandler/LmHandler.c.obj
 .text.LmHandlerProcess
                0x10001a8c       0x30 CMakeFiles/pico_lorawan_hello_abp.dir/__/__/lib/LoRaMac-node/src/apps/LoRaMac/common/LmHandler/LmHandler.c.obj
                0x10001a8c                LmHandlerProcess
 .text.SetRow   0x10001abc       0x20 CMakeFiles/pico_lorawan_hello_abp.dir/__/__/lib/LoRaMac-node/src/apps/LoRaMac/common/LmHandler/packages/FragDecoder.c.obj
 .text.GetRow   0x10001adc       0x20 CMakeFiles/pico_lorawan_hello_abp.dir/__/__/lib/LoRaMac-node/src/apps/LoRaMac/common/LmHandler/packages/FragDecoder.c.obj
 .text.GetParity
                0x10001afc       0x12 CMakeFiles/pico_lorawan_hello_abp.dir/__/__/lib/LoRaMac-node/src/apps/LoRaMac/common/LmHandler/packages/FragDecoder.c.obj
 .text.SetParity
                0x10001b0e       0x1c CMakeFiles/pico_lorawan_hello_abp.dir/__/__/lib/LoRaMac-node/src/apps/LoRaMac/common/LmHandler/packages/FragDecoder.c.obj
 .text.IsPowerOfTwo
                0x10001b2a       0x26 CMakeFiles/pico_lorawan_hello_abp.dir/__/__/lib/LoRaMac-node/src/apps/LoRaMac/common/LmHandler/packages/FragDecoder.c.obj
 .text.XorDataLine
                0x10001b50       0x16 CMakeFiles/pico_lorawan_hello_abp.dir/__/__/lib/LoRaMac-node/src/apps/LoRaMac/common/LmHandler/packages/FragDecoder.c.obj
 .text.XorParityLine
                0x10001b66       0x40 CMakeFiles/pico_lorawan_hello_abp.dir/__/__/lib/LoRaMac-node/src/apps/LoRaMac/common/LmHandler/packages/FragDecoder.c.obj
 .text.FragPrbs23
                0x10001ba6       0x14 CMakeFiles/pico_lorawan_hello_abp.dir/__/__/lib/LoRaMac-node/src/apps/LoRaMac/common/LmHandler/packages/FragDecoder.c.obj
 .text.FragGetParityMatrixRow
                0x10001bba       0x74 CMakeFiles/pico_lorawan_hello_abp.dir/__/__/lib/LoRaMac-node/src/apps/LoRaMac/common/LmHandler/packages/FragDecoder.c.obj
 .text.BitArrayFindFirstOne
                0x10001c2e       0x26 CMakeFiles/pico_lorawan_hello_abp.dir/__/__/lib/LoRaMac-node/src/apps/LoRaMac/common/LmHandler/packages/FragDecoder.c.obj
 .text.BitArrayIsAllZeros
                0x10001c54       0x26 CMakeFiles/pico_lorawan_hello_abp.dir/__/__/lib/LoRaMac-node/src/apps/LoRaMac/common/LmHandler/packages/FragDecoder.c.obj
 *fill*         0x10001c7a        0x2 
 .text.FragFindMissingFrags
                0x10001c7c       0x50 CMakeFiles/pico_lorawan_hello_abp.dir/__/__/lib/LoRaMac-node/src/apps/LoRaMac/common/LmHandler/packages/FragDecoder.c.obj
 .text.FragFindMissingIndex
                0x10001ccc       0x30 CMakeFiles/pico_lorawan_hello_abp.dir/__/__/lib/LoRaMac-node/src/apps/LoRaMac/common/LmHandler/packages/FragDecoder.c.obj
 .text.FragExtractLineFromBinaryMatrix
                0x10001cfc       0x88 CMakeFiles/pico_lorawan_hello_abp.dir/__/__/lib/LoRaMac-node/src/apps/LoRaMac/common/LmHandler/packages/FragDecoder.c.obj
 .text.FragPushLineToBinaryMatrix
                0x10001d84       0x80 CMakeFiles/pico_lorawan_hello_abp.dir/__/__/lib/LoRaMac-node/src/apps/LoRaMac/common/LmHandler/packages/FragDecoder.c.obj
 .text.FragDecoderInit
                0x10001e04       0xa4 CMakeFiles/pico_lorawan_hello_abp.dir/__/__/lib/LoRaMac-node/src/apps/LoRaMac/common/LmHandler/packages/FragDecoder.c.obj
                0x10001e04                FragDecoderInit
 .text.FragDecoderGetMaxFileSize
                0x10001ea8        0x8 CMakeFiles/pico_lorawan_hello_abp.dir/__/__/lib/LoRaMac-node/src/apps/LoRaMac/common/LmHandler/packages/FragDecoder.c.obj
                0x10001ea8                FragDecoderGetMaxFileSize
 .text.FragDecoderProcess
                0x10001eb0      0x280 CMakeFiles/pico_lorawan_hello_abp.dir/__/__/lib/LoRaMac-node/src/apps/LoRaMac/common/LmHandler/packages/FragDecoder.c.obj
                0x10001eb0                FragDecoderProcess
 .text.FragDecoderGetStatus
                0x10002130       0x18 CMakeFiles/pico_lorawan_hello_abp.dir/__/__/lib/LoRaMac-node/src/apps/LoRaMac/common/LmHandler/packages/FragDecoder.c.obj
                0x10002130                FragDecoderGetStatus
 .text.LmhpClockSyncInit
                0x10002148       0x24 CMakeFiles/pico_lorawan_hello_abp.dir/__/__/lib/LoRaMac-node/src/apps/LoRaMac/common/LmHandler/packages/LmhpClockSync.c.obj
 .text.LmhpClockSyncIsInitialized
                0x1000216c        0xc CMakeFiles/pico_lorawan_hello_abp.dir/__/__/lib/LoRaMac-node/src/apps/LoRaMac/common/LmHandler/packages/LmhpClockSync.c.obj
 .text.LmhpClockSyncIsTxPending
                0x10002178        0xc CMakeFiles/pico_lorawan_hello_abp.dir/__/__/lib/LoRaMac-node/src/apps/LoRaMac/common/LmHandler/packages/LmhpClockSync.c.obj
 .text.LmhpClockSyncOnMcpsIndication
                0x10002184      0x184 CMakeFiles/pico_lorawan_hello_abp.dir/__/__/lib/LoRaMac-node/src/apps/LoRaMac/common/LmHandler/packages/LmhpClockSync.c.obj
 .text.LmhpClockSyncOnMcpsConfirm
                0x10002308       0x4c CMakeFiles/pico_lorawan_hello_abp.dir/__/__/lib/LoRaMac-node/src/apps/LoRaMac/common/LmHandler/packages/LmhpClockSync.c.obj
 .text.LmphClockSyncPackageFactory
                0x10002354        0x8 CMakeFiles/pico_lorawan_hello_abp.dir/__/__/lib/LoRaMac-node/src/apps/LoRaMac/common/LmHandler/packages/LmhpClockSync.c.obj
                0x10002354                LmphClockSyncPackageFactory
 .text.LmhpClockSyncAppTimeReq
                0x1000235c       0xc8 CMakeFiles/pico_lorawan_hello_abp.dir/__/__/lib/LoRaMac-node/src/apps/LoRaMac/common/LmHandler/packages/LmhpClockSync.c.obj
                0x1000235c                LmhpClockSyncAppTimeReq
 .text.LmhpClockSyncProcess
                0x10002424       0x24 CMakeFiles/pico_lorawan_hello_abp.dir/__/__/lib/LoRaMac-node/src/apps/LoRaMac/common/LmHandler/packages/LmhpClockSync.c.obj
 .text.LmhpComplianceIsInitialized
                0x10002448        0xc CMakeFiles/pico_lorawan_hello_abp.dir/__/__/lib/LoRaMac-node/src/apps/LoRaMac/common/LmHandler/packages/LmhpCompliance.c.obj
 .text.LmhpComplianceIsTxPending
                0x10002454        0xc CMakeFiles/pico_lorawan_hello_abp.dir/__/__/lib/LoRaMac-node/src/apps/LoRaMac/common/LmHandler/packages/LmhpCompliance.c.obj
 .text.SendBeaconRxStatusInd
                0x10002460      0x148 CMakeFiles/pico_lorawan_hello_abp.dir/__/__/lib/LoRaMac-node/src/apps/LoRaMac/common/LmHandler/packages/LmhpCompliance.c.obj
 .text.LmhpComplianceOnMlmeIndication
                0x100025a8       0x60 CMakeFiles/pico_lorawan_hello_abp.dir/__/__/lib/LoRaMac-node/src/apps/LoRaMac/common/LmHandler/packages/LmhpCompliance.c.obj
 .text.LmhpComplianceOnMlmeConfirm
                0x10002608       0x34 CMakeFiles/pico_lorawan_hello_abp.dir/__/__/lib/LoRaMac-node/src/apps/LoRaMac/common/LmHandler/packages/LmhpCompliance.c.obj
 .text.LmhpComplianceInit
                0x1000263c       0x4c CMakeFiles/pico_lorawan_hello_abp.dir/__/__/lib/LoRaMac-node/src/apps/LoRaMac/common/LmHandler/packages/LmhpCompliance.c.obj
 .text.LmhpComplianceOnMcpsIndication
                0x10002688      0x324 CMakeFiles/pico_lorawan_hello_abp.dir/__/__/lib/LoRaMac-node/src/apps/LoRaMac/common/LmHandler/packages/LmhpCompliance.c.obj
 .text.LmhpComplianceProcess
                0x100029ac       0x74 CMakeFiles/pico_lorawan_hello_abp.dir/__/__/lib/LoRaMac-node/src/apps/LoRaMac/common/LmHandler/packages/LmhpCompliance.c.obj
 .text.LmphCompliancePackageFactory
                0x10002a20        0x8 CMakeFiles/pico_lorawan_hello_abp.dir/__/__/lib/LoRaMac-node/src/apps/LoRaMac/common/LmHandler/packages/LmhpCompliance.c.obj
                0x10002a20                LmphCompliancePackageFactory
 .text.LmhpFragmentationIsInitialized
                0x10002a28        0xc CMakeFiles/pico_lorawan_hello_abp.dir/__/__/lib/LoRaMac-node/src/apps/LoRaMac/common/LmHandler/packages/LmhpFragmentation.c.obj
 .text.LmhpFragmentationIsTxPending
                0x10002a34        0xc CMakeFiles/pico_lorawan_hello_abp.dir/__/__/lib/LoRaMac-node/src/apps/LoRaMac/common/LmHandler/packages/LmhpFragmentation.c.obj
 .text.LmhpFragmentationOnMcpsIndication
                0x10002a40      0x39c CMakeFiles/pico_lorawan_hello_abp.dir/__/__/lib/LoRaMac-node/src/apps/LoRaMac/common/LmHandler/packages/LmhpFragmentation.c.obj
 .text.LmhpFragmentationProcess
                0x10002ddc       0x54 CMakeFiles/pico_lorawan_hello_abp.dir/__/__/lib/LoRaMac-node/src/apps/LoRaMac/common/LmHandler/packages/LmhpFragmentation.c.obj
 .text.LmhpFragmentationInit
                0x10002e30       0x50 CMakeFiles/pico_lorawan_hello_abp.dir/__/__/lib/LoRaMac-node/src/apps/LoRaMac/common/LmHandler/packages/LmhpFragmentation.c.obj
 .text.OnFragmentTxDelay
                0x10002e80       0x18 CMakeFiles/pico_lorawan_hello_abp.dir/__/__/lib/LoRaMac-node/src/apps/LoRaMac/common/LmHandler/packages/LmhpFragmentation.c.obj
 .text.LmhpFragmentationPackageFactory
                0x10002e98        0x8 CMakeFiles/pico_lorawan_hello_abp.dir/__/__/lib/LoRaMac-node/src/apps/LoRaMac/common/LmHandler/packages/LmhpFragmentation.c.obj
                0x10002e98                LmhpFragmentationPackageFactory
 .text.LmhpRemoteMcastSetupIsInitialized
                0x10002ea0        0xc CMakeFiles/pico_lorawan_hello_abp.dir/__/__/lib/LoRaMac-node/src/apps/LoRaMac/common/LmHandler/packages/LmhpRemoteMcastSetup.c.obj
 .text.LmhpRemoteMcastSetupIsTxPending
                0x10002eac        0xc CMakeFiles/pico_lorawan_hello_abp.dir/__/__/lib/LoRaMac-node/src/apps/LoRaMac/common/LmHandler/packages/LmhpRemoteMcastSetup.c.obj
 .text.LmhpRemoteMcastSetupOnMcpsIndication
                0x10002eb8      0x458 CMakeFiles/pico_lorawan_hello_abp.dir/__/__/lib/LoRaMac-node/src/apps/LoRaMac/common/LmHandler/packages/LmhpRemoteMcastSetup.c.obj
 .text.LmhpRemoteMcastSetupProcess
                0x10003310       0x5c CMakeFiles/pico_lorawan_hello_abp.dir/__/__/lib/LoRaMac-node/src/apps/LoRaMac/common/LmHandler/packages/LmhpRemoteMcastSetup.c.obj
 .text.LmhpRemoteMcastSetupInit
                0x1000336c       0x44 CMakeFiles/pico_lorawan_hello_abp.dir/__/__/lib/LoRaMac-node/src/apps/LoRaMac/common/LmHandler/packages/LmhpRemoteMcastSetup.c.obj
 .text.OnSessionStopTimer
                0x100033b0       0x18 CMakeFiles/pico_lorawan_hello_abp.dir/__/__/lib/LoRaMac-node/src/apps/LoRaMac/common/LmHandler/packages/LmhpRemoteMcastSetup.c.obj
 .text.OnSessionStartTimer
                0x100033c8       0x18 CMakeFiles/pico_lorawan_hello_abp.dir/__/__/lib/LoRaMac-node/src/apps/LoRaMac/common/LmHandler/packages/LmhpRemoteMcastSetup.c.obj
 .text.LmhpRemoteMcastSetupPackageFactory
                0x100033e0        0x8 CMakeFiles/pico_lorawan_hello_abp.dir/__/__/lib/LoRaMac-node/src/apps/LoRaMac/common/LmHandler/packages/LmhpRemoteMcastSetup.c.obj
                0x100033e0                LmhpRemoteMcastSetupPackageFactory
 .text.rand1    0x100033e8       0x2c CMakeFiles/pico_lorawan_hello_abp.dir/__/__/lib/LoRaMac-node/src/boards/mcu/utilities.c.obj
                0x100033e8                rand1
 .text.srand1   0x10003414        0xc CMakeFiles/pico_lorawan_hello_abp.dir/__/__/lib/LoRaMac-node/src/boards/mcu/utilities.c.obj
                0x10003414                srand1
 .text.randr    0x10003420       0x16 CMakeFiles/pico_lorawan_hello_abp.dir/__/__/lib/LoRaMac-node/src/boards/mcu/utilities.c.obj
                0x10003420                randr
 .text.memcpy1  0x10003436       0x16 CMakeFiles/pico_lorawan_hello_abp.dir/__/__/lib/LoRaMac-node/src/boards/mcu/utilities.c.obj
                0x10003436                memcpy1
 .text.memcpyr  0x1000344c       0x1a CMakeFiles/pico_lorawan_hello_abp.dir/__/__/lib/LoRaMac-node/src/boards/mcu/utilities.c.obj
                0x1000344c                memcpyr
 .text.memset1  0x10003466       0x12 CMakeFiles/pico_lorawan_hello_abp.dir/__/__/lib/LoRaMac-node/src/boards/mcu/utilities.c.obj
                0x10003466                memset1
 .text.Crc32    0x10003478       0x40 CMakeFiles/pico_lorawan_hello_abp.dir/__/__/lib/LoRaMac-node/src/boards/mcu/utilities.c.obj
                0x10003478                Crc32
 .text.Crc32Init
                0x100034b8        0x6 CMakeFiles/pico_lorawan_hello_abp.dir/__/__/lib/LoRaMac-node/src/boards/mcu/utilities.c.obj
                0x100034b8                Crc32Init
 *fill*         0x100034be        0x2 
 .text.Crc32Update
                0x100034c0       0x38 CMakeFiles/pico_lorawan_hello_abp.dir/__/__/lib/LoRaMac-node/src/boards/mcu/utilities.c.obj
                0x100034c0                Crc32Update
 .text.Crc32Finalize
                0x100034f8        0x4 CMakeFiles/pico_lorawan_hello_abp.dir/__/__/lib/LoRaMac-node/src/boards/mcu/utilities.c.obj
                0x100034f8                Crc32Finalize
 .text.RegionIsActive
                0x100034fc        0xc CMakeFiles/pico_lorawan_hello_abp.dir/__/__/lib/LoRaMac-node/src/mac/region/Region.c.obj
                0x100034fc                RegionIsActive
 .text.RegionGetPhyParam
                0x10003508       0x78 CMakeFiles/pico_lorawan_hello_abp.dir/__/__/lib/LoRaMac-node/src/mac/region/Region.c.obj
                0x10003508                RegionGetPhyParam
 .text.RegionSetBandTxDone
                0x10003580       0x54 CMakeFiles/pico_lorawan_hello_abp.dir/__/__/lib/LoRaMac-node/src/mac/region/Region.c.obj
                0x10003580                RegionSetBandTxDone
 .text.RegionInitDefaults
                0x100035d4       0x54 CMakeFiles/pico_lorawan_hello_abp.dir/__/__/lib/LoRaMac-node/src/mac/region/Region.c.obj
                0x100035d4                RegionInitDefaults
 .text.RegionVerify
                0x10003628       0x58 CMakeFiles/pico_lorawan_hello_abp.dir/__/__/lib/LoRaMac-node/src/mac/region/Region.c.obj
                0x10003628                RegionVerify
 .text.RegionApplyCFList
                0x10003680       0x54 CMakeFiles/pico_lorawan_hello_abp.dir/__/__/lib/LoRaMac-node/src/mac/region/Region.c.obj
                0x10003680                RegionApplyCFList
 .text.RegionChanMaskSet
                0x100036d4       0x58 CMakeFiles/pico_lorawan_hello_abp.dir/__/__/lib/LoRaMac-node/src/mac/region/Region.c.obj
                0x100036d4                RegionChanMaskSet
 .text.RegionComputeRxWindowParameters
                0x1000372c       0x6c CMakeFiles/pico_lorawan_hello_abp.dir/__/__/lib/LoRaMac-node/src/mac/region/Region.c.obj
                0x1000372c                RegionComputeRxWindowParameters
 .text.RegionRxConfig
                0x10003798       0x58 CMakeFiles/pico_lorawan_hello_abp.dir/__/__/lib/LoRaMac-node/src/mac/region/Region.c.obj
                0x10003798                RegionRxConfig
 .text.RegionTxConfig
                0x100037f0       0x5c CMakeFiles/pico_lorawan_hello_abp.dir/__/__/lib/LoRaMac-node/src/mac/region/Region.c.obj
                0x100037f0                RegionTxConfig
 .text.RegionLinkAdrReq
                0x1000384c       0x9c CMakeFiles/pico_lorawan_hello_abp.dir/__/__/lib/LoRaMac-node/src/mac/region/Region.c.obj
                0x1000384c                RegionLinkAdrReq
 .text.RegionRxParamSetupReq
                0x100038e8       0x58 CMakeFiles/pico_lorawan_hello_abp.dir/__/__/lib/LoRaMac-node/src/mac/region/Region.c.obj
                0x100038e8                RegionRxParamSetupReq
 .text.RegionNewChannelReq
                0x10003940       0x58 CMakeFiles/pico_lorawan_hello_abp.dir/__/__/lib/LoRaMac-node/src/mac/region/Region.c.obj
                0x10003940                RegionNewChannelReq
 .text.RegionTxParamSetupReq
                0x10003998       0x58 CMakeFiles/pico_lorawan_hello_abp.dir/__/__/lib/LoRaMac-node/src/mac/region/Region.c.obj
                0x10003998                RegionTxParamSetupReq
 .text.RegionDlChannelReq
                0x100039f0       0x58 CMakeFiles/pico_lorawan_hello_abp.dir/__/__/lib/LoRaMac-node/src/mac/region/Region.c.obj
                0x100039f0                RegionDlChannelReq
 .text.RegionAlternateDr
                0x10003a48       0x58 CMakeFiles/pico_lorawan_hello_abp.dir/__/__/lib/LoRaMac-node/src/mac/region/Region.c.obj
                0x10003a48                RegionAlternateDr
 .text.RegionNextChannel
                0x10003aa0       0x70 CMakeFiles/pico_lorawan_hello_abp.dir/__/__/lib/LoRaMac-node/src/mac/region/Region.c.obj
                0x10003aa0                RegionNextChannel
 .text.RegionApplyDrOffset
                0x10003b10       0x5c CMakeFiles/pico_lorawan_hello_abp.dir/__/__/lib/LoRaMac-node/src/mac/region/Region.c.obj
                0x10003b10                RegionApplyDrOffset
 .text.RegionGetVersion
                0x10003b6c        0x8 CMakeFiles/pico_lorawan_hello_abp.dir/__/__/lib/LoRaMac-node/src/mac/region/Region.c.obj
                0x10003b6c                RegionGetVersion
 .text.VerifyRfFreq
                0x10003b74       0x2c CMakeFiles/pico_lorawan_hello_abp.dir/__/__/lib/LoRaMac-node/src/mac/region/RegionAS923.c.obj
 .text.GetTimeOnAir
                0x10003ba0       0x6c CMakeFiles/pico_lorawan_hello_abp.dir/__/__/lib/LoRaMac-node/src/mac/region/RegionAS923.c.obj
 .text.RegionAS923GetPhyParam
                0x10003c0c      0x194 CMakeFiles/pico_lorawan_hello_abp.dir/__/__/lib/LoRaMac-node/src/mac/region/RegionAS923.c.obj
                0x10003c0c                RegionAS923GetPhyParam
 .text.RegionAS923SetBandTxDone
                0x10003da0       0x3c CMakeFiles/pico_lorawan_hello_abp.dir/__/__/lib/LoRaMac-node/src/mac/region/RegionAS923.c.obj
                0x10003da0                RegionAS923SetBandTxDone
 .text.RegionAS923InitDefaults
                0x10003ddc       0xb0 CMakeFiles/pico_lorawan_hello_abp.dir/__/__/lib/LoRaMac-node/src/mac/region/RegionAS923.c.obj
                0x10003ddc                RegionAS923InitDefaults
 .text.RegionAS923Verify
                0x10003e8c       0xa4 CMakeFiles/pico_lorawan_hello_abp.dir/__/__/lib/LoRaMac-node/src/mac/region/RegionAS923.c.obj
                0x10003e8c                RegionAS923Verify
 .text.RegionAS923ChanMaskSet
                0x10003f30       0x48 CMakeFiles/pico_lorawan_hello_abp.dir/__/__/lib/LoRaMac-node/src/mac/region/RegionAS923.c.obj
                0x10003f30                RegionAS923ChanMaskSet
 .text.RegionAS923ComputeRxWindowParameters
                0x10003f78       0x70 CMakeFiles/pico_lorawan_hello_abp.dir/__/__/lib/LoRaMac-node/src/mac/region/RegionAS923.c.obj
                0x10003f78                RegionAS923ComputeRxWindowParameters
 .text.RegionAS923RxConfig
                0x10003fe8       0xf8 CMakeFiles/pico_lorawan_hello_abp.dir/__/__/lib/LoRaMac-node/src/mac/region/RegionAS923.c.obj
                0x10003fe8                RegionAS923RxConfig
 .text.RegionAS923TxConfig
                0x100040e0      0x124 CMakeFiles/pico_lorawan_hello_abp.dir/__/__/lib/LoRaMac-node/src/mac/region/RegionAS923.c.obj
                0x100040e0                RegionAS923TxConfig
 .text.RegionAS923LinkAdrReq
                0x10004204      0x190 CMakeFiles/pico_lorawan_hello_abp.dir/__/__/lib/LoRaMac-node/src/mac/region/RegionAS923.c.obj
                0x10004204                RegionAS923LinkAdrReq
 .text.RegionAS923RxParamSetupReq
                0x10004394       0x40 CMakeFiles/pico_lorawan_hello_abp.dir/__/__/lib/LoRaMac-node/src/mac/region/RegionAS923.c.obj
                0x10004394                RegionAS923RxParamSetupReq
 .text.RegionAS923TxParamSetupReq
                0x100043d4        0x4 CMakeFiles/pico_lorawan_hello_abp.dir/__/__/lib/LoRaMac-node/src/mac/region/RegionAS923.c.obj
                0x100043d4                RegionAS923TxParamSetupReq
 .text.RegionAS923DlChannelReq
                0x100043d8       0x44 CMakeFiles/pico_lorawan_hello_abp.dir/__/__/lib/LoRaMac-node/src/mac/region/RegionAS923.c.obj
                0x100043d8                RegionAS923DlChannelReq
 .text.RegionAS923AlternateDr
                0x1000441c        0x4 CMakeFiles/pico_lorawan_hello_abp.dir/__/__/lib/LoRaMac-node/src/mac/region/RegionAS923.c.obj
                0x1000441c                RegionAS923AlternateDr
 .text.RegionAS923NextChannel
                0x10004420      0x120 CMakeFiles/pico_lorawan_hello_abp.dir/__/__/lib/LoRaMac-node/src/mac/region/RegionAS923.c.obj
                0x10004420                RegionAS923NextChannel
 .text.RegionAS923ChannelAdd
                0x10004540       0xc0 CMakeFiles/pico_lorawan_hello_abp.dir/__/__/lib/LoRaMac-node/src/mac/region/RegionAS923.c.obj
                0x10004540                RegionAS923ChannelAdd
 .text.RegionAS923ChannelsRemove
                0x10004600       0x34 CMakeFiles/pico_lorawan_hello_abp.dir/__/__/lib/LoRaMac-node/src/mac/region/RegionAS923.c.obj
                0x10004600                RegionAS923ChannelsRemove
 .text.RegionAS923ApplyCFList
                0x10004634       0x7e CMakeFiles/pico_lorawan_hello_abp.dir/__/__/lib/LoRaMac-node/src/mac/region/RegionAS923.c.obj
                0x10004634                RegionAS923ApplyCFList
 .text.RegionAS923NewChannelReq
                0x100046b2       0x56 CMakeFiles/pico_lorawan_hello_abp.dir/__/__/lib/LoRaMac-node/src/mac/region/RegionAS923.c.obj
                0x100046b2                RegionAS923NewChannelReq
 .text.RegionAS923ApplyDrOffset
                0x10004708       0x24 CMakeFiles/pico_lorawan_hello_abp.dir/__/__/lib/LoRaMac-node/src/mac/region/RegionAS923.c.obj
                0x10004708                RegionAS923ApplyDrOffset
 .text.VerifyRfFreq
                0x1000472c       0x54 CMakeFiles/pico_lorawan_hello_abp.dir/__/__/lib/LoRaMac-node/src/mac/region/RegionAU915.c.obj
 .text.GetTimeOnAir
                0x10004780       0x40 CMakeFiles/pico_lorawan_hello_abp.dir/__/__/lib/LoRaMac-node/src/mac/region/RegionAU915.c.obj
 .text.RegionAU915GetPhyParam
                0x100047c0      0x1bc CMakeFiles/pico_lorawan_hello_abp.dir/__/__/lib/LoRaMac-node/src/mac/region/RegionAU915.c.obj
                0x100047c0                RegionAU915GetPhyParam
 .text.RegionAU915SetBandTxDone
                0x1000497c       0x3c CMakeFiles/pico_lorawan_hello_abp.dir/__/__/lib/LoRaMac-node/src/mac/region/RegionAU915.c.obj
                0x1000497c                RegionAU915SetBandTxDone
 .text.RegionAU915InitDefaults
                0x100049b8      0x168 CMakeFiles/pico_lorawan_hello_abp.dir/__/__/lib/LoRaMac-node/src/mac/region/RegionAU915.c.obj
                0x100049b8                RegionAU915InitDefaults
 .text.RegionAU915Verify
                0x10004b20       0x9c CMakeFiles/pico_lorawan_hello_abp.dir/__/__/lib/LoRaMac-node/src/mac/region/RegionAU915.c.obj
                0x10004b20                RegionAU915Verify
 .text.RegionAU915ApplyCFList
                0x10004bbc       0x78 CMakeFiles/pico_lorawan_hello_abp.dir/__/__/lib/LoRaMac-node/src/mac/region/RegionAU915.c.obj
                0x10004bbc                RegionAU915ApplyCFList
 .text.RegionAU915ChanMaskSet
                0x10004c34       0x8c CMakeFiles/pico_lorawan_hello_abp.dir/__/__/lib/LoRaMac-node/src/mac/region/RegionAU915.c.obj
                0x10004c34                RegionAU915ChanMaskSet
 .text.RegionAU915ComputeRxWindowParameters
                0x10004cc0       0x60 CMakeFiles/pico_lorawan_hello_abp.dir/__/__/lib/LoRaMac-node/src/mac/region/RegionAU915.c.obj
                0x10004cc0                RegionAU915ComputeRxWindowParameters
 .text.RegionAU915RxConfig
                0x10004d20       0xa0 CMakeFiles/pico_lorawan_hello_abp.dir/__/__/lib/LoRaMac-node/src/mac/region/RegionAU915.c.obj
                0x10004d20                RegionAU915RxConfig
 .text.RegionAU915TxConfig
                0x10004dc0       0xe0 CMakeFiles/pico_lorawan_hello_abp.dir/__/__/lib/LoRaMac-node/src/mac/region/RegionAU915.c.obj
                0x10004dc0                RegionAU915TxConfig
 .text.RegionAU915LinkAdrReq
                0x10004ea0      0x29c CMakeFiles/pico_lorawan_hello_abp.dir/__/__/lib/LoRaMac-node/src/mac/region/RegionAU915.c.obj
                0x10004ea0                RegionAU915LinkAdrReq
 .text.RegionAU915RxParamSetupReq
                0x1000513c       0x50 CMakeFiles/pico_lorawan_hello_abp.dir/__/__/lib/LoRaMac-node/src/mac/region/RegionAU915.c.obj
                0x1000513c                RegionAU915RxParamSetupReq
 .text.RegionAU915NewChannelReq
                0x1000518c        0x6 CMakeFiles/pico_lorawan_hello_abp.dir/__/__/lib/LoRaMac-node/src/mac/region/RegionAU915.c.obj
                0x1000518c                RegionAU915NewChannelReq
 .text.RegionAU915TxParamSetupReq
                0x10005192        0x4 CMakeFiles/pico_lorawan_hello_abp.dir/__/__/lib/LoRaMac-node/src/mac/region/RegionAU915.c.obj
                0x10005192                RegionAU915TxParamSetupReq
 .text.RegionAU915DlChannelReq
                0x10005196        0x6 CMakeFiles/pico_lorawan_hello_abp.dir/__/__/lib/LoRaMac-node/src/mac/region/RegionAU915.c.obj
                0x10005196                RegionAU915DlChannelReq
 .text.RegionAU915AlternateDr
                0x1000519c       0x40 CMakeFiles/pico_lorawan_hello_abp.dir/__/__/lib/LoRaMac-node/src/mac/region/RegionAU915.c.obj
                0x1000519c                RegionAU915AlternateDr
 .text.RegionAU915NextChannel
                0x100051dc      0x16c CMakeFiles/pico_lorawan_hello_abp.dir/__/__/lib/LoRaMac-node/src/mac/region/RegionAU915.c.obj
                0x100051dc                RegionAU915NextChannel
 .text.RegionAU915ApplyDrOffset
                0x10005348       0x28 CMakeFiles/pico_lorawan_hello_abp.dir/__/__/lib/LoRaMac-node/src/mac/region/RegionAU915.c.obj
                0x10005348                RegionAU915ApplyDrOffset
 .text.FindAvailable125kHzChannels
                0x10005370       0x38 CMakeFiles/pico_lorawan_hello_abp.dir/__/__/lib/LoRaMac-node/src/mac/region/RegionBaseUS.c.obj
 .text.RegionBaseUSComputeNext125kHzJoinChannel
                0x100053a8       0x9c CMakeFiles/pico_lorawan_hello_abp.dir/__/__/lib/LoRaMac-node/src/mac/region/RegionBaseUS.c.obj
                0x100053a8                RegionBaseUSComputeNext125kHzJoinChannel
 .text.RegionBaseUSVerifyFrequencyGroup
                0x10005444       0x26 CMakeFiles/pico_lorawan_hello_abp.dir/__/__/lib/LoRaMac-node/src/mac/region/RegionBaseUS.c.obj
                0x10005444                RegionBaseUSVerifyFrequencyGroup
 .text.RegionBaseUSCalcDownlinkFrequency
                0x1000546a        0x6 CMakeFiles/pico_lorawan_hello_abp.dir/__/__/lib/LoRaMac-node/src/mac/region/RegionBaseUS.c.obj
                0x1000546a                RegionBaseUSCalcDownlinkFrequency
 .text.ApplyChannelPlanConfig
                0x10005470      0x17c CMakeFiles/pico_lorawan_hello_abp.dir/__/__/lib/LoRaMac-node/src/mac/region/RegionCN470.c.obj
 .text.IdentifyChannelPlan
                0x100055ec       0x34 CMakeFiles/pico_lorawan_hello_abp.dir/__/__/lib/LoRaMac-node/src/mac/region/RegionCN470.c.obj
 .text.VerifyRfFreq
                0x10005620       0x20 CMakeFiles/pico_lorawan_hello_abp.dir/__/__/lib/LoRaMac-node/src/mac/region/RegionCN470.c.obj
 .text.GetTimeOnAir
                0x10005640       0x40 CMakeFiles/pico_lorawan_hello_abp.dir/__/__/lib/LoRaMac-node/src/mac/region/RegionCN470.c.obj
 .text.RegionCN470GetPhyParam
                0x10005680      0x21c CMakeFiles/pico_lorawan_hello_abp.dir/__/__/lib/LoRaMac-node/src/mac/region/RegionCN470.c.obj
                0x10005680                RegionCN470GetPhyParam
 .text.RegionCN470SetBandTxDone
                0x1000589c       0x3c CMakeFiles/pico_lorawan_hello_abp.dir/__/__/lib/LoRaMac-node/src/mac/region/RegionCN470.c.obj
                0x1000589c                RegionCN470SetBandTxDone
 .text.RegionCN470InitDefaults
                0x100058d8      0x10c CMakeFiles/pico_lorawan_hello_abp.dir/__/__/lib/LoRaMac-node/src/mac/region/RegionCN470.c.obj
                0x100058d8                RegionCN470InitDefaults
 .text.RegionCN470Verify
                0x100059e4       0x68 CMakeFiles/pico_lorawan_hello_abp.dir/__/__/lib/LoRaMac-node/src/mac/region/RegionCN470.c.obj
                0x100059e4                RegionCN470Verify
 .text.RegionCN470ApplyCFList
                0x10005a4c       0x9c CMakeFiles/pico_lorawan_hello_abp.dir/__/__/lib/LoRaMac-node/src/mac/region/RegionCN470.c.obj
                0x10005a4c                RegionCN470ApplyCFList
 .text.RegionCN470ChanMaskSet
                0x10005ae8       0x74 CMakeFiles/pico_lorawan_hello_abp.dir/__/__/lib/LoRaMac-node/src/mac/region/RegionCN470.c.obj
                0x10005ae8                RegionCN470ChanMaskSet
 .text.RegionCN470ComputeRxWindowParameters
                0x10005b5c       0x60 CMakeFiles/pico_lorawan_hello_abp.dir/__/__/lib/LoRaMac-node/src/mac/region/RegionCN470.c.obj
                0x10005b5c                RegionCN470ComputeRxWindowParameters
 .text.RegionCN470RxConfig
                0x10005bbc       0xd4 CMakeFiles/pico_lorawan_hello_abp.dir/__/__/lib/LoRaMac-node/src/mac/region/RegionCN470.c.obj
                0x10005bbc                RegionCN470RxConfig
 .text.RegionCN470TxConfig
                0x10005c90      0x120 CMakeFiles/pico_lorawan_hello_abp.dir/__/__/lib/LoRaMac-node/src/mac/region/RegionCN470.c.obj
                0x10005c90                RegionCN470TxConfig
 .text.RegionCN470LinkAdrReq
                0x10005db0      0x1a8 CMakeFiles/pico_lorawan_hello_abp.dir/__/__/lib/LoRaMac-node/src/mac/region/RegionCN470.c.obj
                0x10005db0                RegionCN470LinkAdrReq
 .text.RegionCN470RxParamSetupReq
                0x10005f58       0x40 CMakeFiles/pico_lorawan_hello_abp.dir/__/__/lib/LoRaMac-node/src/mac/region/RegionCN470.c.obj
                0x10005f58                RegionCN470RxParamSetupReq
 .text.RegionCN470NewChannelReq
                0x10005f98        0x6 CMakeFiles/pico_lorawan_hello_abp.dir/__/__/lib/LoRaMac-node/src/mac/region/RegionCN470.c.obj
                0x10005f98                RegionCN470NewChannelReq
 .text.RegionCN470TxParamSetupReq
                0x10005f9e        0x6 CMakeFiles/pico_lorawan_hello_abp.dir/__/__/lib/LoRaMac-node/src/mac/region/RegionCN470.c.obj
                0x10005f9e                RegionCN470TxParamSetupReq
 .text.RegionCN470DlChannelReq
                0x10005fa4        0x6 CMakeFiles/pico_lorawan_hello_abp.dir/__/__/lib/LoRaMac-node/src/mac/region/RegionCN470.c.obj
                0x10005fa4                RegionCN470DlChannelReq
 .text.RegionCN470AlternateDr
                0x10005faa        0x2 CMakeFiles/pico_lorawan_hello_abp.dir/__/__/lib/LoRaMac-node/src/mac/region/RegionCN470.c.obj
                0x10005faa                RegionCN470AlternateDr
 .text.RegionCN470NextChannel
                0x10005fac      0x160 CMakeFiles/pico_lorawan_hello_abp.dir/__/__/lib/LoRaMac-node/src/mac/region/RegionCN470.c.obj
                0x10005fac                RegionCN470NextChannel
 .text.RegionCN470ApplyDrOffset
                0x1000610c       0x20 CMakeFiles/pico_lorawan_hello_abp.dir/__/__/lib/LoRaMac-node/src/mac/region/RegionCN470.c.obj
                0x1000610c                RegionCN470ApplyDrOffset
 .text.RegionCN470A20GetBeaconChannelOffset
                0x1000612c        0x6 CMakeFiles/pico_lorawan_hello_abp.dir/__/__/lib/LoRaMac-node/src/mac/region/RegionCN470A20.c.obj
                0x1000612c                RegionCN470A20GetBeaconChannelOffset
 .text.RegionCN470A20LinkAdrChMaskUpdate
                0x10006132       0x72 CMakeFiles/pico_lorawan_hello_abp.dir/__/__/lib/LoRaMac-node/src/mac/region/RegionCN470A20.c.obj
                0x10006132                RegionCN470A20LinkAdrChMaskUpdate
 .text.RegionCN470A20VerifyRfFreq
                0x100061a4       0x1c CMakeFiles/pico_lorawan_hello_abp.dir/__/__/lib/LoRaMac-node/src/mac/region/RegionCN470A20.c.obj
                0x100061a4                RegionCN470A20VerifyRfFreq
 .text.RegionCN470A20InitializeChannels
                0x100061c0       0x64 CMakeFiles/pico_lorawan_hello_abp.dir/__/__/lib/LoRaMac-node/src/mac/region/RegionCN470A20.c.obj
                0x100061c0                RegionCN470A20InitializeChannels
 .text.RegionCN470A20InitializeChannelsMask
                0x10006224       0x14 CMakeFiles/pico_lorawan_hello_abp.dir/__/__/lib/LoRaMac-node/src/mac/region/RegionCN470A20.c.obj
                0x10006224                RegionCN470A20InitializeChannelsMask
 .text.RegionCN470A20GetRx1Frequency
                0x10006238       0x24 CMakeFiles/pico_lorawan_hello_abp.dir/__/__/lib/LoRaMac-node/src/mac/region/RegionCN470A20.c.obj
                0x10006238                RegionCN470A20GetRx1Frequency
 .text.RegionCN470A20GetDownlinkFrequency
                0x1000625c        0x8 CMakeFiles/pico_lorawan_hello_abp.dir/__/__/lib/LoRaMac-node/src/mac/region/RegionCN470A20.c.obj
                0x1000625c                RegionCN470A20GetDownlinkFrequency
 .text.RegionCN470A20GetRx2Frequency
                0x10006264       0x30 CMakeFiles/pico_lorawan_hello_abp.dir/__/__/lib/LoRaMac-node/src/mac/region/RegionCN470A20.c.obj
                0x10006264                RegionCN470A20GetRx2Frequency
 .text.RegionCN470A26GetDownlinkFrequency
                0x10006294        0x8 CMakeFiles/pico_lorawan_hello_abp.dir/__/__/lib/LoRaMac-node/src/mac/region/RegionCN470A26.c.obj
                0x10006294                RegionCN470A26GetDownlinkFrequency
 .text.RegionCN470A26GetBeaconChannelOffset
                0x1000629c        0x4 CMakeFiles/pico_lorawan_hello_abp.dir/__/__/lib/LoRaMac-node/src/mac/region/RegionCN470A26.c.obj
                0x1000629c                RegionCN470A26GetBeaconChannelOffset
 .text.RegionCN470A26LinkAdrChMaskUpdate
                0x100062a0       0x72 CMakeFiles/pico_lorawan_hello_abp.dir/__/__/lib/LoRaMac-node/src/mac/region/RegionCN470A26.c.obj
                0x100062a0                RegionCN470A26LinkAdrChMaskUpdate
 *fill*         0x10006312        0x2 
 .text.RegionCN470A26VerifyRfFreq
                0x10006314       0x1c CMakeFiles/pico_lorawan_hello_abp.dir/__/__/lib/LoRaMac-node/src/mac/region/RegionCN470A26.c.obj
                0x10006314                RegionCN470A26VerifyRfFreq
 .text.RegionCN470A26InitializeChannels
                0x10006330       0x34 CMakeFiles/pico_lorawan_hello_abp.dir/__/__/lib/LoRaMac-node/src/mac/region/RegionCN470A26.c.obj
                0x10006330                RegionCN470A26InitializeChannels
 .text.RegionCN470A26InitializeChannelsMask
                0x10006364       0x14 CMakeFiles/pico_lorawan_hello_abp.dir/__/__/lib/LoRaMac-node/src/mac/region/RegionCN470A26.c.obj
                0x10006364                RegionCN470A26InitializeChannelsMask
 .text.RegionCN470A26GetRx1Frequency
                0x10006378       0x20 CMakeFiles/pico_lorawan_hello_abp.dir/__/__/lib/LoRaMac-node/src/mac/region/RegionCN470A26.c.obj
                0x10006378                RegionCN470A26GetRx1Frequency
 .text.RegionCN470A26GetRx2Frequency
                0x10006398        0x8 CMakeFiles/pico_lorawan_hello_abp.dir/__/__/lib/LoRaMac-node/src/mac/region/RegionCN470A26.c.obj
                0x10006398                RegionCN470A26GetRx2Frequency
 .text.RegionCN470B20GetBeaconChannelOffset
                0x100063a0        0x8 CMakeFiles/pico_lorawan_hello_abp.dir/__/__/lib/LoRaMac-node/src/mac/region/RegionCN470B20.c.obj
                0x100063a0                RegionCN470B20GetBeaconChannelOffset
 .text.RegionCN470B20LinkAdrChMaskUpdate
                0x100063a8        0x8 CMakeFiles/pico_lorawan_hello_abp.dir/__/__/lib/LoRaMac-node/src/mac/region/RegionCN470B20.c.obj
                0x100063a8                RegionCN470B20LinkAdrChMaskUpdate
 .text.RegionCN470B20VerifyRfFreq
                0x100063b0       0x3c CMakeFiles/pico_lorawan_hello_abp.dir/__/__/lib/LoRaMac-node/src/mac/region/RegionCN470B20.c.obj
                0x100063b0                RegionCN470B20VerifyRfFreq
 .text.RegionCN470B20InitializeChannels
                0x100063ec       0x64 CMakeFiles/pico_lorawan_hello_abp.dir/__/__/lib/LoRaMac-node/src/mac/region/RegionCN470B20.c.obj
                0x100063ec                RegionCN470B20InitializeChannels
 .text.RegionCN470B20InitializeChannelsMask
                0x10006450        0x8 CMakeFiles/pico_lorawan_hello_abp.dir/__/__/lib/LoRaMac-node/src/mac/region/RegionCN470B20.c.obj
                0x10006450                RegionCN470B20InitializeChannelsMask
 .text.RegionCN470B20GetRx1Frequency
                0x10006458       0x24 CMakeFiles/pico_lorawan_hello_abp.dir/__/__/lib/LoRaMac-node/src/mac/region/RegionCN470B20.c.obj
                0x10006458                RegionCN470B20GetRx1Frequency
 .text.RegionCN470B20GetDownlinkFrequency
                0x1000647c       0x20 CMakeFiles/pico_lorawan_hello_abp.dir/__/__/lib/LoRaMac-node/src/mac/region/RegionCN470B20.c.obj
                0x1000647c                RegionCN470B20GetDownlinkFrequency
 .text.RegionCN470B20GetRx2Frequency
                0x1000649c       0x28 CMakeFiles/pico_lorawan_hello_abp.dir/__/__/lib/LoRaMac-node/src/mac/region/RegionCN470B20.c.obj
                0x1000649c                RegionCN470B20GetRx2Frequency
 .text.RegionCN470B26GetDownlinkFrequency
                0x100064c4        0x8 CMakeFiles/pico_lorawan_hello_abp.dir/__/__/lib/LoRaMac-node/src/mac/region/RegionCN470B26.c.obj
                0x100064c4                RegionCN470B26GetDownlinkFrequency
 .text.RegionCN470B26GetBeaconChannelOffset
                0x100064cc        0x4 CMakeFiles/pico_lorawan_hello_abp.dir/__/__/lib/LoRaMac-node/src/mac/region/RegionCN470B26.c.obj
                0x100064cc                RegionCN470B26GetBeaconChannelOffset
 .text.RegionCN470B26LinkAdrChMaskUpdate
                0x100064d0        0x8 CMakeFiles/pico_lorawan_hello_abp.dir/__/__/lib/LoRaMac-node/src/mac/region/RegionCN470B26.c.obj
                0x100064d0                RegionCN470B26LinkAdrChMaskUpdate
 .text.RegionCN470B26VerifyRfFreq
                0x100064d8       0x1c CMakeFiles/pico_lorawan_hello_abp.dir/__/__/lib/LoRaMac-node/src/mac/region/RegionCN470B26.c.obj
                0x100064d8                RegionCN470B26VerifyRfFreq
 .text.RegionCN470B26InitializeChannels
                0x100064f4       0x34 CMakeFiles/pico_lorawan_hello_abp.dir/__/__/lib/LoRaMac-node/src/mac/region/RegionCN470B26.c.obj
                0x100064f4                RegionCN470B26InitializeChannels
 .text.RegionCN470B26InitializeChannelsMask
                0x10006528        0x8 CMakeFiles/pico_lorawan_hello_abp.dir/__/__/lib/LoRaMac-node/src/mac/region/RegionCN470B26.c.obj
                0x10006528                RegionCN470B26InitializeChannelsMask
 .text.RegionCN470B26GetRx1Frequency
                0x10006530       0x20 CMakeFiles/pico_lorawan_hello_abp.dir/__/__/lib/LoRaMac-node/src/mac/region/RegionCN470B26.c.obj
                0x10006530                RegionCN470B26GetRx1Frequency
 .text.RegionCN470B26GetRx2Frequency
                0x10006550        0x8 CMakeFiles/pico_lorawan_hello_abp.dir/__/__/lib/LoRaMac-node/src/mac/region/RegionCN470B26.c.obj
                0x10006550                RegionCN470B26GetRx2Frequency
 .text.VerifyRfFreq
                0x10006558       0x2c CMakeFiles/pico_lorawan_hello_abp.dir/__/__/lib/LoRaMac-node/src/mac/region/RegionCN779.c.obj
 .text.GetTimeOnAir
                0x10006584       0x6c CMakeFiles/pico_lorawan_hello_abp.dir/__/__/lib/LoRaMac-node/src/mac/region/RegionCN779.c.obj
 .text.RegionCN779GetPhyParam
                0x100065f0      0x158 CMakeFiles/pico_lorawan_hello_abp.dir/__/__/lib/LoRaMac-node/src/mac/region/RegionCN779.c.obj
                0x100065f0                RegionCN779GetPhyParam
 .text.RegionCN779SetBandTxDone
                0x10006748       0x3c CMakeFiles/pico_lorawan_hello_abp.dir/__/__/lib/LoRaMac-node/src/mac/region/RegionCN779.c.obj
                0x10006748                RegionCN779SetBandTxDone
 .text.RegionCN779InitDefaults
                0x10006784       0xc0 CMakeFiles/pico_lorawan_hello_abp.dir/__/__/lib/LoRaMac-node/src/mac/region/RegionCN779.c.obj
                0x10006784                RegionCN779InitDefaults
 .text.RegionCN779Verify
                0x10006844       0x74 CMakeFiles/pico_lorawan_hello_abp.dir/__/__/lib/LoRaMac-node/src/mac/region/RegionCN779.c.obj
                0x10006844                RegionCN779Verify
 .text.RegionCN779ChanMaskSet
                0x100068b8       0x48 CMakeFiles/pico_lorawan_hello_abp.dir/__/__/lib/LoRaMac-node/src/mac/region/RegionCN779.c.obj
                0x100068b8                RegionCN779ChanMaskSet
 .text.RegionCN779ComputeRxWindowParameters
                0x10006900       0x70 CMakeFiles/pico_lorawan_hello_abp.dir/__/__/lib/LoRaMac-node/src/mac/region/RegionCN779.c.obj
                0x10006900                RegionCN779ComputeRxWindowParameters
 .text.RegionCN779RxConfig
                0x10006970       0xf8 CMakeFiles/pico_lorawan_hello_abp.dir/__/__/lib/LoRaMac-node/src/mac/region/RegionCN779.c.obj
                0x10006970                RegionCN779RxConfig
 .text.RegionCN779TxConfig
                0x10006a68      0x124 CMakeFiles/pico_lorawan_hello_abp.dir/__/__/lib/LoRaMac-node/src/mac/region/RegionCN779.c.obj
                0x10006a68                RegionCN779TxConfig
 .text.RegionCN779LinkAdrReq
                0x10006b8c      0x190 CMakeFiles/pico_lorawan_hello_abp.dir/__/__/lib/LoRaMac-node/src/mac/region/RegionCN779.c.obj
                0x10006b8c                RegionCN779LinkAdrReq
 .text.RegionCN779RxParamSetupReq
                0x10006d1c       0x40 CMakeFiles/pico_lorawan_hello_abp.dir/__/__/lib/LoRaMac-node/src/mac/region/RegionCN779.c.obj
                0x10006d1c                RegionCN779RxParamSetupReq
 .text.RegionCN779TxParamSetupReq
                0x10006d5c        0x6 CMakeFiles/pico_lorawan_hello_abp.dir/__/__/lib/LoRaMac-node/src/mac/region/RegionCN779.c.obj
                0x10006d5c                RegionCN779TxParamSetupReq
 *fill*         0x10006d62        0x2 
 .text.RegionCN779DlChannelReq
                0x10006d64       0x44 CMakeFiles/pico_lorawan_hello_abp.dir/__/__/lib/LoRaMac-node/src/mac/region/RegionCN779.c.obj
                0x10006d64                RegionCN779DlChannelReq
 .text.RegionCN779AlternateDr
                0x10006da8        0x2 CMakeFiles/pico_lorawan_hello_abp.dir/__/__/lib/LoRaMac-node/src/mac/region/RegionCN779.c.obj
                0x10006da8                RegionCN779AlternateDr
 *fill*         0x10006daa        0x2 
 .text.RegionCN779NextChannel
                0x10006dac      0x120 CMakeFiles/pico_lorawan_hello_abp.dir/__/__/lib/LoRaMac-node/src/mac/region/RegionCN779.c.obj
                0x10006dac                RegionCN779NextChannel
 .text.RegionCN779ChannelAdd
                0x10006ecc       0xc0 CMakeFiles/pico_lorawan_hello_abp.dir/__/__/lib/LoRaMac-node/src/mac/region/RegionCN779.c.obj
                0x10006ecc                RegionCN779ChannelAdd
 .text.RegionCN779ChannelsRemove
                0x10006f8c       0x34 CMakeFiles/pico_lorawan_hello_abp.dir/__/__/lib/LoRaMac-node/src/mac/region/RegionCN779.c.obj
                0x10006f8c                RegionCN779ChannelsRemove
 .text.RegionCN779ApplyCFList
                0x10006fc0       0x7e CMakeFiles/pico_lorawan_hello_abp.dir/__/__/lib/LoRaMac-node/src/mac/region/RegionCN779.c.obj
                0x10006fc0                RegionCN779ApplyCFList
 .text.RegionCN779NewChannelReq
                0x1000703e       0x56 CMakeFiles/pico_lorawan_hello_abp.dir/__/__/lib/LoRaMac-node/src/mac/region/RegionCN779.c.obj
                0x1000703e                RegionCN779NewChannelReq
 .text.RegionCN779ApplyDrOffset
                0x10007094       0x10 CMakeFiles/pico_lorawan_hello_abp.dir/__/__/lib/LoRaMac-node/src/mac/region/RegionCN779.c.obj
                0x10007094                RegionCN779ApplyDrOffset
 .text.GetDutyCycle
                0x100070a4       0x44 CMakeFiles/pico_lorawan_hello_abp.dir/__/__/lib/LoRaMac-node/src/mac/region/RegionCommon.c.obj
 .text.CountChannels
                0x100070e8       0x26 CMakeFiles/pico_lorawan_hello_abp.dir/__/__/lib/LoRaMac-node/src/mac/region/RegionCommon.c.obj
 *fill*         0x1000710e        0x2 
 .text.SetMaxTimeCredits
                0x10007110      0x114 CMakeFiles/pico_lorawan_hello_abp.dir/__/__/lib/LoRaMac-node/src/mac/region/RegionCommon.c.obj
 .text.UpdateTimeCredits
                0x10007224       0x3e CMakeFiles/pico_lorawan_hello_abp.dir/__/__/lib/LoRaMac-node/src/mac/region/RegionCommon.c.obj
 .text.RegionCommonValueInRange
                0x10007262       0x14 CMakeFiles/pico_lorawan_hello_abp.dir/__/__/lib/LoRaMac-node/src/mac/region/RegionCommon.c.obj
                0x10007262                RegionCommonValueInRange
 .text.RegionCommonChanVerifyDr
                0x10007276       0x88 CMakeFiles/pico_lorawan_hello_abp.dir/__/__/lib/LoRaMac-node/src/mac/region/RegionCommon.c.obj
                0x10007276                RegionCommonChanVerifyDr
 .text.RegionCommonChanDisable
                0x100072fe       0x2a CMakeFiles/pico_lorawan_hello_abp.dir/__/__/lib/LoRaMac-node/src/mac/region/RegionCommon.c.obj
                0x100072fe                RegionCommonChanDisable
 .text.RegionCommonCountChannels
                0x10007328       0x2e CMakeFiles/pico_lorawan_hello_abp.dir/__/__/lib/LoRaMac-node/src/mac/region/RegionCommon.c.obj
                0x10007328                RegionCommonCountChannels
 .text.RegionCommonChanMaskCopy
                0x10007356       0x1e CMakeFiles/pico_lorawan_hello_abp.dir/__/__/lib/LoRaMac-node/src/mac/region/RegionCommon.c.obj
                0x10007356                RegionCommonChanMaskCopy
 .text.RegionCommonSetBandTxDone
                0x10007374       0x2e CMakeFiles/pico_lorawan_hello_abp.dir/__/__/lib/LoRaMac-node/src/mac/region/RegionCommon.c.obj
                0x10007374                RegionCommonSetBandTxDone
 *fill*         0x100073a2        0x2 
 .text.RegionCommonUpdateBandTimeOff
                0x100073a4      0x12c CMakeFiles/pico_lorawan_hello_abp.dir/__/__/lib/LoRaMac-node/src/mac/region/RegionCommon.c.obj
                0x100073a4                RegionCommonUpdateBandTimeOff
 .text.RegionCommonParseLinkAdrReq
                0x100074d0       0x3e CMakeFiles/pico_lorawan_hello_abp.dir/__/__/lib/LoRaMac-node/src/mac/region/RegionCommon.c.obj
                0x100074d0                RegionCommonParseLinkAdrReq
 .text.RegionCommonLinkAdrReqVerifyParams
                0x1000750e       0xc2 CMakeFiles/pico_lorawan_hello_abp.dir/__/__/lib/LoRaMac-node/src/mac/region/RegionCommon.c.obj
                0x1000750e                RegionCommonLinkAdrReqVerifyParams
 .text.RegionCommonComputeSymbolTimeLoRa
                0x100075d0       0x14 CMakeFiles/pico_lorawan_hello_abp.dir/__/__/lib/LoRaMac-node/src/mac/region/RegionCommon.c.obj
                0x100075d0                RegionCommonComputeSymbolTimeLoRa
 .text.RegionCommonComputeSymbolTimeFsk
                0x100075e4        0xe CMakeFiles/pico_lorawan_hello_abp.dir/__/__/lib/LoRaMac-node/src/mac/region/RegionCommon.c.obj
                0x100075e4                RegionCommonComputeSymbolTimeFsk
 *fill*         0x100075f2        0x2 
 .text.RegionCommonComputeRxWindowParameters
                0x100075f4       0x7c CMakeFiles/pico_lorawan_hello_abp.dir/__/__/lib/LoRaMac-node/src/mac/region/RegionCommon.c.obj
                0x100075f4                RegionCommonComputeRxWindowParameters
 .text.RegionCommonComputeTxPower
                0x10007670       0x2a CMakeFiles/pico_lorawan_hello_abp.dir/__/__/lib/LoRaMac-node/src/mac/region/RegionCommon.c.obj
                0x10007670                RegionCommonComputeTxPower
 .text.RegionCommonCountNbOfEnabledChannels
                0x1000769a       0xde CMakeFiles/pico_lorawan_hello_abp.dir/__/__/lib/LoRaMac-node/src/mac/region/RegionCommon.c.obj
                0x1000769a                RegionCommonCountNbOfEnabledChannels
 .text.RegionCommonIdentifyChannels
                0x10007778       0x9a CMakeFiles/pico_lorawan_hello_abp.dir/__/__/lib/LoRaMac-node/src/mac/region/RegionCommon.c.obj
                0x10007778                RegionCommonIdentifyChannels
 .text.RegionCommonGetNextLowerTxDr
                0x10007812       0x3e CMakeFiles/pico_lorawan_hello_abp.dir/__/__/lib/LoRaMac-node/src/mac/region/RegionCommon.c.obj
                0x10007812                RegionCommonGetNextLowerTxDr
 .text.RegionCommonLimitTxPower
                0x10007850        0xc CMakeFiles/pico_lorawan_hello_abp.dir/__/__/lib/LoRaMac-node/src/mac/region/RegionCommon.c.obj
                0x10007850                RegionCommonLimitTxPower
 .text.RegionCommonGetBandwidth
                0x1000785c       0x24 CMakeFiles/pico_lorawan_hello_abp.dir/__/__/lib/LoRaMac-node/src/mac/region/RegionCommon.c.obj
                0x1000785c                RegionCommonGetBandwidth
 .text.VerifyRfFreq
                0x10007880       0x2c CMakeFiles/pico_lorawan_hello_abp.dir/__/__/lib/LoRaMac-node/src/mac/region/RegionEU433.c.obj
 .text.GetTimeOnAir
                0x100078ac       0x6c CMakeFiles/pico_lorawan_hello_abp.dir/__/__/lib/LoRaMac-node/src/mac/region/RegionEU433.c.obj
 .text.RegionEU433GetPhyParam
                0x10007918      0x154 CMakeFiles/pico_lorawan_hello_abp.dir/__/__/lib/LoRaMac-node/src/mac/region/RegionEU433.c.obj
                0x10007918                RegionEU433GetPhyParam
 .text.RegionEU433SetBandTxDone
                0x10007a6c       0x3c CMakeFiles/pico_lorawan_hello_abp.dir/__/__/lib/LoRaMac-node/src/mac/region/RegionEU433.c.obj
                0x10007a6c                RegionEU433SetBandTxDone
 .text.RegionEU433InitDefaults
                0x10007aa8       0xc0 CMakeFiles/pico_lorawan_hello_abp.dir/__/__/lib/LoRaMac-node/src/mac/region/RegionEU433.c.obj
                0x10007aa8                RegionEU433InitDefaults
 .text.RegionEU433Verify
                0x10007b68       0x74 CMakeFiles/pico_lorawan_hello_abp.dir/__/__/lib/LoRaMac-node/src/mac/region/RegionEU433.c.obj
                0x10007b68                RegionEU433Verify
 .text.RegionEU433ChanMaskSet
                0x10007bdc       0x48 CMakeFiles/pico_lorawan_hello_abp.dir/__/__/lib/LoRaMac-node/src/mac/region/RegionEU433.c.obj
                0x10007bdc                RegionEU433ChanMaskSet
 .text.RegionEU433ComputeRxWindowParameters
                0x10007c24       0x70 CMakeFiles/pico_lorawan_hello_abp.dir/__/__/lib/LoRaMac-node/src/mac/region/RegionEU433.c.obj
                0x10007c24                RegionEU433ComputeRxWindowParameters
 .text.RegionEU433RxConfig
                0x10007c94       0xf8 CMakeFiles/pico_lorawan_hello_abp.dir/__/__/lib/LoRaMac-node/src/mac/region/RegionEU433.c.obj
                0x10007c94                RegionEU433RxConfig
 .text.RegionEU433TxConfig
                0x10007d8c      0x124 CMakeFiles/pico_lorawan_hello_abp.dir/__/__/lib/LoRaMac-node/src/mac/region/RegionEU433.c.obj
                0x10007d8c                RegionEU433TxConfig
 .text.RegionEU433LinkAdrReq
                0x10007eb0      0x190 CMakeFiles/pico_lorawan_hello_abp.dir/__/__/lib/LoRaMac-node/src/mac/region/RegionEU433.c.obj
                0x10007eb0                RegionEU433LinkAdrReq
 .text.RegionEU433RxParamSetupReq
                0x10008040       0x40 CMakeFiles/pico_lorawan_hello_abp.dir/__/__/lib/LoRaMac-node/src/mac/region/RegionEU433.c.obj
                0x10008040                RegionEU433RxParamSetupReq
 .text.RegionEU433TxParamSetupReq
                0x10008080        0x6 CMakeFiles/pico_lorawan_hello_abp.dir/__/__/lib/LoRaMac-node/src/mac/region/RegionEU433.c.obj
                0x10008080                RegionEU433TxParamSetupReq
 *fill*         0x10008086        0x2 
 .text.RegionEU433DlChannelReq
                0x10008088       0x44 CMakeFiles/pico_lorawan_hello_abp.dir/__/__/lib/LoRaMac-node/src/mac/region/RegionEU433.c.obj
                0x10008088                RegionEU433DlChannelReq
 .text.RegionEU433AlternateDr
                0x100080cc        0x2 CMakeFiles/pico_lorawan_hello_abp.dir/__/__/lib/LoRaMac-node/src/mac/region/RegionEU433.c.obj
                0x100080cc                RegionEU433AlternateDr
 *fill*         0x100080ce        0x2 
 .text.RegionEU433NextChannel
                0x100080d0      0x120 CMakeFiles/pico_lorawan_hello_abp.dir/__/__/lib/LoRaMac-node/src/mac/region/RegionEU433.c.obj
                0x100080d0                RegionEU433NextChannel
 .text.RegionEU433ChannelAdd
                0x100081f0       0xc0 CMakeFiles/pico_lorawan_hello_abp.dir/__/__/lib/LoRaMac-node/src/mac/region/RegionEU433.c.obj
                0x100081f0                RegionEU433ChannelAdd
 .text.RegionEU433ChannelsRemove
                0x100082b0       0x34 CMakeFiles/pico_lorawan_hello_abp.dir/__/__/lib/LoRaMac-node/src/mac/region/RegionEU433.c.obj
                0x100082b0                RegionEU433ChannelsRemove
 .text.RegionEU433ApplyCFList
                0x100082e4       0x7e CMakeFiles/pico_lorawan_hello_abp.dir/__/__/lib/LoRaMac-node/src/mac/region/RegionEU433.c.obj
                0x100082e4                RegionEU433ApplyCFList
 .text.RegionEU433NewChannelReq
                0x10008362       0x56 CMakeFiles/pico_lorawan_hello_abp.dir/__/__/lib/LoRaMac-node/src/mac/region/RegionEU433.c.obj
                0x10008362                RegionEU433NewChannelReq
 .text.RegionEU433ApplyDrOffset
                0x100083b8       0x10 CMakeFiles/pico_lorawan_hello_abp.dir/__/__/lib/LoRaMac-node/src/mac/region/RegionEU433.c.obj
                0x100083b8                RegionEU433ApplyDrOffset
 .text.VerifyRfFreq
                0x100083c8       0xac CMakeFiles/pico_lorawan_hello_abp.dir/__/__/lib/LoRaMac-node/src/mac/region/RegionEU868.c.obj
 .text.GetTimeOnAir
                0x10008474       0x6c CMakeFiles/pico_lorawan_hello_abp.dir/__/__/lib/LoRaMac-node/src/mac/region/RegionEU868.c.obj
 .text.RegionEU868GetPhyParam
                0x100084e0      0x150 CMakeFiles/pico_lorawan_hello_abp.dir/__/__/lib/LoRaMac-node/src/mac/region/RegionEU868.c.obj
                0x100084e0                RegionEU868GetPhyParam
 .text.RegionEU868SetBandTxDone
                0x10008630       0x3c CMakeFiles/pico_lorawan_hello_abp.dir/__/__/lib/LoRaMac-node/src/mac/region/RegionEU868.c.obj
                0x10008630                RegionEU868SetBandTxDone
 .text.RegionEU868InitDefaults
                0x1000866c       0xd4 CMakeFiles/pico_lorawan_hello_abp.dir/__/__/lib/LoRaMac-node/src/mac/region/RegionEU868.c.obj
                0x1000866c                RegionEU868InitDefaults
 .text.RegionEU868Verify
                0x10008740       0x80 CMakeFiles/pico_lorawan_hello_abp.dir/__/__/lib/LoRaMac-node/src/mac/region/RegionEU868.c.obj
                0x10008740                RegionEU868Verify
 .text.RegionEU868ChanMaskSet
                0x100087c0       0x48 CMakeFiles/pico_lorawan_hello_abp.dir/__/__/lib/LoRaMac-node/src/mac/region/RegionEU868.c.obj
                0x100087c0                RegionEU868ChanMaskSet
 .text.RegionEU868ComputeRxWindowParameters
                0x10008808       0x70 CMakeFiles/pico_lorawan_hello_abp.dir/__/__/lib/LoRaMac-node/src/mac/region/RegionEU868.c.obj
                0x10008808                RegionEU868ComputeRxWindowParameters
 .text.RegionEU868RxConfig
                0x10008878       0xf8 CMakeFiles/pico_lorawan_hello_abp.dir/__/__/lib/LoRaMac-node/src/mac/region/RegionEU868.c.obj
                0x10008878                RegionEU868RxConfig
 .text.RegionEU868TxConfig
                0x10008970      0x124 CMakeFiles/pico_lorawan_hello_abp.dir/__/__/lib/LoRaMac-node/src/mac/region/RegionEU868.c.obj
                0x10008970                RegionEU868TxConfig
 .text.RegionEU868LinkAdrReq
                0x10008a94      0x190 CMakeFiles/pico_lorawan_hello_abp.dir/__/__/lib/LoRaMac-node/src/mac/region/RegionEU868.c.obj
                0x10008a94                RegionEU868LinkAdrReq
 .text.RegionEU868RxParamSetupReq
                0x10008c24       0x4c CMakeFiles/pico_lorawan_hello_abp.dir/__/__/lib/LoRaMac-node/src/mac/region/RegionEU868.c.obj
                0x10008c24                RegionEU868RxParamSetupReq
 .text.RegionEU868TxParamSetupReq
                0x10008c70        0x6 CMakeFiles/pico_lorawan_hello_abp.dir/__/__/lib/LoRaMac-node/src/mac/region/RegionEU868.c.obj
                0x10008c70                RegionEU868TxParamSetupReq
 *fill*         0x10008c76        0x2 
 .text.RegionEU868DlChannelReq
                0x10008c78       0x50 CMakeFiles/pico_lorawan_hello_abp.dir/__/__/lib/LoRaMac-node/src/mac/region/RegionEU868.c.obj
                0x10008c78                RegionEU868DlChannelReq
 .text.RegionEU868AlternateDr
                0x10008cc8        0x2 CMakeFiles/pico_lorawan_hello_abp.dir/__/__/lib/LoRaMac-node/src/mac/region/RegionEU868.c.obj
                0x10008cc8                RegionEU868AlternateDr
 *fill*         0x10008cca        0x2 
 .text.RegionEU868NextChannel
                0x10008ccc      0x120 CMakeFiles/pico_lorawan_hello_abp.dir/__/__/lib/LoRaMac-node/src/mac/region/RegionEU868.c.obj
                0x10008ccc                RegionEU868NextChannel
 .text.RegionEU868ChannelAdd
                0x10008dec       0xd4 CMakeFiles/pico_lorawan_hello_abp.dir/__/__/lib/LoRaMac-node/src/mac/region/RegionEU868.c.obj
                0x10008dec                RegionEU868ChannelAdd
 .text.RegionEU868ChannelsRemove
                0x10008ec0       0x34 CMakeFiles/pico_lorawan_hello_abp.dir/__/__/lib/LoRaMac-node/src/mac/region/RegionEU868.c.obj
                0x10008ec0                RegionEU868ChannelsRemove
 .text.RegionEU868ApplyCFList
                0x10008ef4       0x7e CMakeFiles/pico_lorawan_hello_abp.dir/__/__/lib/LoRaMac-node/src/mac/region/RegionEU868.c.obj
                0x10008ef4                RegionEU868ApplyCFList
 .text.RegionEU868NewChannelReq
                0x10008f72       0x56 CMakeFiles/pico_lorawan_hello_abp.dir/__/__/lib/LoRaMac-node/src/mac/region/RegionEU868.c.obj
                0x10008f72                RegionEU868NewChannelReq
 .text.RegionEU868ApplyDrOffset
                0x10008fc8       0x10 CMakeFiles/pico_lorawan_hello_abp.dir/__/__/lib/LoRaMac-node/src/mac/region/RegionEU868.c.obj
                0x10008fc8                RegionEU868ApplyDrOffset
 .text.VerifyRfFreq
                0x10008fd8       0x2c CMakeFiles/pico_lorawan_hello_abp.dir/__/__/lib/LoRaMac-node/src/mac/region/RegionIN865.c.obj
 .text.GetTimeOnAir
                0x10009004       0x6c CMakeFiles/pico_lorawan_hello_abp.dir/__/__/lib/LoRaMac-node/src/mac/region/RegionIN865.c.obj
 .text.RegionIN865GetPhyParam
                0x10009070      0x154 CMakeFiles/pico_lorawan_hello_abp.dir/__/__/lib/LoRaMac-node/src/mac/region/RegionIN865.c.obj
                0x10009070                RegionIN865GetPhyParam
 .text.RegionIN865SetBandTxDone
                0x100091c4       0x3c CMakeFiles/pico_lorawan_hello_abp.dir/__/__/lib/LoRaMac-node/src/mac/region/RegionIN865.c.obj
                0x100091c4                RegionIN865SetBandTxDone
 .text.RegionIN865InitDefaults
                0x10009200       0xc0 CMakeFiles/pico_lorawan_hello_abp.dir/__/__/lib/LoRaMac-node/src/mac/region/RegionIN865.c.obj
                0x10009200                RegionIN865InitDefaults
 .text.RegionIN865Verify
                0x100092c0       0x80 CMakeFiles/pico_lorawan_hello_abp.dir/__/__/lib/LoRaMac-node/src/mac/region/RegionIN865.c.obj
                0x100092c0                RegionIN865Verify
 .text.RegionIN865ChanMaskSet
                0x10009340       0x48 CMakeFiles/pico_lorawan_hello_abp.dir/__/__/lib/LoRaMac-node/src/mac/region/RegionIN865.c.obj
                0x10009340                RegionIN865ChanMaskSet
 .text.RegionIN865ComputeRxWindowParameters
                0x10009388       0x70 CMakeFiles/pico_lorawan_hello_abp.dir/__/__/lib/LoRaMac-node/src/mac/region/RegionIN865.c.obj
                0x10009388                RegionIN865ComputeRxWindowParameters
 .text.RegionIN865RxConfig
                0x100093f8       0xf8 CMakeFiles/pico_lorawan_hello_abp.dir/__/__/lib/LoRaMac-node/src/mac/region/RegionIN865.c.obj
                0x100093f8                RegionIN865RxConfig
 .text.RegionIN865TxConfig
                0x100094f0      0x124 CMakeFiles/pico_lorawan_hello_abp.dir/__/__/lib/LoRaMac-node/src/mac/region/RegionIN865.c.obj
                0x100094f0                RegionIN865TxConfig
 .text.RegionIN865LinkAdrReq
                0x10009614      0x1a0 CMakeFiles/pico_lorawan_hello_abp.dir/__/__/lib/LoRaMac-node/src/mac/region/RegionIN865.c.obj
                0x10009614                RegionIN865LinkAdrReq
 .text.RegionIN865RxParamSetupReq
                0x100097b4       0x48 CMakeFiles/pico_lorawan_hello_abp.dir/__/__/lib/LoRaMac-node/src/mac/region/RegionIN865.c.obj
                0x100097b4                RegionIN865RxParamSetupReq
 .text.RegionIN865TxParamSetupReq
                0x100097fc        0x6 CMakeFiles/pico_lorawan_hello_abp.dir/__/__/lib/LoRaMac-node/src/mac/region/RegionIN865.c.obj
                0x100097fc                RegionIN865TxParamSetupReq
 *fill*         0x10009802        0x2 
 .text.RegionIN865DlChannelReq
                0x10009804       0x44 CMakeFiles/pico_lorawan_hello_abp.dir/__/__/lib/LoRaMac-node/src/mac/region/RegionIN865.c.obj
                0x10009804                RegionIN865DlChannelReq
 .text.RegionIN865AlternateDr
                0x10009848        0x2 CMakeFiles/pico_lorawan_hello_abp.dir/__/__/lib/LoRaMac-node/src/mac/region/RegionIN865.c.obj
                0x10009848                RegionIN865AlternateDr
 *fill*         0x1000984a        0x2 
 .text.RegionIN865NextChannel
                0x1000984c      0x120 CMakeFiles/pico_lorawan_hello_abp.dir/__/__/lib/LoRaMac-node/src/mac/region/RegionIN865.c.obj
                0x1000984c                RegionIN865NextChannel
 .text.RegionIN865ChannelAdd
                0x1000996c       0xc0 CMakeFiles/pico_lorawan_hello_abp.dir/__/__/lib/LoRaMac-node/src/mac/region/RegionIN865.c.obj
                0x1000996c                RegionIN865ChannelAdd
 .text.RegionIN865ChannelsRemove
                0x10009a2c       0x34 CMakeFiles/pico_lorawan_hello_abp.dir/__/__/lib/LoRaMac-node/src/mac/region/RegionIN865.c.obj
                0x10009a2c                RegionIN865ChannelsRemove
 .text.RegionIN865ApplyCFList
                0x10009a60       0x7e CMakeFiles/pico_lorawan_hello_abp.dir/__/__/lib/LoRaMac-node/src/mac/region/RegionIN865.c.obj
                0x10009a60                RegionIN865ApplyCFList
 .text.RegionIN865NewChannelReq
                0x10009ade       0x56 CMakeFiles/pico_lorawan_hello_abp.dir/__/__/lib/LoRaMac-node/src/mac/region/RegionIN865.c.obj
                0x10009ade                RegionIN865NewChannelReq
 .text.RegionIN865ApplyDrOffset
                0x10009b34       0x20 CMakeFiles/pico_lorawan_hello_abp.dir/__/__/lib/LoRaMac-node/src/mac/region/RegionIN865.c.obj
                0x10009b34                RegionIN865ApplyDrOffset
 .text.GetMaxEIRP
                0x10009b54       0x14 CMakeFiles/pico_lorawan_hello_abp.dir/__/__/lib/LoRaMac-node/src/mac/region/RegionKR920.c.obj
 .text.VerifyRfFreq
                0x10009b68       0x3c CMakeFiles/pico_lorawan_hello_abp.dir/__/__/lib/LoRaMac-node/src/mac/region/RegionKR920.c.obj
 .text.GetTimeOnAir
                0x10009ba4       0x40 CMakeFiles/pico_lorawan_hello_abp.dir/__/__/lib/LoRaMac-node/src/mac/region/RegionKR920.c.obj
 .text.RegionKR920GetPhyParam
                0x10009be4      0x150 CMakeFiles/pico_lorawan_hello_abp.dir/__/__/lib/LoRaMac-node/src/mac/region/RegionKR920.c.obj
                0x10009be4                RegionKR920GetPhyParam
 .text.RegionKR920SetBandTxDone
                0x10009d34       0x3c CMakeFiles/pico_lorawan_hello_abp.dir/__/__/lib/LoRaMac-node/src/mac/region/RegionKR920.c.obj
                0x10009d34                RegionKR920SetBandTxDone
 .text.RegionKR920InitDefaults
                0x10009d70       0xc0 CMakeFiles/pico_lorawan_hello_abp.dir/__/__/lib/LoRaMac-node/src/mac/region/RegionKR920.c.obj
                0x10009d70                RegionKR920InitDefaults
 .text.RegionKR920Verify
                0x10009e30       0x70 CMakeFiles/pico_lorawan_hello_abp.dir/__/__/lib/LoRaMac-node/src/mac/region/RegionKR920.c.obj
                0x10009e30                RegionKR920Verify
 .text.RegionKR920ChanMaskSet
                0x10009ea0       0x48 CMakeFiles/pico_lorawan_hello_abp.dir/__/__/lib/LoRaMac-node/src/mac/region/RegionKR920.c.obj
                0x10009ea0                RegionKR920ChanMaskSet
 .text.RegionKR920ComputeRxWindowParameters
                0x10009ee8       0x60 CMakeFiles/pico_lorawan_hello_abp.dir/__/__/lib/LoRaMac-node/src/mac/region/RegionKR920.c.obj
                0x10009ee8                RegionKR920ComputeRxWindowParameters
 .text.RegionKR920RxConfig
                0x10009f48       0xa8 CMakeFiles/pico_lorawan_hello_abp.dir/__/__/lib/LoRaMac-node/src/mac/region/RegionKR920.c.obj
                0x10009f48                RegionKR920RxConfig
 .text.RegionKR920TxConfig
                0x10009ff0      0x104 CMakeFiles/pico_lorawan_hello_abp.dir/__/__/lib/LoRaMac-node/src/mac/region/RegionKR920.c.obj
                0x10009ff0                RegionKR920TxConfig
 .text.RegionKR920LinkAdrReq
                0x1000a0f4      0x190 CMakeFiles/pico_lorawan_hello_abp.dir/__/__/lib/LoRaMac-node/src/mac/region/RegionKR920.c.obj
                0x1000a0f4                RegionKR920LinkAdrReq
 .text.RegionKR920RxParamSetupReq
                0x1000a284       0x40 CMakeFiles/pico_lorawan_hello_abp.dir/__/__/lib/LoRaMac-node/src/mac/region/RegionKR920.c.obj
                0x1000a284                RegionKR920RxParamSetupReq
 .text.RegionKR920TxParamSetupReq
                0x1000a2c4        0x6 CMakeFiles/pico_lorawan_hello_abp.dir/__/__/lib/LoRaMac-node/src/mac/region/RegionKR920.c.obj
                0x1000a2c4                RegionKR920TxParamSetupReq
 *fill*         0x1000a2ca        0x2 
 .text.RegionKR920DlChannelReq
                0x1000a2cc       0x44 CMakeFiles/pico_lorawan_hello_abp.dir/__/__/lib/LoRaMac-node/src/mac/region/RegionKR920.c.obj
                0x1000a2cc                RegionKR920DlChannelReq
 .text.RegionKR920AlternateDr
                0x1000a310        0x2 CMakeFiles/pico_lorawan_hello_abp.dir/__/__/lib/LoRaMac-node/src/mac/region/RegionKR920.c.obj
                0x1000a310                RegionKR920AlternateDr
 *fill*         0x1000a312        0x2 
 .text.RegionKR920NextChannel
                0x1000a314      0x16c CMakeFiles/pico_lorawan_hello_abp.dir/__/__/lib/LoRaMac-node/src/mac/region/RegionKR920.c.obj
                0x1000a314                RegionKR920NextChannel
 .text.RegionKR920ChannelAdd
                0x1000a480       0xc0 CMakeFiles/pico_lorawan_hello_abp.dir/__/__/lib/LoRaMac-node/src/mac/region/RegionKR920.c.obj
                0x1000a480                RegionKR920ChannelAdd
 .text.RegionKR920ChannelsRemove
                0x1000a540       0x34 CMakeFiles/pico_lorawan_hello_abp.dir/__/__/lib/LoRaMac-node/src/mac/region/RegionKR920.c.obj
                0x1000a540                RegionKR920ChannelsRemove
 .text.RegionKR920ApplyCFList
                0x1000a574       0x7e CMakeFiles/pico_lorawan_hello_abp.dir/__/__/lib/LoRaMac-node/src/mac/region/RegionKR920.c.obj
                0x1000a574                RegionKR920ApplyCFList
 .text.RegionKR920NewChannelReq
                0x1000a5f2       0x56 CMakeFiles/pico_lorawan_hello_abp.dir/__/__/lib/LoRaMac-node/src/mac/region/RegionKR920.c.obj
                0x1000a5f2                RegionKR920NewChannelReq
 .text.RegionKR920ApplyDrOffset
                0x1000a648       0x10 CMakeFiles/pico_lorawan_hello_abp.dir/__/__/lib/LoRaMac-node/src/mac/region/RegionKR920.c.obj
                0x1000a648                RegionKR920ApplyDrOffset
 .text.VerifyRfFreq
                0x1000a658       0x2c CMakeFiles/pico_lorawan_hello_abp.dir/__/__/lib/LoRaMac-node/src/mac/region/RegionRU864.c.obj
 .text.GetTimeOnAir
                0x1000a684       0x6c CMakeFiles/pico_lorawan_hello_abp.dir/__/__/lib/LoRaMac-node/src/mac/region/RegionRU864.c.obj
 .text.RegionRU864GetPhyParam
                0x1000a6f0      0x154 CMakeFiles/pico_lorawan_hello_abp.dir/__/__/lib/LoRaMac-node/src/mac/region/RegionRU864.c.obj
                0x1000a6f0                RegionRU864GetPhyParam
 .text.RegionRU864SetBandTxDone
                0x1000a844       0x3c CMakeFiles/pico_lorawan_hello_abp.dir/__/__/lib/LoRaMac-node/src/mac/region/RegionRU864.c.obj
                0x1000a844                RegionRU864SetBandTxDone
 .text.RegionRU864InitDefaults
                0x1000a880       0xb0 CMakeFiles/pico_lorawan_hello_abp.dir/__/__/lib/LoRaMac-node/src/mac/region/RegionRU864.c.obj
                0x1000a880                RegionRU864InitDefaults
 .text.RegionRU864Verify
                0x1000a930       0x74 CMakeFiles/pico_lorawan_hello_abp.dir/__/__/lib/LoRaMac-node/src/mac/region/RegionRU864.c.obj
                0x1000a930                RegionRU864Verify
 .text.RegionRU864ChanMaskSet
                0x1000a9a4       0x48 CMakeFiles/pico_lorawan_hello_abp.dir/__/__/lib/LoRaMac-node/src/mac/region/RegionRU864.c.obj
                0x1000a9a4                RegionRU864ChanMaskSet
 .text.RegionRU864ComputeRxWindowParameters
                0x1000a9ec       0x70 CMakeFiles/pico_lorawan_hello_abp.dir/__/__/lib/LoRaMac-node/src/mac/region/RegionRU864.c.obj
                0x1000a9ec                RegionRU864ComputeRxWindowParameters
 .text.RegionRU864RxConfig
                0x1000aa5c       0xf8 CMakeFiles/pico_lorawan_hello_abp.dir/__/__/lib/LoRaMac-node/src/mac/region/RegionRU864.c.obj
                0x1000aa5c                RegionRU864RxConfig
 .text.RegionRU864TxConfig
                0x1000ab54      0x124 CMakeFiles/pico_lorawan_hello_abp.dir/__/__/lib/LoRaMac-node/src/mac/region/RegionRU864.c.obj
                0x1000ab54                RegionRU864TxConfig
 .text.RegionRU864LinkAdrReq
                0x1000ac78      0x198 CMakeFiles/pico_lorawan_hello_abp.dir/__/__/lib/LoRaMac-node/src/mac/region/RegionRU864.c.obj
                0x1000ac78                RegionRU864LinkAdrReq
 .text.RegionRU864RxParamSetupReq
                0x1000ae10       0x40 CMakeFiles/pico_lorawan_hello_abp.dir/__/__/lib/LoRaMac-node/src/mac/region/RegionRU864.c.obj
                0x1000ae10                RegionRU864RxParamSetupReq
 .text.RegionRU864TxParamSetupReq
                0x1000ae50        0x6 CMakeFiles/pico_lorawan_hello_abp.dir/__/__/lib/LoRaMac-node/src/mac/region/RegionRU864.c.obj
                0x1000ae50                RegionRU864TxParamSetupReq
 *fill*         0x1000ae56        0x2 
 .text.RegionRU864DlChannelReq
                0x1000ae58       0x44 CMakeFiles/pico_lorawan_hello_abp.dir/__/__/lib/LoRaMac-node/src/mac/region/RegionRU864.c.obj
                0x1000ae58                RegionRU864DlChannelReq
 .text.RegionRU864AlternateDr
                0x1000ae9c        0x2 CMakeFiles/pico_lorawan_hello_abp.dir/__/__/lib/LoRaMac-node/src/mac/region/RegionRU864.c.obj
                0x1000ae9c                RegionRU864AlternateDr
 *fill*         0x1000ae9e        0x2 
 .text.RegionRU864NextChannel
                0x1000aea0      0x114 CMakeFiles/pico_lorawan_hello_abp.dir/__/__/lib/LoRaMac-node/src/mac/region/RegionRU864.c.obj
                0x1000aea0                RegionRU864NextChannel
 .text.RegionRU864ChannelAdd
                0x1000afb4       0xc0 CMakeFiles/pico_lorawan_hello_abp.dir/__/__/lib/LoRaMac-node/src/mac/region/RegionRU864.c.obj
                0x1000afb4                RegionRU864ChannelAdd
 .text.RegionRU864ChannelsRemove
                0x1000b074       0x34 CMakeFiles/pico_lorawan_hello_abp.dir/__/__/lib/LoRaMac-node/src/mac/region/RegionRU864.c.obj
                0x1000b074                RegionRU864ChannelsRemove
 .text.RegionRU864ApplyCFList
                0x1000b0a8       0x7e CMakeFiles/pico_lorawan_hello_abp.dir/__/__/lib/LoRaMac-node/src/mac/region/RegionRU864.c.obj
                0x1000b0a8                RegionRU864ApplyCFList
 .text.RegionRU864NewChannelReq
                0x1000b126       0x56 CMakeFiles/pico_lorawan_hello_abp.dir/__/__/lib/LoRaMac-node/src/mac/region/RegionRU864.c.obj
                0x1000b126                RegionRU864NewChannelReq
 .text.RegionRU864ApplyDrOffset
                0x1000b17c       0x10 CMakeFiles/pico_lorawan_hello_abp.dir/__/__/lib/LoRaMac-node/src/mac/region/RegionRU864.c.obj
                0x1000b17c                RegionRU864ApplyDrOffset
 .text.VerifyRfFreq
                0x1000b18c       0x54 CMakeFiles/pico_lorawan_hello_abp.dir/__/__/lib/LoRaMac-node/src/mac/region/RegionUS915.c.obj
 .text.GetTimeOnAir
                0x1000b1e0       0x40 CMakeFiles/pico_lorawan_hello_abp.dir/__/__/lib/LoRaMac-node/src/mac/region/RegionUS915.c.obj
 .text.LimitTxPower
                0x1000b220       0x3c CMakeFiles/pico_lorawan_hello_abp.dir/__/__/lib/LoRaMac-node/src/mac/region/RegionUS915.c.obj
 .text.RegionUS915GetPhyParam
                0x1000b25c      0x174 CMakeFiles/pico_lorawan_hello_abp.dir/__/__/lib/LoRaMac-node/src/mac/region/RegionUS915.c.obj
                0x1000b25c                RegionUS915GetPhyParam
 .text.RegionUS915SetBandTxDone
                0x1000b3d0       0x3c CMakeFiles/pico_lorawan_hello_abp.dir/__/__/lib/LoRaMac-node/src/mac/region/RegionUS915.c.obj
                0x1000b3d0                RegionUS915SetBandTxDone
 .text.RegionUS915InitDefaults
                0x1000b40c      0x168 CMakeFiles/pico_lorawan_hello_abp.dir/__/__/lib/LoRaMac-node/src/mac/region/RegionUS915.c.obj
                0x1000b40c                RegionUS915InitDefaults
 .text.RegionUS915Verify
                0x1000b574       0x70 CMakeFiles/pico_lorawan_hello_abp.dir/__/__/lib/LoRaMac-node/src/mac/region/RegionUS915.c.obj
                0x1000b574                RegionUS915Verify
 .text.RegionUS915ApplyCFList
                0x1000b5e4       0x78 CMakeFiles/pico_lorawan_hello_abp.dir/__/__/lib/LoRaMac-node/src/mac/region/RegionUS915.c.obj
                0x1000b5e4                RegionUS915ApplyCFList
 .text.RegionUS915ChanMaskSet
                0x1000b65c       0x9c CMakeFiles/pico_lorawan_hello_abp.dir/__/__/lib/LoRaMac-node/src/mac/region/RegionUS915.c.obj
                0x1000b65c                RegionUS915ChanMaskSet
 .text.RegionUS915ComputeRxWindowParameters
                0x1000b6f8       0x60 CMakeFiles/pico_lorawan_hello_abp.dir/__/__/lib/LoRaMac-node/src/mac/region/RegionUS915.c.obj
                0x1000b6f8                RegionUS915ComputeRxWindowParameters
 .text.RegionUS915RxConfig
                0x1000b758       0xa0 CMakeFiles/pico_lorawan_hello_abp.dir/__/__/lib/LoRaMac-node/src/mac/region/RegionUS915.c.obj
                0x1000b758                RegionUS915RxConfig
 .text.RegionUS915TxConfig
                0x1000b7f8       0xec CMakeFiles/pico_lorawan_hello_abp.dir/__/__/lib/LoRaMac-node/src/mac/region/RegionUS915.c.obj
                0x1000b7f8                RegionUS915TxConfig
 .text.RegionUS915LinkAdrReq
                0x1000b8e4      0x29c CMakeFiles/pico_lorawan_hello_abp.dir/__/__/lib/LoRaMac-node/src/mac/region/RegionUS915.c.obj
                0x1000b8e4                RegionUS915LinkAdrReq
 .text.RegionUS915RxParamSetupReq
                0x1000bb80       0x5c CMakeFiles/pico_lorawan_hello_abp.dir/__/__/lib/LoRaMac-node/src/mac/region/RegionUS915.c.obj
                0x1000bb80                RegionUS915RxParamSetupReq
 .text.RegionUS915NewChannelReq
                0x1000bbdc        0x6 CMakeFiles/pico_lorawan_hello_abp.dir/__/__/lib/LoRaMac-node/src/mac/region/RegionUS915.c.obj
                0x1000bbdc                RegionUS915NewChannelReq
 .text.RegionUS915TxParamSetupReq
                0x1000bbe2        0x6 CMakeFiles/pico_lorawan_hello_abp.dir/__/__/lib/LoRaMac-node/src/mac/region/RegionUS915.c.obj
                0x1000bbe2                RegionUS915TxParamSetupReq
 .text.RegionUS915DlChannelReq
                0x1000bbe8        0x6 CMakeFiles/pico_lorawan_hello_abp.dir/__/__/lib/LoRaMac-node/src/mac/region/RegionUS915.c.obj
                0x1000bbe8                RegionUS915DlChannelReq
 *fill*         0x1000bbee        0x2 
 .text.RegionUS915AlternateDr
                0x1000bbf0       0x40 CMakeFiles/pico_lorawan_hello_abp.dir/__/__/lib/LoRaMac-node/src/mac/region/RegionUS915.c.obj
                0x1000bbf0                RegionUS915AlternateDr
 .text.RegionUS915NextChannel
                0x1000bc30      0x16c CMakeFiles/pico_lorawan_hello_abp.dir/__/__/lib/LoRaMac-node/src/mac/region/RegionUS915.c.obj
                0x1000bc30                RegionUS915NextChannel
 .text.RegionUS915ApplyDrOffset
                0x1000bd9c       0x18 CMakeFiles/pico_lorawan_hello_abp.dir/__/__/lib/LoRaMac-node/src/mac/region/RegionUS915.c.obj
                0x1000bd9c                RegionUS915ApplyDrOffset
 .text.OnRadioTxTimeout
                0x1000bdb4       0x2c CMakeFiles/pico_lorawan_hello_abp.dir/__/__/lib/LoRaMac-node/src/mac/LoRaMac.c.obj
 .text.OnRadioRxError
                0x1000bde0       0x2c CMakeFiles/pico_lorawan_hello_abp.dir/__/__/lib/LoRaMac-node/src/mac/LoRaMac.c.obj
 .text.OnRadioRxTimeout
                0x1000be0c       0x2c CMakeFiles/pico_lorawan_hello_abp.dir/__/__/lib/LoRaMac-node/src/mac/LoRaMac.c.obj
 .text.UpdateRxSlotIdleState
                0x1000be38       0x2c CMakeFiles/pico_lorawan_hello_abp.dir/__/__/lib/LoRaMac-node/src/mac/LoRaMac.c.obj
 .text.LoRaMacEnableRequests
                0x1000be64       0x10 CMakeFiles/pico_lorawan_hello_abp.dir/__/__/lib/LoRaMac-node/src/mac/LoRaMac.c.obj
 .text.LoRaMacHandleIndicationEvents
                0x1000be74       0x8c CMakeFiles/pico_lorawan_hello_abp.dir/__/__/lib/LoRaMac-node/src/mac/LoRaMac.c.obj
 .text.CheckForMinimumAbpDatarate
                0x1000bf00       0x14 CMakeFiles/pico_lorawan_hello_abp.dir/__/__/lib/LoRaMac-node/src/mac/LoRaMac.c.obj
 .text.LoRaMacCheckForRxAbort
                0x1000bf14       0x24 CMakeFiles/pico_lorawan_hello_abp.dir/__/__/lib/LoRaMac-node/src/mac/LoRaMac.c.obj
 .text.SetMlmeScheduleUplinkIndication
                0x1000bf38       0x18 CMakeFiles/pico_lorawan_hello_abp.dir/__/__/lib/LoRaMac-node/src/mac/LoRaMac.c.obj
 .text.CalculateBackOff