Archive member included to satisfy reference by file (symbol)

..\..\__gps\lib__gps.a(__gps.c.obj)
                              CMakeFiles/pico_lorawan_send_data_gps.dir/main.c.obj (init_uart1)
c:/progra~2/gnuarm~1/102021~1.10/bin/../lib/gcc/arm-none-eabi/10.3.1/thumb/v6-m/nofp\libgcc.a(_dvmd_tls.o)
                              CMakeFiles/pico_lorawan_send_data_gps.dir/C_/RPPicoSDK/sdk/pico/pico-sdk/src/rp2_common/pico_divider/divider.S.obj (__aeabi_idiv0)
c:/progra~2/gnuarm~1/102021~1.10/bin/../lib/gcc/arm-none-eabi/10.3.1/../../../../arm-none-eabi/lib/thumb/v6-m/nofp\libg.a(lib_a-atof.o)
                              ..\..\__gps\lib__gps.a(__gps.c.obj) (atof)
c:/progra~2/gnuarm~1/102021~1.10/bin/../lib/gcc/arm-none-eabi/10.3.1/../../../../arm-none-eabi/lib/thumb/v6-m/nofp\libg.a(lib_a-calloc.o)
                              CMakeFiles/pico_lorawan_send_data_gps.dir/C_/RPPicoSDK/sdk/pico/pico-sdk/src/rp2_common/pico_malloc/pico_malloc.c.obj (calloc)
c:/progra~2/gnuarm~1/102021~1.10/bin/../lib/gcc/arm-none-eabi/10.3.1/../../../../arm-none-eabi/lib/thumb/v6-m/nofp\libg.a(lib_a-callocr.o)
                              c:/progra~2/gnuarm~1/102021~1.10/bin/../lib/gcc/arm-none-eabi/10.3.1/../../../../arm-none-eabi/lib/thumb/v6-m/nofp\libg.a(lib_a-calloc.o) (_calloc_r)
c:/progra~2/gnuarm~1/102021~1.10/bin/../lib/gcc/arm-none-eabi/10.3.1/../../../../arm-none-eabi/lib/thumb/v6-m/nofp\libg.a(lib_a-errno.o)
                              c:/progra~2/gnuarm~1/102021~1.10/bin/../lib/gcc/arm-none-eabi/10.3.1/../../../../arm-none-eabi/lib/thumb/v6-m/nofp\libg.a(lib_a-callocr.o) (__errno)
c:/progra~2/gnuarm~1/102021~1.10/bin/../lib/gcc/arm-none-eabi/10.3.1/../../../../arm-none-eabi/lib/thumb/v6-m/nofp\libg.a(lib_a-impure.o)
                              c:/progra~2/gnuarm~1/102021~1.10/bin/../lib/gcc/arm-none-eabi/10.3.1/../../../../arm-none-eabi/lib/thumb/v6-m/nofp\libg.a(lib_a-calloc.o) (_impure_ptr)
c:/progra~2/gnuarm~1/102021~1.10/bin/../lib/gcc/arm-none-eabi/10.3.1/../../../../arm-none-eabi/lib/thumb/v6-m/nofp\libg.a(lib_a-init.o)
                              c:/progra~2/gnuarm~1/102021~1.10/bin/../lib/gcc/arm-none-eabi/10.3.1/../../../../arm-none-eabi/lib/thumb/v6-m/nofp/crt0.o (__libc_init_array)
c:/progra~2/gnuarm~1/102021~1.10/bin/../lib/gcc/arm-none-eabi/10.3.1/../../../../arm-none-eabi/lib/thumb/v6-m/nofp\libg.a(lib_a-malloc.o)
                              CMakeFiles/pico_lorawan_send_data_gps.dir/C_/RPPicoSDK/sdk/pico/pico-sdk/src/rp2_common/pico_malloc/pico_malloc.c.obj (malloc)
c:/progra~2/gnuarm~1/102021~1.10/bin/../lib/gcc/arm-none-eabi/10.3.1/../../../../arm-none-eabi/lib/thumb/v6-m/nofp\libg.a(lib_a-mallocr.o)
                              c:/progra~2/gnuarm~1/102021~1.10/bin/../lib/gcc/arm-none-eabi/10.3.1/../../../../arm-none-eabi/lib/thumb/v6-m/nofp\libg.a(lib_a-callocr.o) (_malloc_r)
c:/progra~2/gnuarm~1/102021~1.10/bin/../lib/gcc/arm-none-eabi/10.3.1/../../../../arm-none-eabi/lib/thumb/v6-m/nofp\libg.a(lib_a-mlock.o)
                              c:/progra~2/gnuarm~1/102021~1.10/bin/../lib/gcc/arm-none-eabi/10.3.1/../../../../arm-none-eabi/lib/thumb/v6-m/nofp\libg.a(lib_a-mallocr.o) (__malloc_lock)
c:/progra~2/gnuarm~1/102021~1.10/bin/../lib/gcc/arm-none-eabi/10.3.1/../../../../arm-none-eabi/lib/thumb/v6-m/nofp\libg.a(lib_a-realloc.o)
                              CMakeFiles/pico_lorawan_send_data_gps.dir/C_/RPPicoSDK/sdk/pico/pico-sdk/src/rp2_common/pico_malloc/pico_malloc.c.obj (realloc)
c:/progra~2/gnuarm~1/102021~1.10/bin/../lib/gcc/arm-none-eabi/10.3.1/../../../../arm-none-eabi/lib/thumb/v6-m/nofp\libg.a(lib_a-reallocr.o)
                              c:/progra~2/gnuarm~1/102021~1.10/bin/../lib/gcc/arm-none-eabi/10.3.1/../../../../arm-none-eabi/lib/thumb/v6-m/nofp\libg.a(lib_a-realloc.o) (_realloc_r)
c:/progra~2/gnuarm~1/102021~1.10/bin/../lib/gcc/arm-none-eabi/10.3.1/../../../../arm-none-eabi/lib/thumb/v6-m/nofp\libg.a(lib_a-sbrkr.o)
                              c:/progra~2/gnuarm~1/102021~1.10/bin/../lib/gcc/arm-none-eabi/10.3.1/../../../../arm-none-eabi/lib/thumb/v6-m/nofp\libg.a(lib_a-mallocr.o) (_sbrk_r)
c:/progra~2/gnuarm~1/102021~1.10/bin/../lib/gcc/arm-none-eabi/10.3.1/../../../../arm-none-eabi/lib/thumb/v6-m/nofp\libg.a(lib_a-sscanf.o)
                              CMakeFiles/pico_lorawan_send_data_gps.dir/__/__/src/lorawan.c.obj (sscanf)
c:/progra~2/gnuarm~1/102021~1.10/bin/../lib/gcc/arm-none-eabi/10.3.1/../../../../arm-none-eabi/lib/thumb/v6-m/nofp\libg.a(lib_a-stdio.o)
                              c:/progra~2/gnuarm~1/102021~1.10/bin/../lib/gcc/arm-none-eabi/10.3.1/../../../../arm-none-eabi/lib/thumb/v6-m/nofp\libg.a(lib_a-sscanf.o) (__seofread)
c:/progra~2/gnuarm~1/102021~1.10/bin/../lib/gcc/arm-none-eabi/10.3.1/../../../../arm-none-eabi/lib/thumb/v6-m/nofp\libg.a(lib_a-strcmp.o)
                              ..\..\__gps\lib__gps.a(__gps.c.obj) (strcmp)
[...]
Memory Configuration

Name             Origin             Length             Attributes
FLASH            0x10000000         0x00200000         xr
RAM              0x20000000         0x00040000         xrw
SCRATCH_X        0x20040000         0x00001000         xrw
SCRATCH_Y        0x20041000         0x00001000         xrw
*default*        0x00000000         0xffffffff

Linker script and memory map

LOAD c:/progra~2/gnuarm~1/102021~1.10/bin/../lib/gcc/arm-none-eabi/10.3.1/thumb/v6-m/nofp/crti.o
LOAD c:/progra~2/gnuarm~1/102021~1.10/bin/../lib/gcc/arm-none-eabi/10.3.1/thumb/v6-m/nofp/crtbegin.o
LOAD c:/progra~2/gnuarm~1/102021~1.10/bin/../lib/gcc/arm-none-eabi/10.3.1/../../../../arm-none-eabi/lib/thumb/v6-m/nofp/crt0.o

.flash_begin    0x10000000        0x0
                0x10000000                __flash_binary_start = .

.boot2          0x10000000      0x100
                0x10000000                __boot2_start__ = .
 *(.boot2)
 .boot2         0x10000000      0x100 C:\Users\ASUS\AppData\Local\Temp\ccc1IzPI.o
                0x10000100                __boot2_end__ = .
                0x00000001                ASSERT (((__boot2_end__ - __boot2_start__) == 0x100), ERROR: Pico second stage bootloader must be 256 bytes in size)

.text           0x10000100    0x20818
                0x10000100                __logical_binary_start = .
 *(.vectors)
 .vectors       0x10000100       0xd4 CMakeFiles/pico_lorawan_send_data_gps.dir/C_/RPPicoSDK/sdk/pico/pico-sdk/src/rp2_common/pico_standard_link/crt0.S.obj
                0x10000100                __VECTOR_TABLE
                0x10000100                __vectors
                0x100001c0                isr_invalid
                0x100001c0                __default_isrs_start
                0x100001c2                isr_nmi
                0x100001c4                isr_hardfault
                0x100001c6                isr_svcall
                0x100001c8                isr_pendsv
                0x100001ca                isr_systick
                0x100001cc                isr_irq23
                0x100001cc                isr_irq18
                0x100001cc                isr_irq11
                0x100001cc                isr_irq28
                0x100001cc                isr_irq19
                0x100001cc                isr_irq0
                0x100001cc                isr_irq6
                0x100001cc                isr_irq5
                0x100001cc                isr_irq12
                0x100001cc                isr_irq22
                0x100001cc                isr_irq31
                0x100001cc                isr_irq17
                0x100001cc                isr_irq27
                0x100001cc                isr_irq30
                0x100001cc                isr_irq2
                0x100001cc                isr_irq10
                0x100001cc                isr_irq8
                0x100001cc                isr_irq24
                0x100001cc                isr_irq1
                0x100001cc                isr_irq7
                0x100001cc                isr_irq21
                0x100001cc                isr_irq20
                0x100001cc                isr_irq15
                0x100001cc                isr_irq25
                0x100001cc                isr_irq13
                0x100001cc                __unhandled_user_irq
                0x100001cc                isr_irq4
                0x100001cc                isr_irq16
                0x100001cc                isr_irq29
                0x100001cc                isr_irq26
                0x100001cc                __default_isrs_end
                0x100001cc                isr_irq3
                0x100001cc                isr_irq14
                0x100001cc                isr_irq9
                0x100001d2                unhandled_user_irq_num_in_r0
 *(.binary_info_header)
 .binary_info_header
                0x100001d4       0x14 CMakeFiles/pico_lorawan_send_data_gps.dir/C_/RPPicoSDK/sdk/pico/pico-sdk/src/rp2_common/pico_standard_link/crt0.S.obj
                0x100001e8                __binary_info_header_end = .
 *(.reset)
 .reset         0x100001e8       0xa0 CMakeFiles/pico_lorawan_send_data_gps.dir/C_/RPPicoSDK/sdk/pico/pico-sdk/src/rp2_common/pico_standard_link/crt0.S.obj
                0x100001e8                _entry_point
 .reset         0x10000288       0x30 CMakeFiles/pico_lorawan_send_data_gps.dir/C_/RPPicoSDK/sdk/pico/pico-sdk/src/rp2_common/pico_standard_link/binary_info.c.obj
 *(.init)
 .init          0x100002b8        0x4 c:/progra~2/gnuarm~1/102021~1.10/bin/../lib/gcc/arm-none-eabi/10.3.1/thumb/v6-m/nofp/crti.o
                0x100002b8                _init
 *(EXCLUDE_FILE(*libm.a: *libc.a:*lib_a-mem*.o *libgcc.a:) .text*)
 .text          0x100002bc       0x48 c:/progra~2/gnuarm~1/102021~1.10/bin/../lib/gcc/arm-none-eabi/10.3.1/thumb/v6-m/nofp/crtbegin.o
 .text.gpio_int_handler
                0x10000304       0x18 CMakeFiles/pico_lorawan_send_data_gps.dir/main.c.obj
                0x10000304                gpio_int_handler
 .text.alarm_callback
                0x1000031c       0x40 CMakeFiles/pico_lorawan_send_data_gps.dir/main.c.obj
 .text.wait_for_response
                0x1000035c       0x20 CMakeFiles/pico_lorawan_send_data_gps.dir/main.c.obj
                0x1000035c                wait_for_response
 .text.send_gps
                0x1000037c      0x15c CMakeFiles/pico_lorawan_send_data_gps.dir/main.c.obj
                0x1000037c                send_gps
 .text.main     0x100004d8      0x214 CMakeFiles/pico_lorawan_send_data_gps.dir/main.c.obj
                0x100004d8                main
 .text.OnMacProcessNotify
                0x100006ec        0xc CMakeFiles/pico_lorawan_send_data_gps.dir/__/__/src/lorawan.c.obj
 .text.OnSysTimeUpdate
                0x100006f8        0x2 CMakeFiles/pico_lorawan_send_data_gps.dir/__/__/src/lorawan.c.obj
 *fill*         0x100006fa        0x2 
 .text.OnTxPeriodicityChanged
                0x100006fc        0xc CMakeFiles/pico_lorawan_send_data_gps.dir/__/__/src/lorawan.c.obj
 .text.OnTxFrameCtrlChanged
                0x10000708        0xc CMakeFiles/pico_lorawan_send_data_gps.dir/__/__/src/lorawan.c.obj
 .text.OnPingSlotPeriodicityChanged
                0x10000714       0x10 CMakeFiles/pico_lorawan_send_data_gps.dir/__/__/src/lorawan.c.obj
 .text.lorawan_init
                0x10000724       0xe4 CMakeFiles/pico_lorawan_send_data_gps.dir/__/__/src/lorawan.c.obj
 .text.OnBeaconStatusChange
                0x10000808       0x18 CMakeFiles/pico_lorawan_send_data_gps.dir/__/__/src/lorawan.c.obj
 .text.OnClassChange
                0x10000820       0x2c CMakeFiles/pico_lorawan_send_data_gps.dir/__/__/src/lorawan.c.obj
 .text.OnRxData
                0x1000084c       0x30 CMakeFiles/pico_lorawan_send_data_gps.dir/__/__/src/lorawan.c.obj
 .text.OnTxData
                0x1000087c       0x18 CMakeFiles/pico_lorawan_send_data_gps.dir/__/__/src/lorawan.c.obj
 .text.OnJoinRequest
                0x10000894       0x2c CMakeFiles/pico_lorawan_send_data_gps.dir/__/__/src/lorawan.c.obj
 .text.OnMacMlmeRequest
                0x100008c0       0x18 CMakeFiles/pico_lorawan_send_data_gps.dir/__/__/src/lorawan.c.obj
 .text.OnMacMcpsRequest
                0x100008d8       0x18 CMakeFiles/pico_lorawan_send_data_gps.dir/__/__/src/lorawan.c.obj
 .text.OnNetworkParametersChange
                0x100008f0      0x298 CMakeFiles/pico_lorawan_send_data_gps.dir/__/__/src/lorawan.c.obj
 .text.OnNvmDataChange
                0x10000b88       0x18 CMakeFiles/pico_lorawan_send_data_gps.dir/__/__/src/lorawan.c.obj
 .text.lorawan_default_dev_eui
                0x10000ba0       0x48 CMakeFiles/pico_lorawan_send_data_gps.dir/__/__/src/lorawan.c.obj
                0x10000ba0                lorawan_default_dev_eui
 .text.lorawan_init_abp
                0x10000be8       0x1c CMakeFiles/pico_lorawan_send_data_gps.dir/__/__/src/lorawan.c.obj
                0x10000be8                lorawan_init_abp
 .text.lorawan_process
                0x10000c04       0x34 CMakeFiles/pico_lorawan_send_data_gps.dir/__/__/src/lorawan.c.obj
                0x10000c04                lorawan_process
 .text.lorawan_send_unconfirmed
                0x10000c38       0x22 CMakeFiles/pico_lorawan_send_data_gps.dir/__/__/src/lorawan.c.obj
                0x10000c38                lorawan_send_unconfirmed
 *fill*         0x10000c5a        0x2 
 .text.PrintHexBuffer
                0x10000c5c       0x40 CMakeFiles/pico_lorawan_send_data_gps.dir/__/__/lib/LoRaMac-node/src/apps/LoRaMac/common/LmHandlerMsgDisplay.c.obj
                0x10000c5c                PrintHexBuffer
 .text.DisplayNvmDataChange
                0x10000c9c       0x2c CMakeFiles/pico_lorawan_send_data_gps.dir/__/__/lib/LoRaMac-node/src/apps/LoRaMac/common/LmHandlerMsgDisplay.c.obj
                0x10000c9c                DisplayNvmDataChange
 .text.DisplayNetworkParametersUpdate
                0x10000cc8       0x80 CMakeFiles/pico_lorawan_send_data_gps.dir/__/__/lib/LoRaMac-node/src/apps/LoRaMac/common/LmHandlerMsgDisplay.c.obj
                0x10000cc8                DisplayNetworkParametersUpdate
 .text.DisplayMacMcpsRequestUpdate
                0x10000d48       0xa4 CMakeFiles/pico_lorawan_send_data_gps.dir/__/__/lib/LoRaMac-node/src/apps/LoRaMac/common/LmHandlerMsgDisplay.c.obj
                0x10000d48                DisplayMacMcpsRequestUpdate
 .text.DisplayMacMlmeRequestUpdate
                0x10000dec       0xc0 CMakeFiles/pico_lorawan_send_data_gps.dir/__/__/lib/LoRaMac-node/src/apps/LoRaMac/common/LmHandlerMsgDisplay.c.obj
                0x10000dec                DisplayMacMlmeRequestUpdate
 .text.DisplayJoinRequestUpdate
                0x10000eac       0x78 CMakeFiles/pico_lorawan_send_data_gps.dir/__/__/lib/LoRaMac-node/src/apps/LoRaMac/common/LmHandlerMsgDisplay.c.obj
                0x10000eac                DisplayJoinRequestUpdate
 .text.DisplayTxUpdate
                0x10000f24      0x180 CMakeFiles/pico_lorawan_send_data_gps.dir/__/__/lib/LoRaMac-node/src/apps/LoRaMac/common/LmHandlerMsgDisplay.c.obj
                0x10000f24                DisplayTxUpdate
 .text.DisplayRxUpdate
                0x100010a4       0xdc CMakeFiles/pico_lorawan_send_data_gps.dir/__/__/lib/LoRaMac-node/src/apps/LoRaMac/common/LmHandlerMsgDisplay.c.obj
                0x100010a4                DisplayRxUpdate
 .text.DisplayBeaconUpdate
                0x10001180       0xa4 CMakeFiles/pico_lorawan_send_data_gps.dir/__/__/lib/LoRaMac-node/src/apps/LoRaMac/common/LmHandlerMsgDisplay.c.obj
                0x10001180                DisplayBeaconUpdate
 .text.DisplayClassUpdate
                0x10001224       0x18 CMakeFiles/pico_lorawan_send_data_gps.dir/__/__/lib/LoRaMac-node/src/apps/LoRaMac/common/LmHandlerMsgDisplay.c.obj
                0x10001224                DisplayClassUpdate
 .text.NvmDataMgmtEvent
                0x1000123c        0xc CMakeFiles/pico_lorawan_send_data_gps.dir/__/__/lib/LoRaMac-node/src/apps/LoRaMac/common/NvmDataMgmt.c.obj
                0x1000123c                NvmDataMgmtEvent
 .text.NvmDataMgmtStore
                0x10001248      0x10c CMakeFiles/pico_lorawan_send_data_gps.dir/__/__/lib/LoRaMac-node/src/apps/LoRaMac/common/NvmDataMgmt.c.obj
                0x10001248                NvmDataMgmtStore
 .text.NvmDataMgmtRestore
                0x10001354       0xac CMakeFiles/pico_lorawan_send_data_gps.dir/__/__/lib/LoRaMac-node/src/apps/LoRaMac/common/NvmDataMgmt.c.obj
                0x10001354                NvmDataMgmtRestore
 .text.LmHandlerPackagesNotify
                0x10001400       0x64 CMakeFiles/pico_lorawan_send_data_gps.dir/__/__/lib/LoRaMac-node/src/apps/LoRaMac/common/LmHandler/LmHandler.c.obj
 .text.McpsConfirm
                0x10001464       0x40 CMakeFiles/pico_lorawan_send_data_gps.dir/__/__/lib/LoRaMac-node/src/apps/LoRaMac/common/LmHandler/LmHandler.c.obj
 .text.LmHandlerDeviceTimeReq
                0x100014a4       0x3c CMakeFiles/pico_lorawan_send_data_gps.dir/__/__/lib/LoRaMac-node/src/apps/LoRaMac/common/LmHandler/LmHandler.c.obj
 .text.LmHandlerBeaconReq
                0x100014e0       0x3c CMakeFiles/pico_lorawan_send_data_gps.dir/__/__/lib/LoRaMac-node/src/apps/LoRaMac/common/LmHandler/LmHandler.c.obj
 .text.LmHandlerJoinRequest
                0x1000151c       0x60 CMakeFiles/pico_lorawan_send_data_gps.dir/__/__/lib/LoRaMac-node/src/apps/LoRaMac/common/LmHandler/LmHandler.c.obj
 .text.LmHandlerInit
                0x1000157c      0x128 CMakeFiles/pico_lorawan_send_data_gps.dir/__/__/lib/LoRaMac-node/src/apps/LoRaMac/common/LmHandler/LmHandler.c.obj
                0x1000157c                LmHandlerInit
 .text.LmHandlerGetDutyCycleWaitTime
                0x100016a4        0xc CMakeFiles/pico_lorawan_send_data_gps.dir/__/__/lib/LoRaMac-node/src/apps/LoRaMac/common/LmHandler/LmHandler.c.obj
                0x100016a4                LmHandlerGetDutyCycleWaitTime
 .text.LmHandlerJoin
                0x100016b0       0x10 CMakeFiles/pico_lorawan_send_data_gps.dir/__/__/lib/LoRaMac-node/src/apps/LoRaMac/common/LmHandler/LmHandler.c.obj
                0x100016b0                LmHandlerJoin
 .text.LmHandlerJoinStatus
                0x100016c0       0x24 CMakeFiles/pico_lorawan_send_data_gps.dir/__/__/lib/LoRaMac-node/src/apps/LoRaMac/common/LmHandler/LmHandler.c.obj
                0x100016c0                LmHandlerJoinStatus
 .text.LmHandlerIsBusy
                0x100016e4       0x44 CMakeFiles/pico_lorawan_send_data_gps.dir/__/__/lib/LoRaMac-node/src/apps/LoRaMac/common/LmHandler/LmHandler.c.obj
                0x100016e4                LmHandlerIsBusy
 .text.LmHandlerSend
                0x10001728       0xb0 CMakeFiles/pico_lorawan_send_data_gps.dir/__/__/lib/LoRaMac-node/src/apps/LoRaMac/common/LmHandler/LmHandler.c.obj
                0x10001728                LmHandlerSend
 .text.MlmeIndication
                0x100017d8       0xe4 CMakeFiles/pico_lorawan_send_data_gps.dir/__/__/lib/LoRaMac-node/src/apps/LoRaMac/common/LmHandler/LmHandler.c.obj
 .text.LmHandlerPingSlotReq
                0x100018bc       0x6c CMakeFiles/pico_lorawan_send_data_gps.dir/__/__/lib/LoRaMac-node/src/apps/LoRaMac/common/LmHandler/LmHandler.c.obj
                0x100018bc                LmHandlerPingSlotReq
 .text.LmHandlerRequestClass
                0x10001928       0x9c CMakeFiles/pico_lorawan_send_data_gps.dir/__/__/lib/LoRaMac-node/src/apps/LoRaMac/common/LmHandler/LmHandler.c.obj
                0x10001928                LmHandlerRequestClass
 .text.LmHandlerGetCurrentClass
                0x100019c4       0x18 CMakeFiles/pico_lorawan_send_data_gps.dir/__/__/lib/LoRaMac-node/src/apps/LoRaMac/common/LmHandler/LmHandler.c.obj
                0x100019c4                LmHandlerGetCurrentClass
 .text.McpsIndication
                0x100019dc       0xa0 CMakeFiles/pico_lorawan_send_data_gps.dir/__/__/lib/LoRaMac-node/src/apps/LoRaMac/common/LmHandler/LmHandler.c.obj
 .text.LmHandlerGetCurrentDatarate
                0x10001a7c       0x1a CMakeFiles/pico_lorawan_send_data_gps.dir/__/__/lib/LoRaMac-node/src/apps/LoRaMac/common/LmHandler/LmHandler.c.obj
                0x10001a7c                LmHandlerGetCurrentDatarate
 *fill*         0x10001a96        0x2 
 .text.MlmeConfirm
                0x10001a98       0xe0 CMakeFiles/pico_lorawan_send_data_gps.dir/__/__/lib/LoRaMac-node/src/apps/LoRaMac/common/LmHandler/LmHandler.c.obj
 .text.LmHandlerGetActiveRegion
                0x10001b78        0xc CMakeFiles/pico_lorawan_send_data_gps.dir/__/__/lib/LoRaMac-node/src/apps/LoRaMac/common/LmHandler/LmHandler.c.obj
                0x10001b78                LmHandlerGetActiveRegion
 .text.LmHandlerSetSystemMaxRxError
                0x10001b84       0x20 CMakeFiles/pico_lorawan_send_data_gps.dir/__/__/lib/LoRaMac-node/src/apps/LoRaMac/common/LmHandler/LmHandler.c.obj
                0x10001b84                LmHandlerSetSystemMaxRxError
 .text.LmHandlerPackageRegister
                0x10001ba4       0x7c CMakeFiles/pico_lorawan_send_data_gps.dir/__/__/lib/LoRaMac-node/src/apps/LoRaMac/common/LmHandler/LmHandler.c.obj
                0x10001ba4                LmHandlerPackageRegister
 .text.LmHandlerPackageIsInitialized
                0x10001c20       0x1c CMakeFiles/pico_lorawan_send_data_gps.dir/__/__/lib/LoRaMac-node/src/apps/LoRaMac/common/LmHandler/LmHandler.c.obj
                0x10001c20                LmHandlerPackageIsInitialized
 .text.LmHandlerPackagesProcess
                0x10001c3c       0x3c CMakeFiles/pico_lorawan_send_data_gps.dir/__/__/lib/LoRaMac-node/src/apps/LoRaMac/common/LmHandler/LmHandler.c.obj
 .text.LmHandlerProcess
                0x10001c78       0x30 CMakeFiles/pico_lorawan_send_data_gps.dir/__/__/lib/LoRaMac-node/src/apps/LoRaMac/common/LmHandler/LmHandler.c.obj
                0x10001c78                LmHandlerProcess
 .text.SetRow   0x10001ca8       0x20 CMakeFiles/pico_lorawan_send_data_gps.dir/__/__/lib/LoRaMac-node/src/apps/LoRaMac/common/LmHandler/packages/FragDecoder.c.obj
 .text.GetRow   0x10001cc8       0x20 CMakeFiles/pico_lorawan_send_data_gps.dir/__/__/lib/LoRaMac-node/src/apps/LoRaMac/common/LmHandler/packages/FragDecoder.c.obj
 .text.GetParity
                0x10001ce8       0x12 CMakeFiles/pico_lorawan_send_data_gps.dir/__/__/lib/LoRaMac-node/src/apps/LoRaMac/common/LmHandler/packages/FragDecoder.c.obj
 .text.SetParity
                0x10001cfa       0x1c CMakeFiles/pico_lorawan_send_data_gps.dir/__/__/lib/LoRaMac-node/src/apps/LoRaMac/common/LmHandler/packages/FragDecoder.c.obj
 .text.IsPowerOfTwo
                0x10001d16       0x26 CMakeFiles/pico_lorawan_send_data_gps.dir/__/__/lib/LoRaMac-node/src/apps/LoRaMac/common/LmHandler/packages/FragDecoder.c.obj
 .text.XorDataLine
                0x10001d3c       0x16 CMakeFiles/pico_lorawan_send_data_gps.dir/__/__/lib/LoRaMac-node/src/apps/LoRaMac/common/LmHandler/packages/FragDecoder.c.obj
 .text.XorParityLine
                0x10001d52       0x40 CMakeFiles/pico_lorawan_send_data_gps.dir/__/__/lib/LoRaMac-node/src/apps/LoRaMac/common/LmHandler/packages/FragDecoder.c.obj
 .text.FragPrbs23
                0x10001d92       0x14 CMakeFiles/pico_lorawan_send_data_gps.dir/__/__/lib/LoRaMac-node/src/apps/LoRaMac/common/LmHandler/packages/FragDecoder.c.obj
 .text.FragGetParityMatrixRow
                0x10001da6       0x74 CMakeFiles/pico_lorawan_send_data_gps.dir/__/__/lib/LoRaMac-node/src/apps/LoRaMac/common/LmHandler/packages/FragDecoder.c.obj
 .text.BitArrayFindFirstOne
                0x10001e1a       0x26 CMakeFiles/pico_lorawan_send_data_gps.dir/__/__/lib/LoRaMac-node/src/apps/LoRaMac/common/LmHandler/packages/FragDecoder.c.obj
 .text.BitArrayIsAllZeros
                0x10001e40       0x26 CMakeFiles/pico_lorawan_send_data_gps.dir/__/__/lib/LoRaMac-node/src/apps/LoRaMac/common/LmHandler/packages/FragDecoder.c.obj
 *fill*         0x10001e66        0x2 
 .text.FragFindMissingFrags
                0x10001e68       0x50 CMakeFiles/pico_lorawan_send_data_gps.dir/__/__/lib/LoRaMac-node/src/apps/LoRaMac/common/LmHandler/packages/FragDecoder.c.obj
 .text.FragFindMissingIndex
                0x10001eb8       0x30 CMakeFiles/pico_lorawan_send_data_gps.dir/__/__/lib/LoRaMac-node/src/apps/LoRaMac/common/LmHandler/packages/FragDecoder.c.obj
 .text.FragExtractLineFromBinaryMatrix
                0x10001ee8       0x88 CMakeFiles/pico_lorawan_send_data_gps.dir/__/__/lib/LoRaMac-node/src/apps/LoRaMac/common/LmHandler/packages/FragDecoder.c.obj
 .text.FragPushLineToBinaryMatrix
                0x10001f70       0x80 CMakeFiles/pico_lorawan_send_data_gps.dir/__/__/lib/LoRaMac-node/src/apps/LoRaMac/common/LmHandler/packages/FragDecoder.c.obj
 .text.FragDecoderInit
                0x10001ff0       0xa4 CMakeFiles/pico_lorawan_send_data_gps.dir/__/__/lib/LoRaMac-node/src/apps/LoRaMac/common/LmHandler/packages/FragDecoder.c.obj
                0x10001ff0                FragDecoderInit
 .text.FragDecoderGetMaxFileSize
                0x10002094        0x8 CMakeFiles/pico_lorawan_send_data_gps.dir/__/__/lib/LoRaMac-node/src/apps/LoRaMac/common/LmHandler/packages/FragDecoder.c.obj
                0x10002094                FragDecoderGetMaxFileSize
 .text.FragDecoderProcess
                0x1000209c      0x280 CMakeFiles/pico_lorawan_send_data_gps.dir/__/__/lib/LoRaMac-node/src/apps/LoRaMac/common/LmHandler/packages/FragDecoder.c.obj
                0x1000209c                FragDecoderProcess
 .text.FragDecoderGetStatus
                0x1000231c       0x18 CMakeFiles/pico_lorawan_send_data_gps.dir/__/__/lib/LoRaMac-node/src/apps/LoRaMac/common/LmHandler/packages/FragDecoder.c.obj
                0x1000231c                FragDecoderGetStatus
 .text.LmhpClockSyncInit
                0x10002334       0x24 CMakeFiles/pico_lorawan_send_data_gps.dir/__/__/lib/LoRaMac-node/src/apps/LoRaMac/common/LmHandler/packages/LmhpClockSync.c.obj
 .text.LmhpClockSyncIsInitialized
                0x10002358        0xc CMakeFiles/pico_lorawan_send_data_gps.dir/__/__/lib/LoRaMac-node/src/apps/LoRaMac/common/LmHandler/packages/LmhpClockSync.c.obj
 .text.LmhpClockSyncIsTxPending
                0x10002364        0xc CMakeFiles/pico_lorawan_send_data_gps.dir/__/__/lib/LoRaMac-node/src/apps/LoRaMac/common/LmHandler/packages/LmhpClockSync.c.obj
 .text.LmhpClockSyncOnMcpsIndication
                0x10002370      0x184 CMakeFiles/pico_lorawan_send_data_gps.dir/__/__/lib/LoRaMac-node/src/apps/LoRaMac/common/LmHandler/packages/LmhpClockSync.c.obj
 .text.LmhpClockSyncOnMcpsConfirm
                0x100024f4       0x4c CMakeFiles/pico_lorawan_send_data_gps.dir/__/__/lib/LoRaMac-node/src/apps/LoRaMac/common/LmHandler/packages/LmhpClockSync.c.obj
 .text.LmphClockSyncPackageFactory
                0x10002540        0x8 CMakeFiles/pico_lorawan_send_data_gps.dir/__/__/lib/LoRaMac-node/src/apps/LoRaMac/common/LmHandler/packages/LmhpClockSync.c.obj
                0x10002540                LmphClockSyncPackageFactory
 .text.LmhpClockSyncAppTimeReq
                0x10002548       0xc8 CMakeFiles/pico_lorawan_send_data_gps.dir/__/__/lib/LoRaMac-node/src/apps/LoRaMac/common/LmHandler/packages/LmhpClockSync.c.obj
                0x10002548                LmhpClockSyncAppTimeReq
 .text.LmhpClockSyncProcess
                0x10002610       0x24 CMakeFiles/pico_lorawan_send_data_gps.dir/__/__/lib/LoRaMac-node/src/apps/LoRaMac/common/LmHandler/packages/LmhpClockSync.c.obj
 .text.LmhpComplianceIsInitialized
                0x10002634        0xc CMakeFiles/pico_lorawan_send_data_gps.dir/__/__/lib/LoRaMac-node/src/apps/LoRaMac/common/LmHandler/packages/LmhpCompliance.c.obj
 .text.LmhpComplianceIsTxPending
                0x10002640        0xc CMakeFiles/pico_lorawan_send_data_gps.dir/__/__/lib/LoRaMac-node/src/apps/LoRaMac/common/LmHandler/packages/LmhpCompliance.c.obj
 .text.SendBeaconRxStatusInd
                0x1000264c      0x148 CMakeFiles/pico_lorawan_send_data_gps.dir/__/__/lib/LoRaMac-node/src/apps/LoRaMac/common/LmHandler/packages/LmhpCompliance.c.obj
 .text.LmhpComplianceOnMlmeIndication
                0x10002794       0x60 CMakeFiles/pico_lorawan_send_data_gps.dir/__/__/lib/LoRaMac-node/src/apps/LoRaMac/common/LmHandler/packages/LmhpCompliance.c.obj
 .text.LmhpComplianceOnMlmeConfirm
                0x100027f4       0x34 CMakeFiles/pico_lorawan_send_data_gps.dir/__/__/lib/LoRaMac-node/src/apps/LoRaMac/common/LmHandler/packages/LmhpCompliance.c.obj
 .text.LmhpComplianceInit
                0x10002828       0x4c CMakeFiles/pico_lorawan_send_data_gps.dir/__/__/lib/LoRaMac-node/src/apps/LoRaMac/common/LmHandler/packages/LmhpCompliance.c.obj
 .text.LmhpComplianceOnMcpsIndication
                0x10002874      0x324 CMakeFiles/pico_lorawan_send_data_gps.dir/__/__/lib/LoRaMac-node/src/apps/LoRaMac/common/LmHandler/packages/LmhpCompliance.c.obj
 .text.LmhpComplianceProcess
                0x10002b98       0x74 CMakeFiles/pico_lorawan_send_data_gps.dir/__/__/lib/LoRaMac-node/src/apps/LoRaMac/common/LmHandler/packages/LmhpCompliance.c.obj
 .text.LmphCompliancePackageFactory
                0x10002c0c        0x8 CMakeFiles/pico_lorawan_send_data_gps.dir/__/__/lib/LoRaMac-node/src/apps/LoRaMac/common/LmHandler/packages/LmhpCompliance.c.obj
                0x10002c0c                LmphCompliancePackageFactory
 .text.LmhpFragmentationIsInitialized
                0x10002c14        0xc CMakeFiles/pico_lorawan_send_data_gps.dir/__/__/lib/LoRaMac-node/src/apps/LoRaMac/common/LmHandler/packages/LmhpFragmentation.c.obj
 .text.LmhpFragmentationIsTxPending
                0x10002c20        0xc CMakeFiles/pico_lorawan_send_data_gps.dir/__/__/lib/LoRaMac-node/src/apps/LoRaMac/common/LmHandler/packages/LmhpFragmentation.c.obj
 .text.LmhpFragmentationOnMcpsIndication
                0x10002c2c      0x39c CMakeFiles/pico_lorawan_send_data_gps.dir/__/__/lib/LoRaMac-node/src/apps/LoRaMac/common/LmHandler/packages/LmhpFragmentation.c.obj
 .text.LmhpFragmentationProcess
                0x10002fc8       0x54 CMakeFiles/pico_lorawan_send_data_gps.dir/__/__/lib/LoRaMac-node/src/apps/LoRaMac/common/LmHandler/packages/LmhpFragmentation.c.obj
 .text.LmhpFragmentationInit
                0x1000301c       0x50 CMakeFiles/pico_lorawan_send_data_gps.dir/__/__/lib/LoRaMac-node/src/apps/LoRaMac/common/LmHandler/packages/LmhpFragmentation.c.obj
 .text.OnFragmentTxDelay
                0x1000306c       0x18 CMakeFiles/pico_lorawan_send_data_gps.dir/__/__/lib/LoRaMac-node/src/apps/LoRaMac/common/LmHandler/packages/LmhpFragmentation.c.obj
 .text.LmhpFragmentationPackageFactory
                0x10003084        0x8 CMakeFiles/pico_lorawan_send_data_gps.dir/__/__/lib/LoRaMac-node/src/apps/LoRaMac/common/LmHandler/packages/LmhpFragmentation.c.obj
                0x10003084                LmhpFragmentationPackageFactory
 .text.LmhpRemoteMcastSetupIsInitialized
                0x1000308c        0xc CMakeFiles/pico_lorawan_send_data_gps.dir/__/__/lib/LoRaMac-node/src/apps/LoRaMac/common/LmHandler/packages/LmhpRemoteMcastSetup.c.obj
 .text.LmhpRemoteMcastSetupIsTxPending
                0x10003098        0xc CMakeFiles/pico_lorawan_send_data_gps.dir/__/__/lib/LoRaMac-node/src/apps/LoRaMac/common/LmHandler/packages/LmhpRemoteMcastSetup.c.obj
 .text.LmhpRemoteMcastSetupOnMcpsIndication
                0x100030a4      0x458 CMakeFiles/pico_lorawan_send_data_gps.dir/__/__/lib/LoRaMac-node/src/apps/LoRaMac/common/LmHandler/packages/LmhpRemoteMcastSetup.c.obj
 .text.LmhpRemoteMcastSetupProcess
                0x100034fc       0x5c CMakeFiles/pico_lorawan_send_data_gps.dir/__/__/lib/LoRaMac-node/src/apps/LoRaMac/common/LmHandler/packages/LmhpRemoteMcastSetup.c.obj
 .text.LmhpRemoteMcastSetupInit
                0x10003558       0x44 CMakeFiles/pico_lorawan_send_data_gps.dir/__/__/lib/LoRaMac-node/src/apps/LoRaMac/common/LmHandler/packages/LmhpRemoteMcastSetup.c.obj
 .text.OnSessionStopTimer
                0x1000359c       0x18 CMakeFiles/pico_lorawan_send_data_gps.dir/__/__/lib/LoRaMac-node/src/apps/LoRaMac/common/LmHandler/packages/LmhpRemoteMcastSetup.c.obj
 .text.OnSessionStartTimer
                0x100035b4       0x18 CMakeFiles/pico_lorawan_send_data_gps.dir/__/__/lib/LoRaMac-node/src/apps/LoRaMac/common/LmHandler/packages/LmhpRemoteMcastSetup.c.obj
 .text.LmhpRemoteMcastSetupPackageFactory
                0x100035cc        0x8 CMakeFiles/pico_lorawan_send_data_gps.dir/__/__/lib/LoRaMac-node/src/apps/LoRaMac/common/LmHandler/packages/LmhpRemoteMcastSetup.c.obj
                0x100035cc                LmhpRemoteMcastSetupPackageFactory
 .text.rand1    0x100035d4       0x2c CMakeFiles/pico_lorawan_send_data_gps.dir/__/__/lib/LoRaMac-node/src/boards/mcu/utilities.c.obj
                0x100035d4                rand1
 .text.srand1   0x10003600        0xc CMakeFiles/pico_lorawan_send_data_gps.dir/__/__/lib/LoRaMac-node/src/boards/mcu/utilities.c.obj
                0x10003600                srand1
 .text.randr    0x1000360c       0x16 CMakeFiles/pico_lorawan_send_data_gps.dir/__/__/lib/LoRaMac-node/src/boards/mcu/utilities.c.obj
                0x1000360c                randr
 .text.memcpy1  0x10003622       0x16 CMakeFiles/pico_lorawan_send_data_gps.dir/__/__/lib/LoRaMac-node/src/boards/mcu/utilities.c.obj
                0x10003622                memcpy1
 .text.memcpyr  0x10003638       0x1a CMakeFiles/pico_lorawan_send_data_gps.dir/__/__/lib/LoRaMac-node/src/boards/mcu/utilities.c.obj
                0x10003638                memcpyr
 .text.memset1  0x10003652       0x12 CMakeFiles/pico_lorawan_send_data_gps.dir/__/__/lib/LoRaMac-node/src/boards/mcu/utilities.c.obj
                0x10003652                memset1
 .text.Crc32    0x10003664       0x40 CMakeFiles/pico_lorawan_send_data_gps.dir/__/__/lib/LoRaMac-node/src/boards/mcu/utilities.c.obj
                0x10003664                Crc32
 .text.Crc32Init
                0x100036a4        0x6 CMakeFiles/pico_lorawan_send_data_gps.dir/__/__/lib/LoRaMac-node/src/boards/mcu/utilities.c.obj
                0x100036a4                Crc32Init
 *fill*         0x100036aa        0x2 
 .text.Crc32Update
                0x100036ac       0x38 CMakeFiles/pico_lorawan_send_data_gps.dir/__/__/lib/LoRaMac-node/src/boards/mcu/utilities.c.obj
                0x100036ac                Crc32Update
 .text.Crc32Finalize
                0x100036e4        0x4 CMakeFiles/pico_lorawan_send_data_gps.dir/__/__/lib/LoRaMac-node/src/boards/mcu/utilities.c.obj
                0x100036e4                Crc32Finalize
 .text.RegionIsActive
                0x100036e8        0xc CMakeFiles/pico_lorawan_send_data_gps.dir/__/__/lib/LoRaMac-node/src/mac/region/Region.c.obj
                0x100036e8                RegionIsActive
 .text.RegionGetPhyParam
                0x100036f4       0x78 CMakeFiles/pico_lorawan_send_data_gps.dir/__/__/lib/LoRaMac-node/src/mac/region/Region.c.obj
                0x100036f4                RegionGetPhyParam
 .text.RegionSetBandTxDone
                0x1000376c       0x54 CMakeFiles/pico_lorawan_send_data_gps.dir/__/__/lib/LoRaMac-node/src/mac/region/Region.c.obj
                0x1000376c                RegionSetBandTxDone
 .text.RegionInitDefaults
                0x100037c0       0x54 CMakeFiles/pico_lorawan_send_data_gps.dir/__/__/lib/LoRaMac-node/src/mac/region/Region.c.obj
                0x100037c0                RegionInitDefaults
 .text.RegionVerify
                0x10003814       0x58 CMakeFiles/pico_lorawan_send_data_gps.dir/__/__/lib/LoRaMac-node/src/mac/region/Region.c.obj
                0x10003814                RegionVerify
 .text.RegionApplyCFList
                0x1000386c       0x54 CMakeFiles/pico_lorawan_send_data_gps.dir/__/__/lib/LoRaMac-node/src/mac/region/Region.c.obj
                0x1000386c                RegionApplyCFList
 .text.RegionChanMaskSet
                0x100038c0       0x58 CMakeFiles/pico_lorawan_send_data_gps.dir/__/__/lib/LoRaMac-node/src/mac/region/Region.c.obj
                0x100038c0                RegionChanMaskSet
 .text.RegionComputeRxWindowParameters
                0x10003918       0x6c CMakeFiles/pico_lorawan_send_data_gps.dir/__/__/lib/LoRaMac-node/src/mac/region/Region.c.obj
                0x10003918                RegionComputeRxWindowParameters
 .text.RegionRxConfig
                0x10003984       0x58 CMakeFiles/pico_lorawan_send_data_gps.dir/__/__/lib/LoRaMac-node/src/mac/region/Region.c.obj
                0x10003984                RegionRxConfig
 .text.RegionTxConfig
                0x100039dc       0x5c CMakeFiles/pico_lorawan_send_data_gps.dir/__/__/lib/LoRaMac-node/src/mac/region/Region.c.obj
                0x100039dc                RegionTxConfig
 .text.RegionLinkAdrReq
                0x10003a38       0x9c CMakeFiles/pico_lorawan_send_data_gps.dir/__/__/lib/LoRaMac-node/src/mac/region/Region.c.obj
                0x10003a38                RegionLinkAdrReq
 .text.RegionRxParamSetupReq
                0x10003ad4       0x58 CMakeFiles/pico_lorawan_send_data_gps.dir/__/__/lib/LoRaMac-node/src/mac/region/Region.c.obj
                0x10003ad4                RegionRxParamSetupReq
 .text.RegionNewChannelReq
                0x10003b2c       0x58 CMakeFiles/pico_lorawan_send_data_gps.dir/__/__/lib/LoRaMac-node/src/mac/region/Region.c.obj
                0x10003b2c                RegionNewChannelReq
 .text.RegionTxParamSetupReq
                0x10003b84       0x58 CMakeFiles/pico_lorawan_send_data_gps.dir/__/__/lib/LoRaMac-node/src/mac/region/Region.c.obj
                0x10003b84                RegionTxParamSetupReq
 .text.RegionDlChannelReq
                0x10003bdc       0x58 CMakeFiles/pico_lorawan_send_data_gps.dir/__/__/lib/LoRaMac-node/src/mac/region/Region.c.obj
                0x10003bdc                RegionDlChannelReq
 .text.RegionAlternateDr
                0x10003c34       0x58 CMakeFiles/pico_lorawan_send_data_gps.dir/__/__/lib/LoRaMac-node/src/mac/region/Region.c.obj
                0x10003c34                RegionAlternateDr
 .text.RegionNextChannel
                0x10003c8c       0x70 CMakeFiles/pico_lorawan_send_data_gps.dir/__/__/lib/LoRaMac-node/src/mac/region/Region.c.obj
                0x10003c8c                RegionNextChannel
 .text.RegionApplyDrOffset
                0x10003cfc       0x5c CMakeFiles/pico_lorawan_send_data_gps.dir/__/__/lib/LoRaMac-node/src/mac/region/Region.c.obj
                0x10003cfc                RegionApplyDrOffset
 .text.RegionGetVersion
                0x10003d58        0x8 CMakeFiles/pico_lorawan_send_data_gps.dir/__/__/lib/LoRaMac-node/src/mac/region/Region.c.obj
                0x10003d58                RegionGetVersion
 .text.VerifyRfFreq
                0x10003d60       0x2c CMakeFiles/pico_lorawan_send_data_gps.dir/__/__/lib/LoRaMac-node/src/mac/region/RegionAS923.c.obj
 .text.GetTimeOnAir
                0x10003d8c       0x6c CMakeFiles/pico_lorawan_send_data_gps.dir/__/__/lib/LoRaMac-node/src/mac/region/RegionAS923.c.obj
 .text.RegionAS923GetPhyParam
                0x10003df8      0x194 CMakeFiles/pico_lorawan_send_data_gps.dir/__/__/lib/LoRaMac-node/src/mac/region/RegionAS923.c.obj
                0x10003df8                RegionAS923GetPhyParam
 .text.RegionAS923SetBandTxDone
                0x10003f8c       0x3c CMakeFiles/pico_lorawan_send_data_gps.dir/__/__/lib/LoRaMac-node/src/mac/region/RegionAS923.c.obj
                0x10003f8c                RegionAS923SetBandTxDone
 .text.RegionAS923InitDefaults
                0x10003fc8       0xb0 CMakeFiles/pico_lorawan_send_data_gps.dir/__/__/lib/LoRaMac-node/src/mac/region/RegionAS923.c.obj
                0x10003fc8                RegionAS923InitDefaults
 .text.RegionAS923Verify
                0x10004078       0xa4 CMakeFiles/pico_lorawan_send_data_gps.dir/__/__/lib/LoRaMac-node/src/mac/region/RegionAS923.c.obj
                0x10004078                RegionAS923Verify
 .text.RegionAS923ChanMaskSet
                0x1000411c       0x48 CMakeFiles/pico_lorawan_send_data_gps.dir/__/__/lib/LoRaMac-node/src/mac/region/RegionAS923.c.obj
                0x1000411c                RegionAS923ChanMaskSet
 .text.RegionAS923ComputeRxWindowParameters
                0x10004164       0x70 CMakeFiles/pico_lorawan_send_data_gps.dir/__/__/lib/LoRaMac-node/src/mac/region/RegionAS923.c.obj
                0x10004164                RegionAS923ComputeRxWindowParameters
 .text.RegionAS923RxConfig
                0x100041d4       0xf8 CMakeFiles/pico_lorawan_send_data_gps.dir/__/__/lib/LoRaMac-node/src/mac/region/RegionAS923.c.obj
                0x100041d4                RegionAS923RxConfig
 .text.RegionAS923TxConfig
                0x100042cc      0x124 CMakeFiles/pico_lorawan_send_data_gps.dir/__/__/lib/LoRaMac-node/src/mac/region/RegionAS923.c.obj
                0x100042cc                RegionAS923TxConfig
 .text.RegionAS923LinkAdrReq
                0x100043f0      0x190 CMakeFiles/pico_lorawan_send_data_gps.dir/__/__/lib/LoRaMac-node/src/mac/region/RegionAS923.c.obj
                0x100043f0                RegionAS923LinkAdrReq
 .text.RegionAS923RxParamSetupReq
                0x10004580       0x40 CMakeFiles/pico_lorawan_send_data_gps.dir/__/__/lib/LoRaMac-node/src/mac/region/RegionAS923.c.obj
                0x10004580                RegionAS923RxParamSetupReq
 .text.RegionAS923TxParamSetupReq
                0x100045c0        0x4 CMakeFiles/pico_lorawan_send_data_gps.dir/__/__/lib/LoRaMac-node/src/mac/region/RegionAS923.c.obj
                0x100045c0                RegionAS923TxParamSetupReq
 .text.RegionAS923DlChannelReq
                0x100045c4       0x44 CMakeFiles/pico_lorawan_send_data_gps.dir/__/__/lib/LoRaMac-node/src/mac/region/RegionAS923.c.obj
                0x100045c4                RegionAS923DlChannelReq
 .text.RegionAS923AlternateDr
                0x10004608        0x4 CMakeFiles/pico_lorawan_send_data_gps.dir/__/__/lib/LoRaMac-node/src/mac/region/RegionAS923.c.obj
                0x10004608                RegionAS923AlternateDr
 .text.RegionAS923NextChannel
                0x1000460c      0x120 CMakeFiles/pico_lorawan_send_data_gps.dir/__/__/lib/LoRaMac-node/src/mac/region/RegionAS923.c.obj
                0x1000460c                RegionAS923NextChannel
 .text.RegionAS923ChannelAdd
                0x1000472c       0xc0 CMakeFiles/pico_lorawan_send_data_gps.dir/__/__/lib/LoRaMac-node/src/mac/region/RegionAS923.c.obj
                0x1000472c                RegionAS923ChannelAdd
 .text.RegionAS923ChannelsRemove
                0x100047ec       0x34 CMakeFiles/pico_lorawan_send_data_gps.dir/__/__/lib/LoRaMac-node/src/mac/region/RegionAS923.c.obj
                0x100047ec                RegionAS923ChannelsRemove
 .text.RegionAS923ApplyCFList
                0x10004820       0x7e CMakeFiles/pico_lorawan_send_data_gps.dir/__/__/lib/LoRaMac-node/src/mac/region/RegionAS923.c.obj
                0x10004820                RegionAS923ApplyCFList
 .text.RegionAS923NewChannelReq
                0x1000489e       0x56 CMakeFiles/pico_lorawan_send_data_gps.dir/__/__/lib/LoRaMac-node/src/mac/region/RegionAS923.c.obj
                0x1000489e                RegionAS923NewChannelReq
 .text.RegionAS923ApplyDrOffset
                0x100048f4       0x24 CMakeFiles/pico_lorawan_send_data_gps.dir/__/__/lib/LoRaMac-node/src/mac/region/RegionAS923.c.obj
                0x100048f4                RegionAS923ApplyDrOffset
 .text.VerifyRfFreq
                0x10004918       0x54 CMakeFiles/pico_lorawan_send_data_gps.dir/__/__/lib/LoRaMac-node/src/mac/region/RegionAU915.c.obj
 .text.GetTimeOnAir
                0x1000496c       0x40 CMakeFiles/pico_lorawan_send_data_gps.dir/__/__/lib/LoRaMac-node/src/mac/region/RegionAU915.c.obj
 .text.RegionAU915GetPhyParam
                0x100049ac      0x1bc CMakeFiles/pico_lorawan_send_data_gps.dir/__/__/lib/LoRaMac-node/src/mac/region/RegionAU915.c.obj
                0x100049ac                RegionAU915GetPhyParam
 .text.RegionAU915SetBandTxDone
                0x10004b68       0x3c CMakeFiles/pico_lorawan_send_data_gps.dir/__/__/lib/LoRaMac-node/src/mac/region/RegionAU915.c.obj
                0x10004b68                RegionAU915SetBandTxDone
 .text.RegionAU915InitDefaults
                0x10004ba4      0x168 CMakeFiles/pico_lorawan_send_data_gps.dir/__/__/lib/LoRaMac-node/src/mac/region/RegionAU915.c.obj
                0x10004ba4                RegionAU915InitDefaults
 .text.RegionAU915Verify
                0x10004d0c       0x9c CMakeFiles/pico_lorawan_send_data_gps.dir/__/__/lib/LoRaMac-node/src/mac/region/RegionAU915.c.obj
                0x10004d0c                RegionAU915Verify
 .text.RegionAU915ApplyCFList
                0x10004da8       0x78 CMakeFiles/pico_lorawan_send_data_gps.dir/__/__/lib/LoRaMac-node/src/mac/region/RegionAU915.c.obj
                0x10004da8                RegionAU915ApplyCFList
 .text.RegionAU915ChanMaskSet
                0x10004e20       0x8c CMakeFiles/pico_lorawan_send_data_gps.dir/__/__/lib/LoRaMac-node/src/mac/region/RegionAU915.c.obj
                0x10004e20                RegionAU915ChanMaskSet
 .text.RegionAU915ComputeRxWindowParameters
                0x10004eac       0x60 CMakeFiles/pico_lorawan_send_data_gps.dir/__/__/lib/LoRaMac-node/src/mac/region/RegionAU915.c.obj
                0x10004eac                RegionAU915ComputeRxWindowParameters
 .text.RegionAU915RxConfig
                0x10004f0c       0xa0 CMakeFiles/pico_lorawan_send_data_gps.dir/__/__/lib/LoRaMac-node/src/mac/region/RegionAU915.c.obj
                0x10004f0c                RegionAU915RxConfig
 .text.RegionAU915TxConfig
                0x10004fac       0xe0 CMakeFiles/pico_lorawan_send_data_gps.dir/__/__/lib/LoRaMac-node/src/mac/region/RegionAU915.c.obj
                0x10004fac                RegionAU915TxConfig
 .text.RegionAU915LinkAdrReq
                0x1000508c      0x29c CMakeFiles/pico_lorawan_send_data_gps.dir/__/__/lib/LoRaMac-node/src/mac/region/RegionAU915.c.obj
                0x1000508c                RegionAU915LinkAdrReq
 .text.RegionAU915RxParamSetupReq
                0x10005328       0x50 CMakeFiles/pico_lorawan_send_data_gps.dir/__/__/lib/LoRaMac-node/src/mac/region/RegionAU915.c.obj
                0x10005328                RegionAU915RxParamSetupReq
 .text.RegionAU915NewChannelReq
                0x10005378        0x6 CMakeFiles/pico_lorawan_send_data_gps.dir/__/__/lib/LoRaMac-node/src/mac/region/RegionAU915.c.obj
                0x10005378                RegionAU915NewChannelReq
 .text.RegionAU915TxParamSetupReq
                0x1000537e        0x4 CMakeFiles/pico_lorawan_send_data_gps.dir/__/__/lib/LoRaMac-node/src/mac/region/RegionAU915.c.obj
                0x1000537e                RegionAU915TxParamSetupReq
 .text.RegionAU915DlChannelReq
                0x10005382        0x6 CMakeFiles/pico_lorawan_send_data_gps.dir/__/__/lib/LoRaMac-node/src/mac/region/RegionAU915.c.obj
                0x10005382                RegionAU915DlChannelReq
 .text.RegionAU915AlternateDr
                0x10005388       0x40 CMakeFiles/pico_lorawan_send_data_gps.dir/__/__/lib/LoRaMac-node/src/mac/region/RegionAU915.c.obj
                0x10005388                RegionAU915AlternateDr
 .text.RegionAU915NextChannel
                0x100053c8      0x16c CMakeFiles/pico_lorawan_send_data_gps.dir/__/__/lib/LoRaMac-node/src/mac/region/RegionAU915.c.obj
                0x100053c8                RegionAU915NextChannel
 .text.RegionAU915ApplyDrOffset
                0x10005534       0x28 CMakeFiles/pico_lorawan_send_data_gps.dir/__/__/lib/LoRaMac-node/src/mac/region/RegionAU915.c.obj
                0x10005534                RegionAU915ApplyDrOffset
 .text.FindAvailable125kHzChannels
                0x1000555c       0x38 CMakeFiles/pico_lorawan_send_data_gps.dir/__/__/lib/LoRaMac-node/src/mac/region/RegionBaseUS.c.obj
 .text.RegionBaseUSComputeNext125kHzJoinChannel
                0x10005594       0x9c CMakeFiles/pico_lorawan_send_data_gps.dir/__/__/lib/LoRaMac-node/src/mac/region/RegionBaseUS.c.obj
                0x10005594                RegionBaseUSComputeNext125kHzJoinChannel
 .text.RegionBaseUSVerifyFrequencyGroup
                0x10005630       0x26 CMakeFiles/pico_lorawan_send_data_gps.dir/__/__/lib/LoRaMac-node/src/mac/region/RegionBaseUS.c.obj
                0x10005630                RegionBaseUSVerifyFrequencyGroup
 .text.RegionBaseUSCalcDownlinkFrequency
                0x10005656        0x6 CMakeFiles/pico_lorawan_send_data_gps.dir/__/__/lib/LoRaMac-node/src/mac/region/RegionBaseUS.c.obj
                0x10005656                RegionBaseUSCalcDownlinkFrequency
 .text.ApplyChannelPlanConfig
                0x1000565c      0x17c CMakeFiles/pico_lorawan_send_data_gps.dir/__/__/lib/LoRaMac-node/src/mac/region/RegionCN470.c.obj
 .text.IdentifyChannelPlan
                0x100057d8       0x34 CMakeFiles/pico_lorawan_send_data_gps.dir/__/__/lib/LoRaMac-node/src/mac/region/RegionCN470.c.obj
 .text.VerifyRfFreq
                0x1000580c       0x20 CMakeFiles/pico_lorawan_send_data_gps.dir/__/__/lib/LoRaMac-node/src/mac/region/RegionCN470.c.obj
 .text.GetTimeOnAir
                0x1000582c       0x40 CMakeFiles/pico_lorawan_send_data_gps.dir/__/__/lib/LoRaMac-node/src/mac/region/RegionCN470.c.obj
 .text.RegionCN470GetPhyParam
                0x1000586c      0x21c CMakeFiles/pico_lorawan_send_data_gps.dir/__/__/lib/LoRaMac-node/src/mac/region/RegionCN470.c.obj
                0x1000586c                RegionCN470GetPhyParam
 .text.RegionCN470SetBandTxDone
                0x10005a88       0x3c CMakeFiles/pico_lorawan_send_data_gps.dir/__/__/lib/LoRaMac-node/src/mac/region/RegionCN470.c.obj
                0x10005a88                RegionCN470SetBandTxDone
 .text.RegionCN470InitDefaults
                0x10005ac4      0x10c CMakeFiles/pico_lorawan_send_data_gps.dir/__/__/lib/LoRaMac-node/src/mac/region/RegionCN470.c.obj
                0x10005ac4                RegionCN470InitDefaults
 .text.RegionCN470Verify
                0x10005bd0       0x68 CMakeFiles/pico_lorawan_send_data_gps.dir/__/__/lib/LoRaMac-node/src/mac/region/RegionCN470.c.obj
                0x10005bd0                RegionCN470Verify
 .text.RegionCN470ApplyCFList
                0x10005c38       0x9c CMakeFiles/pico_lorawan_send_data_gps.dir/__/__/lib/LoRaMac-node/src/mac/region/RegionCN470.c.obj
                0x10005c38                RegionCN470ApplyCFList
 .text.RegionCN470ChanMaskSet
                0x10005cd4       0x74 CMakeFiles/pico_lorawan_send_data_gps.dir/__/__/lib/LoRaMac-node/src/mac/region/RegionCN470.c.obj
                0x10005cd4                RegionCN470ChanMaskSet
 .text.RegionCN470ComputeRxWindowParameters
                0x10005d48       0x60 CMakeFiles/pico_lorawan_send_data_gps.dir/__/__/lib/LoRaMac-node/src/mac/region/RegionCN470.c.obj
                0x10005d48                RegionCN470ComputeRxWindowParameters
 .text.RegionCN470RxConfig
                0x10005da8       0xd4 CMakeFiles/pico_lorawan_send_data_gps.dir/__/__/lib/LoRaMac-node/src/mac/region/RegionCN470.c.obj
                0x10005da8                RegionCN470RxConfig
 .text.RegionCN470TxConfig
                0x10005e7c      0x120 CMakeFiles/pico_lorawan_send_data_gps.dir/__/__/lib/LoRaMac-node/src/mac/region/RegionCN470.c.obj
                0x10005e7c                RegionCN470TxConfig
 .text.RegionCN470LinkAdrReq
                0x10005f9c      0x1a8 CMakeFiles/pico_lorawan_send_data_gps.dir/__/__/lib/LoRaMac-node/src/mac/region/RegionCN470.c.obj
                0x10005f9c                RegionCN470LinkAdrReq
 .text.RegionCN470RxParamSetupReq
                0x10006144       0x40 CMakeFiles/pico_lorawan_send_data_gps.dir/__/__/lib/LoRaMac-node/src/mac/region/RegionCN470.c.obj
                0x10006144                RegionCN470RxParamSetupReq
 .text.RegionCN470NewChannelReq
                0x10006184        0x6 CMakeFiles/pico_lorawan_send_data_gps.dir/__/__/lib/LoRaMac-node/src/mac/region/RegionCN470.c.obj
                0x10006184                RegionCN470NewChannelReq
 .text.RegionCN470TxParamSetupReq
                0x1000618a        0x6 CMakeFiles/pico_lorawan_send_data_gps.dir/__/__/lib/LoRaMac-node/src/mac/region/RegionCN470.c.obj
                0x1000618a                RegionCN470TxParamSetupReq
 .text.RegionCN470DlChannelReq
                0x10006190        0x6 CMakeFiles/pico_lorawan_send_data_gps.dir/__/__/lib/LoRaMac-node/src/mac/region/RegionCN470.c.obj
                0x10006190                RegionCN470DlChannelReq
 .text.RegionCN470AlternateDr
                0x10006196        0x2 CMakeFiles/pico_lorawan_send_data_gps.dir/__/__/lib/LoRaMac-node/src/mac/region/RegionCN470.c.obj
                0x10006196                RegionCN470AlternateDr
 .text.RegionCN470NextChannel
                0x10006198      0x160 CMakeFiles/pico_lorawan_send_data_gps.dir/__/__/lib/LoRaMac-node/src/mac/region/RegionCN470.c.obj
                0x10006198                RegionCN470NextChannel
 .text.RegionCN470ApplyDrOffset
                0x100062f8       0x20 CMakeFiles/pico_lorawan_send_data_gps.dir/__/__/lib/LoRaMac-node/src/mac/region/RegionCN470.c.obj
                0x100062f8                RegionCN470ApplyDrOffset
 .text.RegionCN470A20GetBeaconChannelOffset
                0x10006318        0x6 CMakeFiles/pico_lorawan_send_data_gps.dir/__/__/lib/LoRaMac-node/src/mac/region/RegionCN470A20.c.obj
                0x10006318                RegionCN470A20GetBeaconChannelOffset
 .text.RegionCN470A20LinkAdrChMaskUpdate
                0x1000631e       0x72 CMakeFiles/pico_lorawan_send_data_gps.dir/__/__/lib/LoRaMac-node/src/mac/region/RegionCN470A20.c.obj
                0x1000631e                RegionCN470A20LinkAdrChMaskUpdate
 .text.RegionCN470A20VerifyRfFreq
                0x10006390       0x1c CMakeFiles/pico_lorawan_send_data_gps.dir/__/__/lib/LoRaMac-node/src/mac/region/RegionCN470A20.c.obj
                0x10006390                RegionCN470A20VerifyRfFreq
 .text.RegionCN470A20InitializeChannels
                0x100063ac       0x64 CMakeFiles/pico_lorawan_send_data_gps.dir/__/__/lib/LoRaMac-node/src/mac/region/RegionCN470A20.c.obj
                0x100063ac                RegionCN470A20InitializeChannels
 .text.RegionCN470A20InitializeChannelsMask
                0x10006410       0x14 CMakeFiles/pico_lorawan_send_data_gps.dir/__/__/lib/LoRaMac-node/src/mac/region/RegionCN470A20.c.obj
                0x10006410                RegionCN470A20InitializeChannelsMask
 .text.RegionCN470A20GetRx1Frequency
                0x10006424       0x24 CMakeFiles/pico_lorawan_send_data_gps.dir/__/__/lib/LoRaMac-node/src/mac/region/RegionCN470A20.c.obj
                0x10006424                RegionCN470A20GetRx1Frequency
 .text.RegionCN470A20GetDownlinkFrequency
                0x10006448        0x8 CMakeFiles/pico_lorawan_send_data_gps.dir/__/__/lib/LoRaMac-node/src/mac/region/RegionCN470A20.c.obj
                0x10006448                RegionCN470A20GetDownlinkFrequency
 .text.RegionCN470A20GetRx2Frequency
                0x10006450       0x30 CMakeFiles/pico_lorawan_send_data_gps.dir/__/__/lib/LoRaMac-node/src/mac/region/RegionCN470A20.c.obj
                0x10006450                RegionCN470A20GetRx2Frequency
 .text.RegionCN470A26GetDownlinkFrequency
                0x10006480        0x8 CMakeFiles/pico_lorawan_send_data_gps.dir/__/__/lib/LoRaMac-node/src/mac/region/RegionCN470A26.c.obj
                0x10006480                RegionCN470A26GetDownlinkFrequency
 .text.RegionCN470A26GetBeaconChannelOffset
                0x10006488        0x4 CMakeFiles/pico_lorawan_send_data_gps.dir/__/__/lib/LoRaMac-node/src/mac/region/RegionCN470A26.c.obj
                0x10006488                RegionCN470A26GetBeaconChannelOffset
 .text.RegionCN470A26LinkAdrChMaskUpdate
                0x1000648c       0x72 CMakeFiles/pico_lorawan_send_data_gps.dir/__/__/lib/LoRaMac-node/src/mac/region/RegionCN470A26.c.obj
                0x1000648c                RegionCN470A26LinkAdrChMaskUpdate
 *fill*         0x100064fe        0x2 
 .text.RegionCN470A26VerifyRfFreq
                0x10006500       0x1c CMakeFiles/pico_lorawan_send_data_gps.dir/__/__/lib/LoRaMac-node/src/mac/region/RegionCN470A26.c.obj
                0x10006500                RegionCN470A26VerifyRfFreq
 .text.RegionCN470A26InitializeChannels
                0x1000651c       0x34 CMakeFiles/pico_lorawan_send_data_gps.dir/__/__/lib/LoRaMac-node/src/mac/region/RegionCN470A26.c.obj
                0x1000651c                RegionCN470A26InitializeChannels
 .text.RegionCN470A26InitializeChannelsMask
                0x10006550       0x14 CMakeFiles/pico_lorawan_send_data_gps.dir/__/__/lib/LoRaMac-node/src/mac/region/RegionCN470A26.c.obj
                0x10006550                RegionCN470A26InitializeChannelsMask
 .text.RegionCN470A26GetRx1Frequency
                0x10006564       0x20 CMakeFiles/pico_lorawan_send_data_gps.dir/__/__/lib/LoRaMac-node/src/mac/region/RegionCN470A26.c.obj
                0x10006564                RegionCN470A26GetRx1Frequency
 .text.RegionCN470A26GetRx2Frequency
                0x10006584        0x8 CMakeFiles/pico_lorawan_send_data_gps.dir/__/__/lib/LoRaMac-node/src/mac/region/RegionCN470A26.c.obj
                0x10006584                RegionCN470A26GetRx2Frequency
 .text.RegionCN470B20GetBeaconChannelOffset
                0x1000658c        0x8 CMakeFiles/pico_lorawan_send_data_gps.dir/__/__/lib/LoRaMac-node/src/mac/region/RegionCN470B20.c.obj
                0x1000658c                RegionCN470B20GetBeaconChannelOffset
 .text.RegionCN470B20LinkAdrChMaskUpdate
                0x10006594        0x8 CMakeFiles/pico_lorawan_send_data_gps.dir/__/__/lib/LoRaMac-node/src/mac/region/RegionCN470B20.c.obj
                0x10006594                RegionCN470B20LinkAdrChMaskUpdate
 .text.RegionCN470B20VerifyRfFreq
                0x1000659c       0x3c CMakeFiles/pico_lorawan_send_data_gps.dir/__/__/lib/LoRaMac-node/src/mac/region/RegionCN470B20.c.obj
                0x1000659c                RegionCN470B20VerifyRfFreq
 .text.RegionCN470B20InitializeChannels
                0x100065d8       0x64 CMakeFiles/pico_lorawan_send_data_gps.dir/__/__/lib/LoRaMac-node/src/mac/region/RegionCN470B20.c.obj
                0x100065d8                RegionCN470B20InitializeChannels
 .text.RegionCN470B20InitializeChannelsMask
                0x1000663c        0x8 CMakeFiles/pico_lorawan_send_data_gps.dir/__/__/lib/LoRaMac-node/src/mac/region/RegionCN470B20.c.obj
                0x1000663c                RegionCN470B20InitializeChannelsMask
 .text.RegionCN470B20GetRx1Frequency
                0x10006644       0x24 CMakeFiles/pico_lorawan_send_data_gps.dir/__/__/lib/LoRaMac-node/src/mac/region/RegionCN470B20.c.obj
                0x10006644                RegionCN470B20GetRx1Frequency
 .text.RegionCN470B20GetDownlinkFrequency
                0x10006668       0x20 CMakeFiles/pico_lorawan_send_data_gps.dir/__/__/lib/LoRaMac-node/src/mac/region/RegionCN470B20.c.obj
                0x10006668                RegionCN470B20GetDownlinkFrequency
 .text.RegionCN470B20GetRx2Frequency
                0x10006688       0x28 CMakeFiles/pico_lorawan_send_data_gps.dir/__/__/lib/LoRaMac-node/src/mac/region/RegionCN470B20.c.obj
                0x10006688                RegionCN470B20GetRx2Frequency
 .text.RegionCN470B26GetDownlinkFrequency
                0x100066b0        0x8 CMakeFiles/pico_lorawan_send_data_gps.dir/__/__/lib/LoRaMac-node/src/mac/region/RegionCN470B26.c.obj
                0x100066b0                RegionCN470B26GetDownlinkFrequency
 .text.RegionCN470B26GetBeaconChannelOffset
                0x100066b8        0x4 CMakeFiles/pico_lorawan_send_data_gps.dir/__/__/lib/LoRaMac-node/src/mac/region/RegionCN470B26.c.obj
                0x100066b8                RegionCN470B26GetBeaconChannelOffset
 .text.RegionCN470B26LinkAdrChMaskUpdate
                0x100066bc        0x8 CMakeFiles/pico_lorawan_send_data_gps.dir/__/__/lib/LoRaMac-node/src/mac/region/RegionCN470B26.c.obj
                0x100066bc                RegionCN470B26LinkAdrChMaskUpdate
 .text.RegionCN470B26VerifyRfFreq
                0x100066c4       0x1c CMakeFiles/pico_lorawan_send_data_gps.dir/__/__/lib/LoRaMac-node/src/mac/region/RegionCN470B26.c.obj
                0x100066c4                RegionCN470B26VerifyRfFreq
 .text.RegionCN470B26InitializeChannels
                0x100066e0       0x34 CMakeFiles/pico_lorawan_send_data_gps.dir/__/__/lib/LoRaMac-node/src/mac/region/RegionCN470B26.c.obj
                0x100066e0                RegionCN470B26InitializeChannels
 .text.RegionCN470B26InitializeChannelsMask
                0x10006714        0x8 CMakeFiles/pico_lorawan_send_data_gps.dir/__/__/lib/LoRaMac-node/src/mac/region/RegionCN470B26.c.obj
                0x10006714                RegionCN470B26InitializeChannelsMask
 .text.RegionCN470B26GetRx1Frequency
                0x1000671c       0x20 CMakeFiles/pico_lorawan_send_data_gps.dir/__/__/lib/LoRaMac-node/src/mac/region/RegionCN470B26.c.obj
                0x1000671c                RegionCN470B26GetRx1Frequency
 .text.RegionCN470B26GetRx2Frequency
                0x1000673c        0x8 CMakeFiles/pico_lorawan_send_data_gps.dir/__/__/lib/LoRaMac-node/src/mac/region/RegionCN470B26.c.obj
                0x1000673c                RegionCN470B26GetRx2Frequency
 .text.VerifyRfFreq
                0x10006744       0x2c CMakeFiles/pico_lorawan_send_data_gps.dir/__/__/lib/LoRaMac-node/src/mac/region/RegionCN779.c.obj
 .text.GetTimeOnAir
                0x10006770       0x6c CMakeFiles/pico_lorawan_send_data_gps.dir/__/__/lib/LoRaMac-node/src/mac/region/RegionCN779.c.obj
 .text.RegionCN779GetPhyParam
                0x100067dc      0x158 CMakeFiles/pico_lorawan_send_data_gps.dir/__/__/lib/LoRaMac-node/src/mac/region/RegionCN779.c.obj
                0x100067dc                RegionCN779GetPhyParam
 .text.RegionCN779SetBandTxDone
                0x10006934       0x3c CMakeFiles/pico_lorawan_send_data_gps.dir/__/__/lib/LoRaMac-node/src/mac/region/RegionCN779.c.obj
                0x10006934                RegionCN779SetBandTxDone
 .text.RegionCN779InitDefaults
                0x10006970       0xc0 CMakeFiles/pico_lorawan_send_data_gps.dir/__/__/lib/LoRaMac-node/src/mac/region/RegionCN779.c.obj
                0x10006970                RegionCN779InitDefaults
 .text.RegionCN779Verify
                0x10006a30       0x74 CMakeFiles/pico_lorawan_send_data_gps.dir/__/__/lib/LoRaMac-node/src/mac/region/RegionCN779.c.obj
                0x10006a30                RegionCN779Verify
 .text.RegionCN779ChanMaskSet
                0x10006aa4       0x48 CMakeFiles/pico_lorawan_send_data_gps.dir/__/__/lib/LoRaMac-node/src/mac/region/RegionCN779.c.obj
                0x10006aa4                RegionCN779ChanMaskSet
 .text.RegionCN779ComputeRxWindowParameters
                0x10006aec       0x70 CMakeFiles/pico_lorawan_send_data_gps.dir/__/__/lib/LoRaMac-node/src/mac/region/RegionCN779.c.obj
                0x10006aec                RegionCN779ComputeRxWindowParameters
 .text.RegionCN779RxConfig
                0x10006b5c       0xf8 CMakeFiles/pico_lorawan_send_data_gps.dir/__/__/lib/LoRaMac-node/src/mac/region/RegionCN779.c.obj
                0x10006b5c                RegionCN779RxConfig
 .text.RegionCN779TxConfig
                0x10006c54      0x124 CMakeFiles/pico_lorawan_send_data_gps.dir/__/__/lib/LoRaMac-node/src/mac/region/RegionCN779.c.obj
                0x10006c54                RegionCN779TxConfig
 .text.RegionCN779LinkAdrReq
                0x10006d78      0x190 CMakeFiles/pico_lorawan_send_data_gps.dir/__/__/lib/LoRaMac-node/src/mac/region/RegionCN779.c.obj
                0x10006d78                RegionCN779LinkAdrReq
 .text.RegionCN779RxParamSetupReq
                0x10006f08       0x40 CMakeFiles/pico_lorawan_send_data_gps.dir/__/__/lib/LoRaMac-node/src/mac/region/RegionCN779.c.obj
                0x10006f08                RegionCN779RxParamSetupReq
 .text.RegionCN779TxParamSetupReq
                0x10006f48        0x6 CMakeFiles/pico_lorawan_send_data_gps.dir/__/__/lib/LoRaMac-node/src/mac/region/RegionCN779.c.obj
                0x10006f48                RegionCN779TxParamSetupReq
 *fill*         0x10006f4e        0x2 
 .text.RegionCN779DlChannelReq
                0x10006f50       0x44 CMakeFiles/pico_lorawan_send_data_gps.dir/__/__/lib/LoRaMac-node/src/mac/region/RegionCN779.c.obj
                0x10006f50                RegionCN779DlChannelReq
 .text.RegionCN779AlternateDr
                0x10006f94        0x2 CMakeFiles/pico_lorawan_send_data_gps.dir/__/__/lib/LoRaMac-node/src/mac/region/RegionCN779.c.obj
                0x10006f94                RegionCN779AlternateDr
 *fill*         0x10006f96        0x2 
 .text.RegionCN779NextChannel
                0x10006f98      0x120 CMakeFiles/pico_lorawan_send_data_gps.dir/__/__/lib/LoRaMac-node/src/mac/region/RegionCN779.c.obj
                0x10006f98                RegionCN779NextChannel
 .text.RegionCN779ChannelAdd
                0x100070b8       0xc0 CMakeFiles/pico_lorawan_send_data_gps.dir/__/__/lib/LoRaMac-node/src/mac/region/RegionCN779.c.obj
                0x100070b8                RegionCN779ChannelAdd
 .text.RegionCN779ChannelsRemove
                0x10007178       0x34 CMakeFiles/pico_lorawan_send_data_gps.dir/__/__/lib/LoRaMac-node/src/mac/region/RegionCN779.c.obj
                0x10007178                RegionCN779ChannelsRemove
 .text.RegionCN779ApplyCFList
                0x100071ac       0x7e CMakeFiles/pico_lorawan_send_data_gps.dir/__/__/lib/LoRaMac-node/src/mac/region/RegionCN779.c.obj
                0x100071ac                RegionCN779ApplyCFList
 .text.RegionCN779NewChannelReq
                0x1000722a       0x56 CMakeFiles/pico_lorawan_send_data_gps.dir/__/__/lib/LoRaMac-node/src/mac/region/RegionCN779.c.obj
                0x1000722a                RegionCN779NewChannelReq
 .text.RegionCN779ApplyDrOffset
                0x10007280       0x10 CMakeFiles/pico_lorawan_send_data_gps.dir/__/__/lib/LoRaMac-node/src/mac/region/RegionCN779.c.obj
                0x10007280                RegionCN779ApplyDrOffset
 .text.GetDutyCycle
                0x10007290       0x44 CMakeFiles/pico_lorawan_send_data_gps.dir/__/__/lib/LoRaMac-node/src/mac/region/RegionCommon.c.obj
 .text.CountChannels
                0x100072d4       0x26 CMakeFiles/pico_lorawan_send_data_gps.dir/__/__/lib/LoRaMac-node/src/mac/region/RegionCommon.c.obj
 *fill*         0x100072fa        0x2 
 .text.SetMaxTimeCredits
                0x100072fc      0x114 CMakeFiles/pico_lorawan_send_data_gps.dir/__/__/lib/LoRaMac-node/src/mac/region/RegionCommon.c.obj
 .text.UpdateTimeCredits
                0x10007410       0x3e CMakeFiles/pico_lorawan_send_data_gps.dir/__/__/lib/LoRaMac-node/src/mac/region/RegionCommon.c.obj
 .text.RegionCommonValueInRange
                0x1000744e       0x14 CMakeFiles/pico_lorawan_send_data_gps.dir/__/__/lib/LoRaMac-node/src/mac/region/RegionCommon.c.obj
                0x1000744e                RegionCommonValueInRange
 .text.RegionCommonChanVerifyDr
                0x10007462       0x88 CMakeFiles/pico_lorawan_send_data_gps.dir/__/__/lib/LoRaMac-node/src/mac/region/RegionCommon.c.obj
                0x10007462                RegionCommonChanVerifyDr
 .text.RegionCommonChanDisable
                0x100074ea       0x2a CMakeFiles/pico_lorawan_send_data_gps.dir/__/__/lib/LoRaMac-node/src/mac/region/RegionCommon.c.obj
                0x100074ea                RegionCommonChanDisable
 .text.RegionCommonCountChannels
                0x10007514       0x2e CMakeFiles/pico_lorawan_send_data_gps.dir/__/__/lib/LoRaMac-node/src/mac/region/RegionCommon.c.obj
                0x10007514                RegionCommonCountChannels
 .text.RegionCommonChanMaskCopy
                0x10007542       0x1e CMakeFiles/pico_lorawan_send_data_gps.dir/__/__/lib/LoRaMac-node/src/mac/region/RegionCommon.c.obj
                0x10007542                RegionCommonChanMaskCopy
 .text.RegionCommonSetBandTxDone
                0x10007560       0x2e CMakeFiles/pico_lorawan_send_data_gps.dir/__/__/lib/LoRaMac-node/src/mac/region/RegionCommon.c.obj
                0x10007560                RegionCommonSetBandTxDone
 *fill*         0x1000758e        0x2 
 .text.RegionCommonUpdateBandTimeOff
                0x10007590      0x12c CMakeFiles/pico_lorawan_send_data_gps.dir/__/__/lib/LoRaMac-node/src/mac/region/RegionCommon.c.obj
                0x10007590                RegionCommonUpdateBandTimeOff
 .text.RegionCommonParseLinkAdrReq
                0x100076bc       0x3e CMakeFiles/pico_lorawan_send_data_gps.dir/__/__/lib/LoRaMac-node/src/mac/region/RegionCommon.c.obj
                0x100076bc                RegionCommonParseLinkAdrReq
 .text.RegionCommonLinkAdrReqVerifyParams
                0x100076fa       0xc2 CMakeFiles/pico_lorawan_send_data_gps.dir/__/__/lib/LoRaMac-node/src/mac/region/RegionCommon.c.obj
                0x100076fa                RegionCommonLinkAdrReqVerifyParams
 .text.RegionCommonComputeSymbolTimeLoRa
                0x100077bc       0x14 CMakeFiles/pico_lorawan_send_data_gps.dir/__/__/lib/LoRaMac-node/src/mac/region/RegionCommon.c.obj
                0x100077bc                RegionCommonComputeSymbolTimeLoRa
 .text.RegionCommonComputeSymbolTimeFsk
                0x100077d0        0xe CMakeFiles/pico_lorawan_send_data_gps.dir/__/__/lib/LoRaMac-node/src/mac/region/RegionCommon.c.obj
                0x100077d0                RegionCommonComputeSymbolTimeFsk
 *fill*         0x100077de        0x2 
 .text.RegionCommonComputeRxWindowParameters
                0x100077e0       0x7c CMakeFiles/pico_lorawan_send_data_gps.dir/__/__/lib/LoRaMac-node/src/mac/region/RegionCommon.c.obj
                0x100077e0                RegionCommonComputeRxWindowParameters
 .text.RegionCommonComputeTxPower
                0x1000785c       0x2a CMakeFiles/pico_lorawan_send_data_gps.dir/__/__/lib/LoRaMac-node/src/mac/region/RegionCommon.c.obj
                0x1000785c                RegionCommonComputeTxPower
 .text.RegionCommonCountNbOfEnabledChannels
                0x10007886       0xde CMakeFiles/pico_lorawan_send_data_gps.dir/__/__/lib/LoRaMac-node/src/mac/region/RegionCommon.c.obj
                0x10007886                RegionCommonCountNbOfEnabledChannels
 .text.RegionCommonIdentifyChannels
                0x10007964       0x9a CMakeFiles/pico_lorawan_send_data_gps.dir/__/__/lib/LoRaMac-node/src/mac/region/RegionCommon.c.obj
                0x10007964                RegionCommonIdentifyChannels
 .text.RegionCommonGetNextLowerTxDr
                0x100079fe       0x3e CMakeFiles/pico_lorawan_send_data_gps.dir/__/__/lib/LoRaMac-node/src/mac/region/RegionCommon.c.obj
                0x100079fe                RegionCommonGetNextLowerTxDr
 .text.RegionCommonLimitTxPower
                0x10007a3c        0xc CMakeFiles/pico_lorawan_send_data_gps.dir/__/__/lib/LoRaMac-node/src/mac/region/RegionCommon.c.obj
                0x10007a3c                RegionCommonLimitTxPower
 .text.RegionCommonGetBandwidth
                0x10007a48       0x24 CMakeFiles/pico_lorawan_send_data_gps.dir/__/__/lib/LoRaMac-node/src/mac/region/RegionCommon.c.obj
                0x10007a48                RegionCommonGetBandwidth
 .text.VerifyRfFreq
                0x10007a6c       0x2c CMakeFiles/pico_lorawan_send_data_gps.dir/__/__/lib/LoRaMac-node/src/mac/region/RegionEU433.c.obj
 .text.GetTimeOnAir
                0x10007a98       0x6c CMakeFiles/pico_lorawan_send_data_gps.dir/__/__/lib/LoRaMac-node/src/mac/region/RegionEU433.c.obj
 .text.RegionEU433GetPhyParam
                0x10007b04      0x154 CMakeFiles/pico_lorawan_send_data_gps.dir/__/__/lib/LoRaMac-node/src/mac/region/RegionEU433.c.obj
                0x10007b04                RegionEU433GetPhyParam
 .text.RegionEU433SetBandTxDone
                0x10007c58       0x3c CMakeFiles/pico_lorawan_send_data_gps.dir/__/__/lib/LoRaMac-node/src/mac/region/RegionEU433.c.obj
                0x10007c58                RegionEU433SetBandTxDone
 .text.RegionEU433InitDefaults
                0x10007c94       0xc0 CMakeFiles/pico_lorawan_send_data_gps.dir/__/__/lib/LoRaMac-node/src/mac/region/RegionEU433.c.obj
                0x10007c94                RegionEU433InitDefaults
 .text.RegionEU433Verify
                0x10007d54       0x74 CMakeFiles/pico_lorawan_send_data_gps.dir/__/__/lib/LoRaMac-node/src/mac/region/RegionEU433.c.obj
                0x10007d54                RegionEU433Verify
 .text.RegionEU433ChanMaskSet
                0x10007dc8       0x48 CMakeFiles/pico_lorawan_send_data_gps.dir/__/__/lib/LoRaMac-node/src/mac/region/RegionEU433.c.obj
                0x10007dc8                RegionEU433ChanMaskSet
 .text.RegionEU433ComputeRxWindowParameters
                0x10007e10       0x70 CMakeFiles/pico_lorawan_send_data_gps.dir/__/__/lib/LoRaMac-node/src/mac/region/RegionEU433.c.obj
                0x10007e10                RegionEU433ComputeRxWindowParameters
 .text.RegionEU433RxConfig
                0x10007e80       0xf8 CMakeFiles/pico_lorawan_send_data_gps.dir/__/__/lib/LoRaMac-node/src/mac/region/RegionEU433.c.obj
                0x10007e80                RegionEU433RxConfig
 .text.RegionEU433TxConfig
                0x10007f78      0x124 CMakeFiles/pico_lorawan_send_data_gps.dir/__/__/lib/LoRaMac-node/src/mac/region/RegionEU433.c.obj
                0x10007f78                RegionEU433TxConfig
 .text.RegionEU433LinkAdrReq
                0x1000809c      0x190 CMakeFiles/pico_lorawan_send_data_gps.dir/__/__/lib/LoRaMac-node/src/mac/region/RegionEU433.c.obj
                0x1000809c                RegionEU433LinkAdrReq
 .text.RegionEU433RxParamSetupReq
                0x1000822c       0x40 CMakeFiles/pico_lorawan_send_data_gps.dir/__/__/lib/LoRaMac-node/src/mac/region/RegionEU433.c.obj
                0x1000822c                RegionEU433RxParamSetupReq
 .text.RegionEU433TxParamSetupReq
                0x1000826c        0x6 CMakeFiles/pico_lorawan_send_data_gps.dir/__/__/lib/LoRaMac-node/src/mac/region/RegionEU433.c.obj
                0x1000826c                RegionEU433TxParamSetupReq
 *fill*         0x10008272        0x2 
 .text.RegionEU433DlChannelReq
                0x10008274       0x44 CMakeFiles/pico_lorawan_send_data_gps.dir/__/__/lib/LoRaMac-node/src/mac/region/RegionEU433.c.obj
                0x10008274                RegionEU433DlChannelReq
 .text.RegionEU433AlternateDr
                0x100082b8        0x2 CMakeFiles/pico_lorawan_send_data_gps.dir/__/__/lib/LoRaMac-node/src/mac/region/RegionEU433.c.obj
                0x100082b8                RegionEU433AlternateDr
 *fill*         0x100082ba        0x2 
 .text.RegionEU433NextChannel
                0x100082bc      0x120 CMakeFiles/pico_lorawan_send_data_gps.dir/__/__/lib/LoRaMac-node/src/mac/region/RegionEU433.c.obj
                0x100082bc                RegionEU433NextChannel
 .text.RegionEU433ChannelAdd
                0x100083dc       0xc0 CMakeFiles/pico_lorawan_send_data_gps.dir/__/__/lib/LoRaMac-node/src/mac/region/RegionEU433.c.obj
                0x100083dc                RegionEU433ChannelAdd
 .text.RegionEU433ChannelsRemove
                0x1000849c       0x34 CMakeFiles/pico_lorawan_send_data_gps.dir/__/__/lib/LoRaMac-node/src/mac/region/RegionEU433.c.obj
                0x1000849c                RegionEU433ChannelsRemove
 .text.RegionEU433ApplyCFList
                0x100084d0       0x7e CMakeFiles/pico_lorawan_send_data_gps.dir/__/__/lib/LoRaMac-node/src/mac/region/RegionEU433.c.obj
                0x100084d0                RegionEU433ApplyCFList
 .text.RegionEU433NewChannelReq
                0x1000854e       0x56 CMakeFiles/pico_lorawan_send_data_gps.dir/__/__/lib/LoRaMac-node/src/mac/region/RegionEU433.c.obj
                0x1000854e                RegionEU433NewChannelReq
 .text.RegionEU433ApplyDrOffset
                0x100085a4       0x10 CMakeFiles/pico_lorawan_send_data_gps.dir/__/__/lib/LoRaMac-node/src/mac/region/RegionEU433.c.obj
                0x100085a4                RegionEU433ApplyDrOffset
 .text.VerifyRfFreq
                0x100085b4       0xac CMakeFiles/pico_lorawan_send_data_gps.dir/__/__/lib/LoRaMac-node/src/mac/region/RegionEU868.c.obj
 .text.GetTimeOnAir
                0x10008660       0x6c CMakeFiles/pico_lorawan_send_data_gps.dir/__/__/lib/LoRaMac-node/src/mac/region/RegionEU868.c.obj
 .text.RegionEU868GetPhyParam
                0x100086cc      0x150 CMakeFiles/pico_lorawan_send_data_gps.dir/__/__/lib/LoRaMac-node/src/mac/region/RegionEU868.c.obj
                0x100086cc                RegionEU868GetPhyParam
 .text.RegionEU868SetBandTxDone
                0x1000881c       0x3c CMakeFiles/pico_lorawan_send_data_gps.dir/__/__/lib/LoRaMac-node/src/mac/region/RegionEU868.c.obj
                0x1000881c                RegionEU868SetBandTxDone
 .text.RegionEU868InitDefaults
                0x10008858       0xd4 CMakeFiles/pico_lorawan_send_data_gps.dir/__/__/lib/LoRaMac-node/src/mac/region/RegionEU868.c.obj
                0x10008858                RegionEU868InitDefaults
 .text.RegionEU868Verify
                0x1000892c       0x80 CMakeFiles/pico_lorawan_send_data_gps.dir/__/__/lib/LoRaMac-node/src/mac/region/RegionEU868.c.obj
                0x1000892c                RegionEU868Verify
 .text.RegionEU868ChanMaskSet
                0x100089ac       0x48 CMakeFiles/pico_lorawan_send_data_gps.dir/__/__/lib/LoRaMac-node/src/mac/region/RegionEU868.c.obj
                0x100089ac                RegionEU868ChanMaskSet
 .text.RegionEU868ComputeRxWindowParameters
                0x100089f4       0x70 CMakeFiles/pico_lorawan_send_data_gps.dir/__/__/lib/LoRaMac-node/src/mac/region/RegionEU868.c.obj
                0x100089f4                RegionEU868ComputeRxWindowParameters
 .text.RegionEU868RxConfig
                0x10008a64       0xf8 CMakeFiles/pico_lorawan_send_data_gps.dir/__/__/lib/LoRaMac-node/src/mac/region/RegionEU868.c.obj
                0x10008a64                RegionEU868RxConfig
 .text.RegionEU868TxConfig
                0x10008b5c      0x124 CMakeFiles/pico_lorawan_send_data_gps.dir/__/__/lib/LoRaMac-node/src/mac/region/RegionEU868.c.obj
                0x10008b5c                RegionEU868TxConfig
 .text.RegionEU868LinkAdrReq
                0x10008c80      0x190 CMakeFiles/pico_lorawan_send_data_gps.dir/__/__/lib/LoRaMac-node/src/mac/region/RegionEU868.c.obj
                0x10008c80                RegionEU868LinkAdrReq
 .text.RegionEU868RxParamSetupReq
                0x10008e10       0x4c CMakeFiles/pico_lorawan_send_data_gps.dir/__/__/lib/LoRaMac-node/src/mac/region/RegionEU868.c.obj
                0x10008e10                RegionEU868RxParamSetupReq
 .text.RegionEU868TxParamSetupReq
                0x10008e5c        0x6 CMakeFiles/pico_lorawan_send_data_gps.dir/__/__/lib/LoRaMac-node/src/mac/region/RegionEU868.c.obj
                0x10008e5c                RegionEU868TxParamSetupReq
 *fill*         0x10008e62        0x2 
 .text.RegionEU868DlChannelReq
                0x10008e64       0x50 CMakeFiles/pico_lorawan_send_data_gps.dir/__/__/lib/LoRaMac-node/src/mac/region/RegionEU868.c.obj
                0x10008e64                RegionEU868DlChannelReq
 .text.RegionEU868AlternateDr
                0x10008eb4        0x2 CMakeFiles/pico_lorawan_send_data_gps.dir/__/__/lib/LoRaMac-node/src/mac/region/RegionEU868.c.obj
                0x10008eb4                RegionEU868AlternateDr
 *fill*         0x10008eb6        0x2 
 .text.RegionEU868NextChannel
                0x10008eb8      0x120 CMakeFiles/pico_lorawan_send_data_gps.dir/__/__/lib/LoRaMac-node/src/mac/region/RegionEU868.c.obj
                0x10008eb8                RegionEU868NextChannel
 .text.RegionEU868ChannelAdd
                0x10008fd8       0xd4 CMakeFiles/pico_lorawan_send_data_gps.dir/__/__/lib/LoRaMac-node/src/mac/region/RegionEU868.c.obj
                0x10008fd8                RegionEU868ChannelAdd
 .text.RegionEU868ChannelsRemove
                0x100090ac       0x34 CMakeFiles/pico_lorawan_send_data_gps.dir/__/__/lib/LoRaMac-node/src/mac/region/RegionEU868.c.obj
                0x100090ac                RegionEU868ChannelsRemove
 .text.RegionEU868ApplyCFList
                0x100090e0       0x7e CMakeFiles/pico_lorawan_send_data_gps.dir/__/__/lib/LoRaMac-node/src/mac/region/RegionEU868.c.obj
                0x100090e0                RegionEU868ApplyCFList
 .text.RegionEU868NewChannelReq
                0x1000915e       0x56 CMakeFiles/pico_lorawan_send_data_gps.dir/__/__/lib/LoRaMac-node/src/mac/region/RegionEU868.c.obj
                0x1000915e                RegionEU868NewChannelReq
 .text.RegionEU868ApplyDrOffset
                0x100091b4       0x10 CMakeFiles/pico_lorawan_send_data_gps.dir/__/__/lib/LoRaMac-node/src/mac/region/RegionEU868.c.obj
                0x100091b4                RegionEU868ApplyDrOffset
 .text.VerifyRfFreq
                0x100091c4       0x2c CMakeFiles/pico_lorawan_send_data_gps.dir/__/__/lib/LoRaMac-node/src/mac/region/RegionIN865.c.obj
 .text.GetTimeOnAir
                0x100091f0       0x6c CMakeFiles/pico_lorawan_send_data_gps.dir/__/__/lib/LoRaMac-node/src/mac/region/RegionIN865.c.obj
 .text.RegionIN865GetPhyParam
                0x1000925c      0x154 CMakeFiles/pico_lorawan_send_data_gps.dir/__/__/lib/LoRaMac-node/src/mac/region/RegionIN865.c.obj
                0x1000925c                RegionIN865GetPhyParam
 .text.RegionIN865SetBandTxDone
                0x100093b0       0x3c CMakeFiles/pico_lorawan_send_data_gps.dir/__/__/lib/LoRaMac-node/src/mac/region/RegionIN865.c.obj
                0x100093b0                RegionIN865SetBandTxDone
 .text.RegionIN865InitDefaults
                0x100093ec       0xc0 CMakeFiles/pico_lorawan_send_data_gps.dir/__/__/lib/LoRaMac-node/src/mac/region/RegionIN865.c.obj
                0x100093ec                RegionIN865InitDefaults
 .text.RegionIN865Verify
                0x100094ac       0x80 CMakeFiles/pico_lorawan_send_data_gps.dir/__/__/lib/LoRaMac-node/src/mac/region/RegionIN865.c.obj
                0x100094ac                RegionIN865Verify
 .text.RegionIN865ChanMaskSet
                0x1000952c       0x48 CMakeFiles/pico_lorawan_send_data_gps.dir/__/__/lib/LoRaMac-node/src/mac/region/RegionIN865.c.obj
                0x1000952c                RegionIN865ChanMaskSet
 .text.RegionIN865ComputeRxWindowParameters
                0x10009574       0x70 CMakeFiles/pico_lorawan_send_data_gps.dir/__/__/lib/LoRaMac-node/src/mac/region/RegionIN865.c.obj
                0x10009574                RegionIN865ComputeRxWindowParameters
 .text.RegionIN865RxConfig
                0x100095e4       0xf8 CMakeFiles/pico_lorawan_send_data_gps.dir/__/__/lib/LoRaMac-node/src/mac/region/RegionIN865.c.obj
                0x100095e4                RegionIN865RxConfig
 .text.RegionIN865TxConfig
                0x100096dc      0x124 CMakeFiles/pico_lorawan_send_data_gps.dir/__/__/lib/LoRaMac-node/src/mac/region/RegionIN865.c.obj
                0x100096dc                RegionIN865TxConfig
 .text.RegionIN865LinkAdrReq
                0x10009800      0x1a0 CMakeFiles/pico_lorawan_send_data_gps.dir/__/__/lib/LoRaMac-node/src/mac/region/RegionIN865.c.obj
                0x10009800                RegionIN865LinkAdrReq
 .text.RegionIN865RxParamSetupReq
                0x100099a0       0x48 CMakeFiles/pico_lorawan_send_data_gps.dir/__/__/lib/LoRaMac-node/src/mac/region/RegionIN865.c.obj
                0x100099a0                RegionIN865RxParamSetupReq
 .text.RegionIN865TxParamSetupReq
                0x100099e8        0x6 CMakeFiles/pico_lorawan_send_data_gps.dir/__/__/lib/LoRaMac-node/src/mac/region/RegionIN865.c.obj
                0x100099e8                RegionIN865TxParamSetupReq
 *fill*         0x100099ee        0x2 
 .text.RegionIN865DlChannelReq
                0x100099f0       0x44 CMakeFiles/pico_lorawan_send_data_gps.dir/__/__/lib/LoRaMac-node/src/mac/region/RegionIN865.c.obj
                0x100099f0                RegionIN865DlChannelReq
 .text.RegionIN865AlternateDr
                0x10009a34        0x2 CMakeFiles/pico_lorawan_send_data_gps.dir/__/__/lib/LoRaMac-node/src/mac/region/RegionIN865.c.obj
                0x10009a34                RegionIN865AlternateDr
 *fill*         0x10009a36        0x2 
 .text.RegionIN865NextChannel
                0x10009a38      0x120 CMakeFiles/pico_lorawan_send_data_gps.dir/__/__/lib/LoRaMac-node/src/mac/region/RegionIN865.c.obj
                0x10009a38                RegionIN865NextChannel
 .text.RegionIN865ChannelAdd
                0x10009b58       0xc0 CMakeFiles/pico_lorawan_send_data_gps.dir/__/__/lib/LoRaMac-node/src/mac/region/RegionIN865.c.obj
                0x10009b58                RegionIN865ChannelAdd
 .text.RegionIN865ChannelsRemove
                0x10009c18       0x34 CMakeFiles/pico_lorawan_send_data_gps.dir/__/__/lib/LoRaMac-node/src/mac/region/RegionIN865.c.obj
                0x10009c18                RegionIN865ChannelsRemove
 .text.RegionIN865ApplyCFList
                0x10009c4c       0x7e CMakeFiles/pico_lorawan_send_data_gps.dir/__/__/lib/LoRaMac-node/src/mac/region/RegionIN865.c.obj
                0x10009c4c                RegionIN865ApplyCFList
 .text.RegionIN865NewChannelReq
                0x10009cca       0x56 CMakeFiles/pico_lorawan_send_data_gps.dir/__/__/lib/LoRaMac-node/src/mac/region/RegionIN865.c.obj
                0x10009cca                RegionIN865NewChannelReq
 .text.RegionIN865ApplyDrOffset
                0x10009d20       0x20 CMakeFiles/pico_lorawan_send_data_gps.dir/__/__/lib/LoRaMac-node/src/mac/region/RegionIN865.c.obj
                0x10009d20                RegionIN865ApplyDrOffset
 .text.GetMaxEIRP
                0x10009d40       0x14 CMakeFiles/pico_lorawan_send_data_gps.dir/__/__/lib/LoRaMac-node/src/mac/region/RegionKR920.c.obj
 .text.VerifyRfFreq
                0x10009d54       0x3c CMakeFiles/pico_lorawan_send_data_gps.dir/__/__/lib/LoRaMac-node/src/mac/region/RegionKR920.c.obj
 .text.GetTimeOnAir
                0x10009d90       0x40 CMakeFiles/pico_lorawan_send_data_gps.dir/__/__/lib/LoRaMac-node/src/mac/region/RegionKR920.c.obj
 .text.RegionKR920GetPhyParam
                0x10009dd0      0x150 CMakeFiles/pico_lorawan_send_data_gps.dir/__/__/lib/LoRaMac-node/src/mac/region/RegionKR920.c.obj
                0x10009dd0                RegionKR920GetPhyParam
 .text.RegionKR920SetBandTxDone
                0x10009f20       0x3c CMakeFiles/pico_lorawan_send_data_gps.dir/__/__/lib/LoRaMac-node/src/mac/region/RegionKR920.c.obj
                0x10009f20                RegionKR920SetBandTxDone
 .text.RegionKR920InitDefaults
                0x10009f5c       0xc0 CMakeFiles/pico_lorawan_send_data_gps.dir/__/__/lib/LoRaMac-node/src/mac/region/RegionKR920.c.obj
                0x10009f5c                RegionKR920InitDefaults
 .text.RegionKR920Verify
                0x1000a01c       0x70 CMakeFiles/pico_lorawan_send_data_gps.dir/__/__/lib/LoRaMac-node/src/mac/region/RegionKR920.c.obj
                0x1000a01c                RegionKR920Verify
 .text.RegionKR920ChanMaskSet
                0x1000a08c       0x48 CMakeFiles/pico_lorawan_send_data_gps.dir/__/__/lib/LoRaMac-node/src/mac/region/RegionKR920.c.obj
                0x1000a08c                RegionKR920ChanMaskSet
 .text.RegionKR920ComputeRxWindowParameters
                0x1000a0d4       0x60 CMakeFiles/pico_lorawan_send_data_gps.dir/__/__/lib/LoRaMac-node/src/mac/region/RegionKR920.c.obj
                0x1000a0d4                RegionKR920ComputeRxWindowParameters
 .text.RegionKR920RxConfig
                0x1000a134       0xa8 CMakeFiles/pico_lorawan_send_data_gps.dir/__/__/lib/LoRaMac-node/src/mac/region/RegionKR920.c.obj
                0x1000a134                RegionKR920RxConfig
 .text.RegionKR920TxConfig
                0x1000a1dc      0x104 CMakeFiles/pico_lorawan_send_data_gps.dir/__/__/lib/LoRaMac-node/src/mac/region/RegionKR920.c.obj
                0x1000a1dc                RegionKR920TxConfig
 .text.RegionKR920LinkAdrReq
                0x1000a2e0      0x190 CMakeFiles/pico_lorawan_send_data_gps.dir/__/__/lib/LoRaMac-node/src/mac/region/RegionKR920.c.obj
                0x1000a2e0                RegionKR920LinkAdrReq
 .text.RegionKR920RxParamSetupReq
                0x1000a470       0x40 CMakeFiles/pico_lorawan_send_data_gps.dir/__/__/lib/LoRaMac-node/src/mac/region/RegionKR920.c.obj
                0x1000a470                RegionKR920RxParamSetupReq
 .text.RegionKR920TxParamSetupReq
                0x1000a4b0        0x6 CMakeFiles/pico_lorawan_send_data_gps.dir/__/__/lib/LoRaMac-node/src/mac/region/RegionKR920.c.obj
                0x1000a4b0                RegionKR920TxParamSetupReq
 *fill*         0x1000a4b6        0x2 
 .text.RegionKR920DlChannelReq
                0x1000a4b8       0x44 CMakeFiles/pico_lorawan_send_data_gps.dir/__/__/lib/LoRaMac-node/src/mac/region/RegionKR920.c.obj
                0x1000a4b8                RegionKR920DlChannelReq
 .text.RegionKR920AlternateDr
                0x1000a4fc        0x2 CMakeFiles/pico_lorawan_send_data_gps.dir/__/__/lib/LoRaMac-node/src/mac/region/RegionKR920.c.obj
                0x1000a4fc                RegionKR920AlternateDr
 *fill*         0x1000a4fe        0x2 
 .text.RegionKR920NextChannel
                0x1000a500      0x16c CMakeFiles/pico_lorawan_send_data_gps.dir/__/__/lib/LoRaMac-node/src/mac/region/RegionKR920.c.obj
                0x1000a500                RegionKR920NextChannel
 .text.RegionKR920ChannelAdd
                0x1000a66c       0xc0 CMakeFiles/pico_lorawan_send_data_gps.dir/__/__/lib/LoRaMac-node/src/mac/region/RegionKR920.c.obj
                0x1000a66c                RegionKR920ChannelAdd
 .text.RegionKR920ChannelsRemove
                0x1000a72c       0x34 CMakeFiles/pico_lorawan_send_data_gps.dir/__/__/lib/LoRaMac-node/src/mac/region/RegionKR920.c.obj
                0x1000a72c                RegionKR920ChannelsRemove
 .text.RegionKR920ApplyCFList
                0x1000a760       0x7e CMakeFiles/pico_lorawan_send_data_gps.dir/__/__/lib/LoRaMac-node/src/mac/region/RegionKR920.c.obj
                0x1000a760                RegionKR920ApplyCFList
 .text.RegionKR920NewChannelReq
                0x1000a7de       0x56 CMakeFiles/pico_lorawan_send_data_gps.dir/__/__/lib/LoRaMac-node/src/mac/region/RegionKR920.c.obj
                0x1000a7de                RegionKR920NewChannelReq
 .text.RegionKR920ApplyDrOffset
                0x1000a834       0x10 CMakeFiles/pico_lorawan_send_data_gps.dir/__/__/lib/LoRaMac-node/src/mac/region/RegionKR920.c.obj
                0x1000a834                RegionKR920ApplyDrOffset
 .text.VerifyRfFreq
                0x1000a844       0x2c CMakeFiles/pico_lorawan_send_data_gps.dir/__/__/lib/LoRaMac-node/src/mac/region/RegionRU864.c.obj
 .text.GetTimeOnAir
                0x1000a870       0x6c CMakeFiles/pico_lorawan_send_data_gps.dir/__/__/lib/LoRaMac-node/src/mac/region/RegionRU864.c.obj
 .text.RegionRU864GetPhyParam
                0x1000a8dc      0x154 CMakeFiles/pico_lorawan_send_data_gps.dir/__/__/lib/LoRaMac-node/src/mac/region/RegionRU864.c.obj
                0x1000a8dc                RegionRU864GetPhyParam
 .text.RegionRU864SetBandTxDone
                0x1000aa30       0x3c CMakeFiles/pico_lorawan_send_data_gps.dir/__/__/lib/LoRaMac-node/src/mac/region/RegionRU864.c.obj
                0x1000aa30                RegionRU864SetBandTxDone
 .text.RegionRU864InitDefaults
                0x1000aa6c       0xb0 CMakeFiles/pico_lorawan_send_data_gps.dir/__/__/lib/LoRaMac-node/src/mac/region/RegionRU864.c.obj
                0x1000aa6c                RegionRU864InitDefaults
 .text.RegionRU864Verify
                0x1000ab1c       0x74 CMakeFiles/pico_lorawan_send_data_gps.dir/__/__/lib/LoRaMac-node/src/mac/region/RegionRU864.c.obj
                0x1000ab1c                RegionRU864Verify
 .text.RegionRU864ChanMaskSet
                0x1000ab90       0x48 CMakeFiles/pico_lorawan_send_data_gps.dir/__/__/lib/LoRaMac-node/src/mac/region/RegionRU864.c.obj
                0x1000ab90                RegionRU864ChanMaskSet
 .text.RegionRU864ComputeRxWindowParameters
                0x1000abd8       0x70 CMakeFiles/pico_lorawan_send_data_gps.dir/__/__/lib/LoRaMac-node/src/mac/region/RegionRU864.c.obj
                0x1000abd8                RegionRU864ComputeRxWindowParameters
 .text.RegionRU864RxConfig
                0x1000ac48       0xf8 CMakeFiles/pico_lorawan_send_data_gps.dir/__/__/lib/LoRaMac-node/src/mac/region/RegionRU864.c.obj
                0x1000ac48                RegionRU864RxConfig
 .text.RegionRU864TxConfig
                0x1000ad40      0x124 CMakeFiles/pico_lorawan_send_data_gps.dir/__/__/lib/LoRaMac-node/src/mac/region/RegionRU864.c.obj
                0x1000ad40                RegionRU864TxConfig
 .text.RegionRU864LinkAdrReq
                0x1000ae64      0x198 CMakeFiles/pico_lorawan_send_data_gps.dir/__/__/lib/LoRaMac-node/src/mac/region/RegionRU864.c.obj
                0x1000ae64                RegionRU864LinkAdrReq
 .text.RegionRU864RxParamSetupReq
                0x1000affc       0x40 CMakeFiles/pico_lorawan_send_data_gps.dir/__/__/lib/LoRaMac-node/src/mac/region/RegionRU864.c.obj
                0x1000affc                RegionRU864RxParamSetupReq
 .text.RegionRU864TxParamSetupReq
                0x1000b03c        0x6 CMakeFiles/pico_lorawan_send_data_gps.dir/__/__/lib/LoRaMac-node/src/mac/region/RegionRU864.c.obj
                0x1000b03c                RegionRU864TxParamSetupReq
 *fill*         0x1000b042        0x2 
 .text.RegionRU864DlChannelReq
                0x1000b044       0x44 CMakeFiles/pico_lorawan_send_data_gps.dir/__/__/lib/LoRaMac-node/src/mac/region/RegionRU864.c.obj
                0x1000b044                RegionRU864DlChannelReq
 .text.RegionRU864AlternateDr
                0x1000b088        0x2 CMakeFiles/pico_lorawan_send_data_gps.dir/__/__/lib/LoRaMac-node/src/mac/region/RegionRU864.c.obj
                0x1000b088                RegionRU864AlternateDr
 *fill*         0x1000b08a        0x2 
 .text.RegionRU864NextChannel
                0x1000b08c      0x114 CMakeFiles/pico_lorawan_send_data_gps.dir/__/__/lib/LoRaMac-node/src/mac/region/RegionRU864.c.obj
                0x1000b08c                RegionRU864NextChannel
 .text.RegionRU864ChannelAdd
                0x1000b1a0       0xc0 CMakeFiles/pico_lorawan_send_data_gps.dir/__/__/lib/LoRaMac-node/src/mac/region/RegionRU864.c.obj
                0x1000b1a0                RegionRU864ChannelAdd
 .text.RegionRU864ChannelsRemove
                0x1000b260       0x34 CMakeFiles/pico_lorawan_send_data_gps.dir/__/__/lib/LoRaMac-node/src/mac/region/RegionRU864.c.obj
                0x1000b260                RegionRU864ChannelsRemove
 .text.RegionRU864ApplyCFList
                0x1000b294       0x7e CMakeFiles/pico_lorawan_send_data_gps.dir/__/__/lib/LoRaMac-node/src/mac/region/RegionRU864.c.obj
                0x1000b294                RegionRU864ApplyCFList
 .text.RegionRU864NewChannelReq
                0x1000b312       0x56 CMakeFiles/pico_lorawan_send_data_gps.dir/__/__/lib/LoRaMac-node/src/mac/region/RegionRU864.c.obj
                0x1000b312                RegionRU864NewChannelReq
 .text.RegionRU864ApplyDrOffset
                0x1000b368       0x10 CMakeFiles/pico_lorawan_send_data_gps.dir/__/__/lib/LoRaMac-node/src/mac/region/RegionRU864.c.obj
                0x1000b368                RegionRU864ApplyDrOffset
 .text.VerifyRfFreq
                0x1000b378       0x54 CMakeFiles/pico_lorawan_send_data_gps.dir/__/__/lib/LoRaMac-node/src/mac/region/RegionUS915.c.obj
 .text.GetTimeOnAir
                0x1000b3cc       0x40 CMakeFiles/pico_lorawan_send_data_gps.dir/__/__/lib/LoRaMac-node/src/mac/region/RegionUS915.c.obj
 .text.LimitTxPower
                0x1000b40c       0x3c CMakeFiles/pico_lorawan_send_data_gps.dir/__/__/lib/LoRaMac-node/src/mac/region/RegionUS915.c.obj
 .text.RegionUS915GetPhyParam
                0x1000b448      0x174 CMakeFiles/pico_lorawan_send_data_gps.dir/__/__/lib/LoRaMac-node/src/mac/region/RegionUS915.c.obj
                0x1000b448                RegionUS915GetPhyParam
 .text.RegionUS915SetBandTxDone
                0x1000b5bc       0x3c CMakeFiles/pico_lorawan_send_data_gps.dir/__/__/lib/LoRaMac-node/src/mac/region/RegionUS915.c.obj
                0x1000b5bc                RegionUS915SetBandTxDone
 .text.RegionUS915InitDefaults
                0x1000b5f8      0x168 CMakeFiles/pico_lorawan_send_data_gps.dir/__/__/lib/LoRaMac-node/src/mac/region/RegionUS915.c.obj
                0x1000b5f8                RegionUS915InitDefaults
 .text.RegionUS915Verify
                0x1000b760       0x70 CMakeFiles/pico_lorawan_send_data_gps.dir/__/__/lib/LoRaMac-node/src/mac/region/RegionUS915.c.obj
                0x1000b760                RegionUS915Verify
 .text.RegionUS915ApplyCFList
                0x1000b7d0       0x78 CMakeFiles/pico_lorawan_send_data_gps.dir/__/__/lib/LoRaMac-node/src/mac/region/RegionUS915.c.obj
                0x1000b7d0                RegionUS915ApplyCFList
 .text.RegionUS915ChanMaskSet
                0x1000b848       0x9c CMakeFiles/pico_lorawan_send_data_gps.dir/__/__/lib/LoRaMac-node/src/mac/region/RegionUS915.c.obj
                0x1000b848                RegionUS915ChanMaskSet
 .text.RegionUS915ComputeRxWindowParameters
                0x1000b8e4       0x60 CMakeFiles/pico_lorawan_send_data_gps.dir/__/__/lib/LoRaMac-node/src/mac/region/RegionUS915.c.obj
                0x1000b8e4                RegionUS915ComputeRxWindowParameters
 .text.RegionUS915RxConfig
                0x1000b944       0xa0 CMakeFiles/pico_lorawan_send_data_gps.dir/__/__/lib/LoRaMac-node/src/mac/region/RegionUS915.c.obj
                0x1000b944                RegionUS915RxConfig
 .text.RegionUS915TxConfig
                0x1000b9e4       0xec CMakeFiles/pico_lorawan_send_data_gps.dir/__/__/lib/LoRaMac-node/src/mac/region/RegionUS915.c.obj
                0x1000b9e4                RegionUS915TxConfig
 .text.RegionUS915LinkAdrReq
                0x1000bad0      0x29c CMakeFiles/pico_lorawan_send_data_gps.dir/__/__/lib/LoRaMac-node/src/mac/region/RegionUS915.c.obj
                0x1000bad0                RegionUS915LinkAdrReq
 .text.RegionUS915RxParamSetupReq
                0x1000bd6c       0x5c CMakeFiles/pico_lorawan_send_data_gps.dir/__/__/lib/LoRaMac-node/src/mac/region/RegionUS915.c.obj
                0x1000bd6c                RegionUS915RxParamSetupReq
 .text.RegionUS915NewChannelReq
                0x1000bdc8        0x6 CMakeFiles/pico_lorawan_send_data_gps.dir/__/__/lib/LoRaMac-node/src/mac/region/RegionUS915.c.obj
                0x1000bdc8                RegionUS915NewChannelReq
 .text.RegionUS915TxParamSetupReq
                0x1000bdce        0x6 CMakeFiles/pico_lorawan_send_data_gps.dir/__/__/lib/LoRaMac-node/src/mac/region/RegionUS915.c.obj
                0x1000bdce                RegionUS915TxParamSetupReq
 .text.RegionUS915DlChannelReq
                0x1000bdd4        0x6 CMakeFiles/pico_lorawan_send_data_gps.dir/__/__/lib/LoRaMac-node/src/mac/region/RegionUS915.c.obj
                0x1000bdd4                RegionUS915DlChannelReq
 *fill*         0x1000bdda        0x2 
 .text.RegionUS915AlternateDr
                0x1000bddc       0x40 CMakeFiles/pico_lorawan_send_data_gps.dir/__/__/lib/LoRaMac-node/src/mac/region/RegionUS915.c.obj
                0x1000bddc                RegionUS915AlternateDr
 .text.RegionUS915NextChannel
                0x1000be1c      0x16c CMakeFiles/pico_lorawan_send_data_gps.dir/__/__/lib/LoRaMac-node/src/mac/region/RegionUS915.c.obj
                0x1000be1c                RegionUS915NextChannel
 .text.RegionUS915ApplyDrOffset