Archive member included to satisfy reference by file (symbol)

..\..\__gps\lib__gps.a(__gps.c.obj)
                              CMakeFiles/pico_lorawan_send_data_gps.dir/main.c.obj (init_uart1)
c:/progra~2/gnuarm~1/102021~1.10/bin/../lib/gcc/arm-none-eabi/10.3.1/thumb/v6-m/nofp\libgcc.a(_dvmd_tls.o)
                              CMakeFiles/pico_lorawan_send_data_gps.dir/C_/RPPicoSDK/sdk/pico/pico-sdk/src/rp2_common/pico_divider/divider.S.obj (__aeabi_idiv0)
c:/progra~2/gnuarm~1/102021~1.10/bin/../lib/gcc/arm-none-eabi/10.3.1/../../../../arm-none-eabi/lib/thumb/v6-m/nofp\libg.a(lib_a-atof.o)
                              ..\..\__gps\lib__gps.a(__gps.c.obj) (atof)
c:/progra~2/gnuarm~1/102021~1.10/bin/../lib/gcc/arm-none-eabi/10.3.1/../../../../arm-none-eabi/lib/thumb/v6-m/nofp\libg.a(lib_a-calloc.o)
                              CMakeFiles/pico_lorawan_send_data_gps.dir/C_/RPPicoSDK/sdk/pico/pico-sdk/src/rp2_common/pico_malloc/pico_malloc.c.obj (calloc)
c:/progra~2/gnuarm~1/102021~1.10/bin/../lib/gcc/arm-none-eabi/10.3.1/../../../../arm-none-eabi/lib/thumb/v6-m/nofp\libg.a(lib_a-callocr.o)
                              c:/progra~2/gnuarm~1/102021~1.10/bin/../lib/gcc/arm-none-eabi/10.3.1/../../../../arm-none-eabi/lib/thumb/v6-m/nofp\libg.a(lib_a-calloc.o) (_calloc_r)
c:/progra~2/gnuarm~1/102021~1.10/bin/../lib/gcc/arm-none-eabi/10.3.1/../../../../arm-none-eabi/lib/thumb/v6-m/nofp\libg.a(lib_a-errno.o)
                              c:/progra~2/gnuarm~1/102021~1.10/bin/../lib/gcc/arm-none-eabi/10.3.1/../../../../arm-none-eabi/lib/thumb/v6-m/nofp\libg.a(lib_a-callocr.o) (__errno)
c:/progra~2/gnuarm~1/102021~1.10/bin/../lib/gcc/arm-none-eabi/10.3.1/../../../../arm-none-eabi/lib/thumb/v6-m/nofp\libg.a(lib_a-impure.o)
                              c:/progra~2/gnuarm~1/102021~1.10/bin/../lib/gcc/arm-none-eabi/10.3.1/../../../../arm-none-eabi/lib/thumb/v6-m/nofp\libg.a(lib_a-calloc.o) (_impure_ptr)
c:/progra~2/gnuarm~1/102021~1.10/bin/../lib/gcc/arm-none-eabi/10.3.1/../../../../arm-none-eabi/lib/thumb/v6-m/nofp\libg.a(lib_a-init.o)
                              c:/progra~2/gnuarm~1/102021~1.10/bin/../lib/gcc/arm-none-eabi/10.3.1/../../../../arm-none-eabi/lib/thumb/v6-m/nofp/crt0.o (__libc_init_array)
c:/progra~2/gnuarm~1/102021~1.10/bin/../lib/gcc/arm-none-eabi/10.3.1/../../../../arm-none-eabi/lib/thumb/v6-m/nofp\libg.a(lib_a-malloc.o)
                              CMakeFiles/pico_lorawan_send_data_gps.dir/C_/RPPicoSDK/sdk/pico/pico-sdk/src/rp2_common/pico_malloc/pico_malloc.c.obj (malloc)
c:/progra~2/gnuarm~1/102021~1.10/bin/../lib/gcc/arm-none-eabi/10.3.1/../../../../arm-none-eabi/lib/thumb/v6-m/nofp\libg.a(lib_a-mallocr.o)
                              c:/progra~2/gnuarm~1/102021~1.10/bin/../lib/gcc/arm-none-eabi/10.3.1/../../../../arm-none-eabi/lib/thumb/v6-m/nofp\libg.a(lib_a-callocr.o) (_malloc_r)
c:/progra~2/gnuarm~1/102021~1.10/bin/../lib/gcc/arm-none-eabi/10.3.1/../../../../arm-none-eabi/lib/thumb/v6-m/nofp\libg.a(lib_a-mlock.o)
                              c:/progra~2/gnuarm~1/102021~1.10/bin/../lib/gcc/arm-none-eabi/10.3.1/../../../../arm-none-eabi/lib/thumb/v6-m/nofp\libg.a(lib_a-mallocr.o) (__malloc_lock)
c:/progra~2/gnuarm~1/102021~1.10/bin/../lib/gcc/arm-none-eabi/10.3.1/../../../../arm-none-eabi/lib/thumb/v6-m/nofp\libg.a(lib_a-realloc.o)
                              CMakeFiles/pico_lorawan_send_data_gps.dir/C_/RPPicoSDK/sdk/pico/pico-sdk/src/rp2_common/pico_malloc/pico_malloc.c.obj (realloc)
c:/progra~2/gnuarm~1/102021~1.10/bin/../lib/gcc/arm-none-eabi/10.3.1/../../../../arm-none-eabi/lib/thumb/v6-m/nofp\libg.a(lib_a-reallocr.o)
                              c:/progra~2/gnuarm~1/102021~1.10/bin/../lib/gcc/arm-none-eabi/10.3.1/../../../../arm-none-eabi/lib/thumb/v6-m/nofp\libg.a(lib_a-realloc.o) (_realloc_r)
c:/progra~2/gnuarm~1/102021~1.10/bin/../lib/gcc/arm-none-eabi/10.3.1/../../../../arm-none-eabi/lib/thumb/v6-m/nofp\libg.a(lib_a-sbrkr.o)
                              c:/progra~2/gnuarm~1/102021~1.10/bin/../lib/gcc/arm-none-eabi/10.3.1/../../../../arm-none-eabi/lib/thumb/v6-m/nofp\libg.a(lib_a-mallocr.o) (_sbrk_r)
c:/progra~2/gnuarm~1/102021~1.10/bin/../lib/gcc/arm-none-eabi/10.3.1/../../../../arm-none-eabi/lib/thumb/v6-m/nofp\libg.a(lib_a-sscanf.o)
                              CMakeFiles/pico_lorawan_send_data_gps.dir/__/__/src/lorawan.c.obj (sscanf)
c:/progra~2/gnuarm~1/102021~1.10/bin/../lib/gcc/arm-none-eabi/10.3.1/../../../../arm-none-eabi/lib/thumb/v6-m/nofp\libg.a(lib_a-stdio.o)
                              c:/progra~2/gnuarm~1/102021~1.10/bin/../lib/gcc/arm-none-eabi/10.3.1/../../../../arm-none-eabi/lib/thumb/v6-m/nofp\libg.a(lib_a-sscanf.o) (__seofread)
c:/progra~2/gnuarm~1/102021~1.10/bin/../lib/gcc/arm-none-eabi/10.3.1/../../../../arm-none-eabi/lib/thumb/v6-m/nofp\libg.a(lib_a-strcmp.o)
                              ..\..\__gps\lib__gps.a(__gps.c.obj) (strcmp)
[...]
Memory Configuration

Name             Origin             Length             Attributes
FLASH            0x10000000         0x00200000         xr
RAM              0x20000000         0x00040000         xrw
SCRATCH_X        0x20040000         0x00001000         xrw
SCRATCH_Y        0x20041000         0x00001000         xrw
*default*        0x00000000         0xffffffff

Linker script and memory map

LOAD c:/progra~2/gnuarm~1/102021~1.10/bin/../lib/gcc/arm-none-eabi/10.3.1/thumb/v6-m/nofp/crti.o
LOAD c:/progra~2/gnuarm~1/102021~1.10/bin/../lib/gcc/arm-none-eabi/10.3.1/thumb/v6-m/nofp/crtbegin.o
LOAD c:/progra~2/gnuarm~1/102021~1.10/bin/../lib/gcc/arm-none-eabi/10.3.1/../../../../arm-none-eabi/lib/thumb/v6-m/nofp/crt0.o

.flash_begin    0x10000000        0x0
                0x10000000                __flash_binary_start = .

.boot2          0x10000000      0x100
                0x10000000                __boot2_start__ = .
 *(.boot2)
 .boot2         0x10000000      0x100 C:\Users\ASUS\AppData\Local\Temp\ccCVmpVZ.o
                0x10000100                __boot2_end__ = .
                0x00000001                ASSERT (((__boot2_end__ - __boot2_start__) == 0x100), ERROR: Pico second stage bootloader must be 256 bytes in size)

.text           0x10000100    0x207c0
                0x10000100                __logical_binary_start = .
 *(.vectors)
 .vectors       0x10000100       0xd4 CMakeFiles/pico_lorawan_send_data_gps.dir/C_/RPPicoSDK/sdk/pico/pico-sdk/src/rp2_common/pico_standard_link/crt0.S.obj
                0x10000100                __VECTOR_TABLE
                0x10000100                __vectors
                0x100001c0                isr_invalid
                0x100001c0                __default_isrs_start
                0x100001c2                isr_nmi
                0x100001c4                isr_hardfault
                0x100001c6                isr_svcall
                0x100001c8                isr_pendsv
                0x100001ca                isr_systick
                0x100001cc                isr_irq23
                0x100001cc                isr_irq18
                0x100001cc                isr_irq11
                0x100001cc                isr_irq28
                0x100001cc                isr_irq19
                0x100001cc                isr_irq0
                0x100001cc                isr_irq6
                0x100001cc                isr_irq5
                0x100001cc                isr_irq12
                0x100001cc                isr_irq22
                0x100001cc                isr_irq31
                0x100001cc                isr_irq17
                0x100001cc                isr_irq27
                0x100001cc                isr_irq30
                0x100001cc                isr_irq2
                0x100001cc                isr_irq10
                0x100001cc                isr_irq8
                0x100001cc                isr_irq24
                0x100001cc                isr_irq1
                0x100001cc                isr_irq7
                0x100001cc                isr_irq21
                0x100001cc                isr_irq20
                0x100001cc                isr_irq15
                0x100001cc                isr_irq25
                0x100001cc                isr_irq13
                0x100001cc                __unhandled_user_irq
                0x100001cc                isr_irq4
                0x100001cc                isr_irq16
                0x100001cc                isr_irq29
                0x100001cc                isr_irq26
                0x100001cc                __default_isrs_end
                0x100001cc                isr_irq3
                0x100001cc                isr_irq14
                0x100001cc                isr_irq9
                0x100001d2                unhandled_user_irq_num_in_r0
 *(.binary_info_header)
 .binary_info_header
                0x100001d4       0x14 CMakeFiles/pico_lorawan_send_data_gps.dir/C_/RPPicoSDK/sdk/pico/pico-sdk/src/rp2_common/pico_standard_link/crt0.S.obj
                0x100001e8                __binary_info_header_end = .
 *(.reset)
 .reset         0x100001e8       0xa0 CMakeFiles/pico_lorawan_send_data_gps.dir/C_/RPPicoSDK/sdk/pico/pico-sdk/src/rp2_common/pico_standard_link/crt0.S.obj
                0x100001e8                _entry_point
 .reset         0x10000288       0x30 CMakeFiles/pico_lorawan_send_data_gps.dir/C_/RPPicoSDK/sdk/pico/pico-sdk/src/rp2_common/pico_standard_link/binary_info.c.obj
 *(.init)
 .init          0x100002b8        0x4 c:/progra~2/gnuarm~1/102021~1.10/bin/../lib/gcc/arm-none-eabi/10.3.1/thumb/v6-m/nofp/crti.o
                0x100002b8                _init
 *(EXCLUDE_FILE(*libm.a: *libc.a:*lib_a-mem*.o *libgcc.a:) .text*)
 .text          0x100002bc       0x48 c:/progra~2/gnuarm~1/102021~1.10/bin/../lib/gcc/arm-none-eabi/10.3.1/thumb/v6-m/nofp/crtbegin.o
 .text.gpio_int_handler
                0x10000304       0x18 CMakeFiles/pico_lorawan_send_data_gps.dir/main.c.obj
                0x10000304                gpio_int_handler
 .text.alarm_callback
                0x1000031c       0x40 CMakeFiles/pico_lorawan_send_data_gps.dir/main.c.obj
 .text.wait_for_response
                0x1000035c       0x20 CMakeFiles/pico_lorawan_send_data_gps.dir/main.c.obj
                0x1000035c                wait_for_response
 .text.calculate_Checksum
                0x1000037c       0x24 CMakeFiles/pico_lorawan_send_data_gps.dir/main.c.obj
                0x1000037c                calculate_Checksum
 .text.send_gps
                0x100003a0      0x158 CMakeFiles/pico_lorawan_send_data_gps.dir/main.c.obj
                0x100003a0                send_gps
 .text.main     0x100004f8      0x1f4 CMakeFiles/pico_lorawan_send_data_gps.dir/main.c.obj
                0x100004f8                main
 .text.OnMacProcessNotify
                0x100006ec        0xc CMakeFiles/pico_lorawan_send_data_gps.dir/__/__/src/lorawan.c.obj
 .text.OnSysTimeUpdate
                0x100006f8        0x2 CMakeFiles/pico_lorawan_send_data_gps.dir/__/__/src/lorawan.c.obj
 *fill*         0x100006fa        0x2 
 .text.OnTxPeriodicityChanged
                0x100006fc        0xc CMakeFiles/pico_lorawan_send_data_gps.dir/__/__/src/lorawan.c.obj
 .text.OnTxFrameCtrlChanged
                0x10000708        0xc CMakeFiles/pico_lorawan_send_data_gps.dir/__/__/src/lorawan.c.obj
 .text.OnPingSlotPeriodicityChanged
                0x10000714       0x10 CMakeFiles/pico_lorawan_send_data_gps.dir/__/__/src/lorawan.c.obj
 .text.lorawan_init
                0x10000724       0xe4 CMakeFiles/pico_lorawan_send_data_gps.dir/__/__/src/lorawan.c.obj
 .text.OnBeaconStatusChange
                0x10000808       0x18 CMakeFiles/pico_lorawan_send_data_gps.dir/__/__/src/lorawan.c.obj
 .text.OnClassChange
                0x10000820       0x2c CMakeFiles/pico_lorawan_send_data_gps.dir/__/__/src/lorawan.c.obj
 .text.OnRxData
                0x1000084c       0x30 CMakeFiles/pico_lorawan_send_data_gps.dir/__/__/src/lorawan.c.obj
 .text.OnTxData
                0x1000087c       0x18 CMakeFiles/pico_lorawan_send_data_gps.dir/__/__/src/lorawan.c.obj
 .text.OnJoinRequest
                0x10000894       0x2c CMakeFiles/pico_lorawan_send_data_gps.dir/__/__/src/lorawan.c.obj
 .text.OnMacMlmeRequest
                0x100008c0       0x18 CMakeFiles/pico_lorawan_send_data_gps.dir/__/__/src/lorawan.c.obj
 .text.OnMacMcpsRequest
                0x100008d8       0x18 CMakeFiles/pico_lorawan_send_data_gps.dir/__/__/src/lorawan.c.obj
 .text.OnNetworkParametersChange
                0x100008f0      0x298 CMakeFiles/pico_lorawan_send_data_gps.dir/__/__/src/lorawan.c.obj
 .text.OnNvmDataChange
                0x10000b88       0x18 CMakeFiles/pico_lorawan_send_data_gps.dir/__/__/src/lorawan.c.obj
 .text.lorawan_init_abp
                0x10000ba0       0x1c CMakeFiles/pico_lorawan_send_data_gps.dir/__/__/src/lorawan.c.obj
                0x10000ba0                lorawan_init_abp
 .text.lorawan_process
                0x10000bbc       0x34 CMakeFiles/pico_lorawan_send_data_gps.dir/__/__/src/lorawan.c.obj
                0x10000bbc                lorawan_process
 .text.lorawan_send_unconfirmed
                0x10000bf0       0x22 CMakeFiles/pico_lorawan_send_data_gps.dir/__/__/src/lorawan.c.obj
                0x10000bf0                lorawan_send_unconfirmed
 *fill*         0x10000c12        0x2 
 .text.PrintHexBuffer
                0x10000c14       0x40 CMakeFiles/pico_lorawan_send_data_gps.dir/__/__/lib/LoRaMac-node/src/apps/LoRaMac/common/LmHandlerMsgDisplay.c.obj
                0x10000c14                PrintHexBuffer
 .text.DisplayNvmDataChange
                0x10000c54       0x2c CMakeFiles/pico_lorawan_send_data_gps.dir/__/__/lib/LoRaMac-node/src/apps/LoRaMac/common/LmHandlerMsgDisplay.c.obj
                0x10000c54                DisplayNvmDataChange
 .text.DisplayNetworkParametersUpdate
                0x10000c80       0x80 CMakeFiles/pico_lorawan_send_data_gps.dir/__/__/lib/LoRaMac-node/src/apps/LoRaMac/common/LmHandlerMsgDisplay.c.obj
                0x10000c80                DisplayNetworkParametersUpdate
 .text.DisplayMacMcpsRequestUpdate
                0x10000d00       0xa4 CMakeFiles/pico_lorawan_send_data_gps.dir/__/__/lib/LoRaMac-node/src/apps/LoRaMac/common/LmHandlerMsgDisplay.c.obj
                0x10000d00                DisplayMacMcpsRequestUpdate
 .text.DisplayMacMlmeRequestUpdate
                0x10000da4       0xc0 CMakeFiles/pico_lorawan_send_data_gps.dir/__/__/lib/LoRaMac-node/src/apps/LoRaMac/common/LmHandlerMsgDisplay.c.obj
                0x10000da4                DisplayMacMlmeRequestUpdate
 .text.DisplayJoinRequestUpdate
                0x10000e64       0x78 CMakeFiles/pico_lorawan_send_data_gps.dir/__/__/lib/LoRaMac-node/src/apps/LoRaMac/common/LmHandlerMsgDisplay.c.obj
                0x10000e64                DisplayJoinRequestUpdate
 .text.DisplayTxUpdate
                0x10000edc      0x180 CMakeFiles/pico_lorawan_send_data_gps.dir/__/__/lib/LoRaMac-node/src/apps/LoRaMac/common/LmHandlerMsgDisplay.c.obj
                0x10000edc                DisplayTxUpdate
 .text.DisplayRxUpdate
                0x1000105c       0xdc CMakeFiles/pico_lorawan_send_data_gps.dir/__/__/lib/LoRaMac-node/src/apps/LoRaMac/common/LmHandlerMsgDisplay.c.obj
                0x1000105c                DisplayRxUpdate
 .text.DisplayBeaconUpdate
                0x10001138       0xa4 CMakeFiles/pico_lorawan_send_data_gps.dir/__/__/lib/LoRaMac-node/src/apps/LoRaMac/common/LmHandlerMsgDisplay.c.obj
                0x10001138                DisplayBeaconUpdate
 .text.DisplayClassUpdate
                0x100011dc       0x18 CMakeFiles/pico_lorawan_send_data_gps.dir/__/__/lib/LoRaMac-node/src/apps/LoRaMac/common/LmHandlerMsgDisplay.c.obj
                0x100011dc                DisplayClassUpdate
 .text.NvmDataMgmtEvent
                0x100011f4        0xc CMakeFiles/pico_lorawan_send_data_gps.dir/__/__/lib/LoRaMac-node/src/apps/LoRaMac/common/NvmDataMgmt.c.obj
                0x100011f4                NvmDataMgmtEvent
 .text.NvmDataMgmtStore
                0x10001200      0x10c CMakeFiles/pico_lorawan_send_data_gps.dir/__/__/lib/LoRaMac-node/src/apps/LoRaMac/common/NvmDataMgmt.c.obj
                0x10001200                NvmDataMgmtStore
 .text.NvmDataMgmtRestore
                0x1000130c       0xac CMakeFiles/pico_lorawan_send_data_gps.dir/__/__/lib/LoRaMac-node/src/apps/LoRaMac/common/NvmDataMgmt.c.obj
                0x1000130c                NvmDataMgmtRestore
 .text.LmHandlerPackagesNotify
                0x100013b8       0x64 CMakeFiles/pico_lorawan_send_data_gps.dir/__/__/lib/LoRaMac-node/src/apps/LoRaMac/common/LmHandler/LmHandler.c.obj
 .text.McpsConfirm
                0x1000141c       0x40 CMakeFiles/pico_lorawan_send_data_gps.dir/__/__/lib/LoRaMac-node/src/apps/LoRaMac/common/LmHandler/LmHandler.c.obj
 .text.LmHandlerDeviceTimeReq
                0x1000145c       0x3c CMakeFiles/pico_lorawan_send_data_gps.dir/__/__/lib/LoRaMac-node/src/apps/LoRaMac/common/LmHandler/LmHandler.c.obj
 .text.LmHandlerBeaconReq
                0x10001498       0x3c CMakeFiles/pico_lorawan_send_data_gps.dir/__/__/lib/LoRaMac-node/src/apps/LoRaMac/common/LmHandler/LmHandler.c.obj
 .text.LmHandlerJoinRequest
                0x100014d4       0x60 CMakeFiles/pico_lorawan_send_data_gps.dir/__/__/lib/LoRaMac-node/src/apps/LoRaMac/common/LmHandler/LmHandler.c.obj
 .text.LmHandlerInit
                0x10001534      0x128 CMakeFiles/pico_lorawan_send_data_gps.dir/__/__/lib/LoRaMac-node/src/apps/LoRaMac/common/LmHandler/LmHandler.c.obj
                0x10001534                LmHandlerInit
 .text.LmHandlerGetDutyCycleWaitTime
                0x1000165c        0xc CMakeFiles/pico_lorawan_send_data_gps.dir/__/__/lib/LoRaMac-node/src/apps/LoRaMac/common/LmHandler/LmHandler.c.obj
                0x1000165c                LmHandlerGetDutyCycleWaitTime
 .text.LmHandlerJoin
                0x10001668       0x10 CMakeFiles/pico_lorawan_send_data_gps.dir/__/__/lib/LoRaMac-node/src/apps/LoRaMac/common/LmHandler/LmHandler.c.obj
                0x10001668                LmHandlerJoin
 .text.LmHandlerJoinStatus
                0x10001678       0x24 CMakeFiles/pico_lorawan_send_data_gps.dir/__/__/lib/LoRaMac-node/src/apps/LoRaMac/common/LmHandler/LmHandler.c.obj
                0x10001678                LmHandlerJoinStatus
 .text.LmHandlerIsBusy
                0x1000169c       0x44 CMakeFiles/pico_lorawan_send_data_gps.dir/__/__/lib/LoRaMac-node/src/apps/LoRaMac/common/LmHandler/LmHandler.c.obj
                0x1000169c                LmHandlerIsBusy
 .text.LmHandlerSend
                0x100016e0       0xb0 CMakeFiles/pico_lorawan_send_data_gps.dir/__/__/lib/LoRaMac-node/src/apps/LoRaMac/common/LmHandler/LmHandler.c.obj
                0x100016e0                LmHandlerSend
 .text.MlmeIndication
                0x10001790       0xe4 CMakeFiles/pico_lorawan_send_data_gps.dir/__/__/lib/LoRaMac-node/src/apps/LoRaMac/common/LmHandler/LmHandler.c.obj
 .text.LmHandlerPingSlotReq
                0x10001874       0x6c CMakeFiles/pico_lorawan_send_data_gps.dir/__/__/lib/LoRaMac-node/src/apps/LoRaMac/common/LmHandler/LmHandler.c.obj
                0x10001874                LmHandlerPingSlotReq
 .text.LmHandlerRequestClass
                0x100018e0       0x9c CMakeFiles/pico_lorawan_send_data_gps.dir/__/__/lib/LoRaMac-node/src/apps/LoRaMac/common/LmHandler/LmHandler.c.obj
                0x100018e0                LmHandlerRequestClass
 .text.LmHandlerGetCurrentClass
                0x1000197c       0x18 CMakeFiles/pico_lorawan_send_data_gps.dir/__/__/lib/LoRaMac-node/src/apps/LoRaMac/common/LmHandler/LmHandler.c.obj
                0x1000197c                LmHandlerGetCurrentClass
 .text.McpsIndication
                0x10001994       0xa0 CMakeFiles/pico_lorawan_send_data_gps.dir/__/__/lib/LoRaMac-node/src/apps/LoRaMac/common/LmHandler/LmHandler.c.obj
 .text.LmHandlerGetCurrentDatarate
                0x10001a34       0x1a CMakeFiles/pico_lorawan_send_data_gps.dir/__/__/lib/LoRaMac-node/src/apps/LoRaMac/common/LmHandler/LmHandler.c.obj
                0x10001a34                LmHandlerGetCurrentDatarate
 *fill*         0x10001a4e        0x2 
 .text.MlmeConfirm
                0x10001a50       0xe0 CMakeFiles/pico_lorawan_send_data_gps.dir/__/__/lib/LoRaMac-node/src/apps/LoRaMac/common/LmHandler/LmHandler.c.obj
 .text.LmHandlerGetActiveRegion
                0x10001b30        0xc CMakeFiles/pico_lorawan_send_data_gps.dir/__/__/lib/LoRaMac-node/src/apps/LoRaMac/common/LmHandler/LmHandler.c.obj
                0x10001b30                LmHandlerGetActiveRegion
 .text.LmHandlerSetSystemMaxRxError
                0x10001b3c       0x20 CMakeFiles/pico_lorawan_send_data_gps.dir/__/__/lib/LoRaMac-node/src/apps/LoRaMac/common/LmHandler/LmHandler.c.obj
                0x10001b3c                LmHandlerSetSystemMaxRxError
 .text.LmHandlerPackageRegister
                0x10001b5c       0x7c CMakeFiles/pico_lorawan_send_data_gps.dir/__/__/lib/LoRaMac-node/src/apps/LoRaMac/common/LmHandler/LmHandler.c.obj
                0x10001b5c                LmHandlerPackageRegister
 .text.LmHandlerPackageIsInitialized
                0x10001bd8       0x1c CMakeFiles/pico_lorawan_send_data_gps.dir/__/__/lib/LoRaMac-node/src/apps/LoRaMac/common/LmHandler/LmHandler.c.obj
                0x10001bd8                LmHandlerPackageIsInitialized
 .text.LmHandlerPackagesProcess
                0x10001bf4       0x3c CMakeFiles/pico_lorawan_send_data_gps.dir/__/__/lib/LoRaMac-node/src/apps/LoRaMac/common/LmHandler/LmHandler.c.obj
 .text.LmHandlerProcess
                0x10001c30       0x30 CMakeFiles/pico_lorawan_send_data_gps.dir/__/__/lib/LoRaMac-node/src/apps/LoRaMac/common/LmHandler/LmHandler.c.obj
                0x10001c30                LmHandlerProcess
 .text.SetRow   0x10001c60       0x20 CMakeFiles/pico_lorawan_send_data_gps.dir/__/__/lib/LoRaMac-node/src/apps/LoRaMac/common/LmHandler/packages/FragDecoder.c.obj
 .text.GetRow   0x10001c80       0x20 CMakeFiles/pico_lorawan_send_data_gps.dir/__/__/lib/LoRaMac-node/src/apps/LoRaMac/common/LmHandler/packages/FragDecoder.c.obj
 .text.GetParity
                0x10001ca0       0x12 CMakeFiles/pico_lorawan_send_data_gps.dir/__/__/lib/LoRaMac-node/src/apps/LoRaMac/common/LmHandler/packages/FragDecoder.c.obj
 .text.SetParity
                0x10001cb2       0x1c CMakeFiles/pico_lorawan_send_data_gps.dir/__/__/lib/LoRaMac-node/src/apps/LoRaMac/common/LmHandler/packages/FragDecoder.c.obj
 .text.IsPowerOfTwo
                0x10001cce       0x26 CMakeFiles/pico_lorawan_send_data_gps.dir/__/__/lib/LoRaMac-node/src/apps/LoRaMac/common/LmHandler/packages/FragDecoder.c.obj
 .text.XorDataLine
                0x10001cf4       0x16 CMakeFiles/pico_lorawan_send_data_gps.dir/__/__/lib/LoRaMac-node/src/apps/LoRaMac/common/LmHandler/packages/FragDecoder.c.obj
 .text.XorParityLine
                0x10001d0a       0x40 CMakeFiles/pico_lorawan_send_data_gps.dir/__/__/lib/LoRaMac-node/src/apps/LoRaMac/common/LmHandler/packages/FragDecoder.c.obj
 .text.FragPrbs23
                0x10001d4a       0x14 CMakeFiles/pico_lorawan_send_data_gps.dir/__/__/lib/LoRaMac-node/src/apps/LoRaMac/common/LmHandler/packages/FragDecoder.c.obj
 .text.FragGetParityMatrixRow
                0x10001d5e       0x74 CMakeFiles/pico_lorawan_send_data_gps.dir/__/__/lib/LoRaMac-node/src/apps/LoRaMac/common/LmHandler/packages/FragDecoder.c.obj
 .text.BitArrayFindFirstOne
                0x10001dd2       0x26 CMakeFiles/pico_lorawan_send_data_gps.dir/__/__/lib/LoRaMac-node/src/apps/LoRaMac/common/LmHandler/packages/FragDecoder.c.obj
 .text.BitArrayIsAllZeros
                0x10001df8       0x26 CMakeFiles/pico_lorawan_send_data_gps.dir/__/__/lib/LoRaMac-node/src/apps/LoRaMac/common/LmHandler/packages/FragDecoder.c.obj
 *fill*         0x10001e1e        0x2 
 .text.FragFindMissingFrags
                0x10001e20       0x50 CMakeFiles/pico_lorawan_send_data_gps.dir/__/__/lib/LoRaMac-node/src/apps/LoRaMac/common/LmHandler/packages/FragDecoder.c.obj
 .text.FragFindMissingIndex
                0x10001e70       0x30 CMakeFiles/pico_lorawan_send_data_gps.dir/__/__/lib/LoRaMac-node/src/apps/LoRaMac/common/LmHandler/packages/FragDecoder.c.obj
 .text.FragExtractLineFromBinaryMatrix
                0x10001ea0       0x88 CMakeFiles/pico_lorawan_send_data_gps.dir/__/__/lib/LoRaMac-node/src/apps/LoRaMac/common/LmHandler/packages/FragDecoder.c.obj
 .text.FragPushLineToBinaryMatrix
                0x10001f28       0x80 CMakeFiles/pico_lorawan_send_data_gps.dir/__/__/lib/LoRaMac-node/src/apps/LoRaMac/common/LmHandler/packages/FragDecoder.c.obj
 .text.FragDecoderInit
                0x10001fa8       0xa4 CMakeFiles/pico_lorawan_send_data_gps.dir/__/__/lib/LoRaMac-node/src/apps/LoRaMac/common/LmHandler/packages/FragDecoder.c.obj
                0x10001fa8                FragDecoderInit
 .text.FragDecoderGetMaxFileSize
                0x1000204c        0x8 CMakeFiles/pico_lorawan_send_data_gps.dir/__/__/lib/LoRaMac-node/src/apps/LoRaMac/common/LmHandler/packages/FragDecoder.c.obj
                0x1000204c                FragDecoderGetMaxFileSize
 .text.FragDecoderProcess
                0x10002054      0x280 CMakeFiles/pico_lorawan_send_data_gps.dir/__/__/lib/LoRaMac-node/src/apps/LoRaMac/common/LmHandler/packages/FragDecoder.c.obj
                0x10002054                FragDecoderProcess
 .text.FragDecoderGetStatus
                0x100022d4       0x18 CMakeFiles/pico_lorawan_send_data_gps.dir/__/__/lib/LoRaMac-node/src/apps/LoRaMac/common/LmHandler/packages/FragDecoder.c.obj
                0x100022d4                FragDecoderGetStatus
 .text.LmhpClockSyncInit
                0x100022ec       0x24 CMakeFiles/pico_lorawan_send_data_gps.dir/__/__/lib/LoRaMac-node/src/apps/LoRaMac/common/LmHandler/packages/LmhpClockSync.c.obj
 .text.LmhpClockSyncIsInitialized
                0x10002310        0xc CMakeFiles/pico_lorawan_send_data_gps.dir/__/__/lib/LoRaMac-node/src/apps/LoRaMac/common/LmHandler/packages/LmhpClockSync.c.obj
 .text.LmhpClockSyncIsTxPending
                0x1000231c        0xc CMakeFiles/pico_lorawan_send_data_gps.dir/__/__/lib/LoRaMac-node/src/apps/LoRaMac/common/LmHandler/packages/LmhpClockSync.c.obj
 .text.LmhpClockSyncOnMcpsIndication
                0x10002328      0x184 CMakeFiles/pico_lorawan_send_data_gps.dir/__/__/lib/LoRaMac-node/src/apps/LoRaMac/common/LmHandler/packages/LmhpClockSync.c.obj
 .text.LmhpClockSyncOnMcpsConfirm
                0x100024ac       0x4c CMakeFiles/pico_lorawan_send_data_gps.dir/__/__/lib/LoRaMac-node/src/apps/LoRaMac/common/LmHandler/packages/LmhpClockSync.c.obj
 .text.LmphClockSyncPackageFactory
                0x100024f8        0x8 CMakeFiles/pico_lorawan_send_data_gps.dir/__/__/lib/LoRaMac-node/src/apps/LoRaMac/common/LmHandler/packages/LmhpClockSync.c.obj
                0x100024f8                LmphClockSyncPackageFactory
 .text.LmhpClockSyncAppTimeReq
                0x10002500       0xc8 CMakeFiles/pico_lorawan_send_data_gps.dir/__/__/lib/LoRaMac-node/src/apps/LoRaMac/common/LmHandler/packages/LmhpClockSync.c.obj
                0x10002500                LmhpClockSyncAppTimeReq
 .text.LmhpClockSyncProcess
                0x100025c8       0x24 CMakeFiles/pico_lorawan_send_data_gps.dir/__/__/lib/LoRaMac-node/src/apps/LoRaMac/common/LmHandler/packages/LmhpClockSync.c.obj
 .text.LmhpComplianceIsInitialized
                0x100025ec        0xc CMakeFiles/pico_lorawan_send_data_gps.dir/__/__/lib/LoRaMac-node/src/apps/LoRaMac/common/LmHandler/packages/LmhpCompliance.c.obj
 .text.LmhpComplianceIsTxPending
                0x100025f8        0xc CMakeFiles/pico_lorawan_send_data_gps.dir/__/__/lib/LoRaMac-node/src/apps/LoRaMac/common/LmHandler/packages/LmhpCompliance.c.obj
 .text.SendBeaconRxStatusInd
                0x10002604      0x148 CMakeFiles/pico_lorawan_send_data_gps.dir/__/__/lib/LoRaMac-node/src/apps/LoRaMac/common/LmHandler/packages/LmhpCompliance.c.obj
 .text.LmhpComplianceOnMlmeIndication
                0x1000274c       0x60 CMakeFiles/pico_lorawan_send_data_gps.dir/__/__/lib/LoRaMac-node/src/apps/LoRaMac/common/LmHandler/packages/LmhpCompliance.c.obj
 .text.LmhpComplianceOnMlmeConfirm
                0x100027ac       0x34 CMakeFiles/pico_lorawan_send_data_gps.dir/__/__/lib/LoRaMac-node/src/apps/LoRaMac/common/LmHandler/packages/LmhpCompliance.c.obj
 .text.LmhpComplianceInit
                0x100027e0       0x4c CMakeFiles/pico_lorawan_send_data_gps.dir/__/__/lib/LoRaMac-node/src/apps/LoRaMac/common/LmHandler/packages/LmhpCompliance.c.obj
 .text.LmhpComplianceOnMcpsIndication
                0x1000282c      0x324 CMakeFiles/pico_lorawan_send_data_gps.dir/__/__/lib/LoRaMac-node/src/apps/LoRaMac/common/LmHandler/packages/LmhpCompliance.c.obj
 .text.LmhpComplianceProcess
                0x10002b50       0x74 CMakeFiles/pico_lorawan_send_data_gps.dir/__/__/lib/LoRaMac-node/src/apps/LoRaMac/common/LmHandler/packages/LmhpCompliance.c.obj
 .text.LmphCompliancePackageFactory
                0x10002bc4        0x8 CMakeFiles/pico_lorawan_send_data_gps.dir/__/__/lib/LoRaMac-node/src/apps/LoRaMac/common/LmHandler/packages/LmhpCompliance.c.obj
                0x10002bc4                LmphCompliancePackageFactory
 .text.LmhpFragmentationIsInitialized
                0x10002bcc        0xc CMakeFiles/pico_lorawan_send_data_gps.dir/__/__/lib/LoRaMac-node/src/apps/LoRaMac/common/LmHandler/packages/LmhpFragmentation.c.obj
 .text.LmhpFragmentationIsTxPending
                0x10002bd8        0xc CMakeFiles/pico_lorawan_send_data_gps.dir/__/__/lib/LoRaMac-node/src/apps/LoRaMac/common/LmHandler/packages/LmhpFragmentation.c.obj
 .text.LmhpFragmentationOnMcpsIndication
                0x10002be4      0x39c CMakeFiles/pico_lorawan_send_data_gps.dir/__/__/lib/LoRaMac-node/src/apps/LoRaMac/common/LmHandler/packages/LmhpFragmentation.c.obj
 .text.LmhpFragmentationProcess
                0x10002f80       0x54 CMakeFiles/pico_lorawan_send_data_gps.dir/__/__/lib/LoRaMac-node/src/apps/LoRaMac/common/LmHandler/packages/LmhpFragmentation.c.obj
 .text.LmhpFragmentationInit
                0x10002fd4       0x50 CMakeFiles/pico_lorawan_send_data_gps.dir/__/__/lib/LoRaMac-node/src/apps/LoRaMac/common/LmHandler/packages/LmhpFragmentation.c.obj
 .text.OnFragmentTxDelay
                0x10003024       0x18 CMakeFiles/pico_lorawan_send_data_gps.dir/__/__/lib/LoRaMac-node/src/apps/LoRaMac/common/LmHandler/packages/LmhpFragmentation.c.obj
 .text.LmhpFragmentationPackageFactory
                0x1000303c        0x8 CMakeFiles/pico_lorawan_send_data_gps.dir/__/__/lib/LoRaMac-node/src/apps/LoRaMac/common/LmHandler/packages/LmhpFragmentation.c.obj
                0x1000303c                LmhpFragmentationPackageFactory
 .text.LmhpRemoteMcastSetupIsInitialized
                0x10003044        0xc CMakeFiles/pico_lorawan_send_data_gps.dir/__/__/lib/LoRaMac-node/src/apps/LoRaMac/common/LmHandler/packages/LmhpRemoteMcastSetup.c.obj
 .text.LmhpRemoteMcastSetupIsTxPending
                0x10003050        0xc CMakeFiles/pico_lorawan_send_data_gps.dir/__/__/lib/LoRaMac-node/src/apps/LoRaMac/common/LmHandler/packages/LmhpRemoteMcastSetup.c.obj
 .text.LmhpRemoteMcastSetupOnMcpsIndication
                0x1000305c      0x458 CMakeFiles/pico_lorawan_send_data_gps.dir/__/__/lib/LoRaMac-node/src/apps/LoRaMac/common/LmHandler/packages/LmhpRemoteMcastSetup.c.obj
 .text.LmhpRemoteMcastSetupProcess
                0x100034b4       0x5c CMakeFiles/pico_lorawan_send_data_gps.dir/__/__/lib/LoRaMac-node/src/apps/LoRaMac/common/LmHandler/packages/LmhpRemoteMcastSetup.c.obj
 .text.LmhpRemoteMcastSetupInit
                0x10003510       0x44 CMakeFiles/pico_lorawan_send_data_gps.dir/__/__/lib/LoRaMac-node/src/apps/LoRaMac/common/LmHandler/packages/LmhpRemoteMcastSetup.c.obj
 .text.OnSessionStopTimer
                0x10003554       0x18 CMakeFiles/pico_lorawan_send_data_gps.dir/__/__/lib/LoRaMac-node/src/apps/LoRaMac/common/LmHandler/packages/LmhpRemoteMcastSetup.c.obj
 .text.OnSessionStartTimer
                0x1000356c       0x18 CMakeFiles/pico_lorawan_send_data_gps.dir/__/__/lib/LoRaMac-node/src/apps/LoRaMac/common/LmHandler/packages/LmhpRemoteMcastSetup.c.obj
 .text.LmhpRemoteMcastSetupPackageFactory
                0x10003584        0x8 CMakeFiles/pico_lorawan_send_data_gps.dir/__/__/lib/LoRaMac-node/src/apps/LoRaMac/common/LmHandler/packages/LmhpRemoteMcastSetup.c.obj
                0x10003584                LmhpRemoteMcastSetupPackageFactory
 .text.rand1    0x1000358c       0x2c CMakeFiles/pico_lorawan_send_data_gps.dir/__/__/lib/LoRaMac-node/src/boards/mcu/utilities.c.obj
                0x1000358c                rand1
 .text.srand1   0x100035b8        0xc CMakeFiles/pico_lorawan_send_data_gps.dir/__/__/lib/LoRaMac-node/src/boards/mcu/utilities.c.obj
                0x100035b8                srand1
 .text.randr    0x100035c4       0x16 CMakeFiles/pico_lorawan_send_data_gps.dir/__/__/lib/LoRaMac-node/src/boards/mcu/utilities.c.obj
                0x100035c4                randr
 .text.memcpy1  0x100035da       0x16 CMakeFiles/pico_lorawan_send_data_gps.dir/__/__/lib/LoRaMac-node/src/boards/mcu/utilities.c.obj
                0x100035da                memcpy1
 .text.memcpyr  0x100035f0       0x1a CMakeFiles/pico_lorawan_send_data_gps.dir/__/__/lib/LoRaMac-node/src/boards/mcu/utilities.c.obj
                0x100035f0                memcpyr
 .text.memset1  0x1000360a       0x12 CMakeFiles/pico_lorawan_send_data_gps.dir/__/__/lib/LoRaMac-node/src/boards/mcu/utilities.c.obj
                0x1000360a                memset1
 .text.Crc32    0x1000361c       0x40 CMakeFiles/pico_lorawan_send_data_gps.dir/__/__/lib/LoRaMac-node/src/boards/mcu/utilities.c.obj
                0x1000361c                Crc32
 .text.Crc32Init
                0x1000365c        0x6 CMakeFiles/pico_lorawan_send_data_gps.dir/__/__/lib/LoRaMac-node/src/boards/mcu/utilities.c.obj
                0x1000365c                Crc32Init
 *fill*         0x10003662        0x2 
 .text.Crc32Update
                0x10003664       0x38 CMakeFiles/pico_lorawan_send_data_gps.dir/__/__/lib/LoRaMac-node/src/boards/mcu/utilities.c.obj
                0x10003664                Crc32Update
 .text.Crc32Finalize
                0x1000369c        0x4 CMakeFiles/pico_lorawan_send_data_gps.dir/__/__/lib/LoRaMac-node/src/boards/mcu/utilities.c.obj
                0x1000369c                Crc32Finalize
 .text.RegionIsActive
                0x100036a0        0xc CMakeFiles/pico_lorawan_send_data_gps.dir/__/__/lib/LoRaMac-node/src/mac/region/Region.c.obj
                0x100036a0                RegionIsActive
 .text.RegionGetPhyParam
                0x100036ac       0x78 CMakeFiles/pico_lorawan_send_data_gps.dir/__/__/lib/LoRaMac-node/src/mac/region/Region.c.obj
                0x100036ac                RegionGetPhyParam
 .text.RegionSetBandTxDone
                0x10003724       0x54 CMakeFiles/pico_lorawan_send_data_gps.dir/__/__/lib/LoRaMac-node/src/mac/region/Region.c.obj
                0x10003724                RegionSetBandTxDone
 .text.RegionInitDefaults
                0x10003778       0x54 CMakeFiles/pico_lorawan_send_data_gps.dir/__/__/lib/LoRaMac-node/src/mac/region/Region.c.obj
                0x10003778                RegionInitDefaults
 .text.RegionVerify
                0x100037cc       0x58 CMakeFiles/pico_lorawan_send_data_gps.dir/__/__/lib/LoRaMac-node/src/mac/region/Region.c.obj
                0x100037cc                RegionVerify
 .text.RegionApplyCFList
                0x10003824       0x54 CMakeFiles/pico_lorawan_send_data_gps.dir/__/__/lib/LoRaMac-node/src/mac/region/Region.c.obj
                0x10003824                RegionApplyCFList
 .text.RegionChanMaskSet
                0x10003878       0x58 CMakeFiles/pico_lorawan_send_data_gps.dir/__/__/lib/LoRaMac-node/src/mac/region/Region.c.obj
                0x10003878                RegionChanMaskSet
 .text.RegionComputeRxWindowParameters
                0x100038d0       0x6c CMakeFiles/pico_lorawan_send_data_gps.dir/__/__/lib/LoRaMac-node/src/mac/region/Region.c.obj
                0x100038d0                RegionComputeRxWindowParameters
 .text.RegionRxConfig
                0x1000393c       0x58 CMakeFiles/pico_lorawan_send_data_gps.dir/__/__/lib/LoRaMac-node/src/mac/region/Region.c.obj
                0x1000393c                RegionRxConfig
 .text.RegionTxConfig
                0x10003994       0x5c CMakeFiles/pico_lorawan_send_data_gps.dir/__/__/lib/LoRaMac-node/src/mac/region/Region.c.obj
                0x10003994                RegionTxConfig
 .text.RegionLinkAdrReq
                0x100039f0       0x9c CMakeFiles/pico_lorawan_send_data_gps.dir/__/__/lib/LoRaMac-node/src/mac/region/Region.c.obj
                0x100039f0                RegionLinkAdrReq
 .text.RegionRxParamSetupReq
                0x10003a8c       0x58 CMakeFiles/pico_lorawan_send_data_gps.dir/__/__/lib/LoRaMac-node/src/mac/region/Region.c.obj
                0x10003a8c                RegionRxParamSetupReq
 .text.RegionNewChannelReq
                0x10003ae4       0x58 CMakeFiles/pico_lorawan_send_data_gps.dir/__/__/lib/LoRaMac-node/src/mac/region/Region.c.obj
                0x10003ae4                RegionNewChannelReq
 .text.RegionTxParamSetupReq
                0x10003b3c       0x58 CMakeFiles/pico_lorawan_send_data_gps.dir/__/__/lib/LoRaMac-node/src/mac/region/Region.c.obj
                0x10003b3c                RegionTxParamSetupReq
 .text.RegionDlChannelReq
                0x10003b94       0x58 CMakeFiles/pico_lorawan_send_data_gps.dir/__/__/lib/LoRaMac-node/src/mac/region/Region.c.obj
                0x10003b94                RegionDlChannelReq
 .text.RegionAlternateDr
                0x10003bec       0x58 CMakeFiles/pico_lorawan_send_data_gps.dir/__/__/lib/LoRaMac-node/src/mac/region/Region.c.obj
                0x10003bec                RegionAlternateDr
 .text.RegionNextChannel
                0x10003c44       0x70 CMakeFiles/pico_lorawan_send_data_gps.dir/__/__/lib/LoRaMac-node/src/mac/region/Region.c.obj
                0x10003c44                RegionNextChannel
 .text.RegionApplyDrOffset
                0x10003cb4       0x5c CMakeFiles/pico_lorawan_send_data_gps.dir/__/__/lib/LoRaMac-node/src/mac/region/Region.c.obj
                0x10003cb4                RegionApplyDrOffset
 .text.RegionGetVersion
                0x10003d10        0x8 CMakeFiles/pico_lorawan_send_data_gps.dir/__/__/lib/LoRaMac-node/src/mac/region/Region.c.obj
                0x10003d10                RegionGetVersion
 .text.VerifyRfFreq
                0x10003d18       0x2c CMakeFiles/pico_lorawan_send_data_gps.dir/__/__/lib/LoRaMac-node/src/mac/region/RegionAS923.c.obj
 .text.GetTimeOnAir
                0x10003d44       0x6c CMakeFiles/pico_lorawan_send_data_gps.dir/__/__/lib/LoRaMac-node/src/mac/region/RegionAS923.c.obj
 .text.RegionAS923GetPhyParam
                0x10003db0      0x194 CMakeFiles/pico_lorawan_send_data_gps.dir/__/__/lib/LoRaMac-node/src/mac/region/RegionAS923.c.obj
                0x10003db0                RegionAS923GetPhyParam
 .text.RegionAS923SetBandTxDone
                0x10003f44       0x3c CMakeFiles/pico_lorawan_send_data_gps.dir/__/__/lib/LoRaMac-node/src/mac/region/RegionAS923.c.obj
                0x10003f44                RegionAS923SetBandTxDone
 .text.RegionAS923InitDefaults
                0x10003f80       0xb0 CMakeFiles/pico_lorawan_send_data_gps.dir/__/__/lib/LoRaMac-node/src/mac/region/RegionAS923.c.obj
                0x10003f80                RegionAS923InitDefaults
 .text.RegionAS923Verify
                0x10004030       0xa4 CMakeFiles/pico_lorawan_send_data_gps.dir/__/__/lib/LoRaMac-node/src/mac/region/RegionAS923.c.obj
                0x10004030                RegionAS923Verify
 .text.RegionAS923ChanMaskSet
                0x100040d4       0x48 CMakeFiles/pico_lorawan_send_data_gps.dir/__/__/lib/LoRaMac-node/src/mac/region/RegionAS923.c.obj
                0x100040d4                RegionAS923ChanMaskSet
 .text.RegionAS923ComputeRxWindowParameters
                0x1000411c       0x70 CMakeFiles/pico_lorawan_send_data_gps.dir/__/__/lib/LoRaMac-node/src/mac/region/RegionAS923.c.obj
                0x1000411c                RegionAS923ComputeRxWindowParameters
 .text.RegionAS923RxConfig
                0x1000418c       0xf8 CMakeFiles/pico_lorawan_send_data_gps.dir/__/__/lib/LoRaMac-node/src/mac/region/RegionAS923.c.obj
                0x1000418c                RegionAS923RxConfig
 .text.RegionAS923TxConfig
                0x10004284      0x124 CMakeFiles/pico_lorawan_send_data_gps.dir/__/__/lib/LoRaMac-node/src/mac/region/RegionAS923.c.obj
                0x10004284                RegionAS923TxConfig
 .text.RegionAS923LinkAdrReq
                0x100043a8      0x190 CMakeFiles/pico_lorawan_send_data_gps.dir/__/__/lib/LoRaMac-node/src/mac/region/RegionAS923.c.obj
                0x100043a8                RegionAS923LinkAdrReq
 .text.RegionAS923RxParamSetupReq
                0x10004538       0x40 CMakeFiles/pico_lorawan_send_data_gps.dir/__/__/lib/LoRaMac-node/src/mac/region/RegionAS923.c.obj
                0x10004538                RegionAS923RxParamSetupReq
 .text.RegionAS923TxParamSetupReq
                0x10004578        0x4 CMakeFiles/pico_lorawan_send_data_gps.dir/__/__/lib/LoRaMac-node/src/mac/region/RegionAS923.c.obj
                0x10004578                RegionAS923TxParamSetupReq
 .text.RegionAS923DlChannelReq
                0x1000457c       0x44 CMakeFiles/pico_lorawan_send_data_gps.dir/__/__/lib/LoRaMac-node/src/mac/region/RegionAS923.c.obj
                0x1000457c                RegionAS923DlChannelReq
 .text.RegionAS923AlternateDr
                0x100045c0        0x4 CMakeFiles/pico_lorawan_send_data_gps.dir/__/__/lib/LoRaMac-node/src/mac/region/RegionAS923.c.obj
                0x100045c0                RegionAS923AlternateDr
 .text.RegionAS923NextChannel
                0x100045c4      0x120 CMakeFiles/pico_lorawan_send_data_gps.dir/__/__/lib/LoRaMac-node/src/mac/region/RegionAS923.c.obj
                0x100045c4                RegionAS923NextChannel
 .text.RegionAS923ChannelAdd
                0x100046e4       0xc0 CMakeFiles/pico_lorawan_send_data_gps.dir/__/__/lib/LoRaMac-node/src/mac/region/RegionAS923.c.obj
                0x100046e4                RegionAS923ChannelAdd
 .text.RegionAS923ChannelsRemove
                0x100047a4       0x34 CMakeFiles/pico_lorawan_send_data_gps.dir/__/__/lib/LoRaMac-node/src/mac/region/RegionAS923.c.obj
                0x100047a4                RegionAS923ChannelsRemove
 .text.RegionAS923ApplyCFList
                0x100047d8       0x7e CMakeFiles/pico_lorawan_send_data_gps.dir/__/__/lib/LoRaMac-node/src/mac/region/RegionAS923.c.obj
                0x100047d8                RegionAS923ApplyCFList
 .text.RegionAS923NewChannelReq
                0x10004856       0x56 CMakeFiles/pico_lorawan_send_data_gps.dir/__/__/lib/LoRaMac-node/src/mac/region/RegionAS923.c.obj
                0x10004856                RegionAS923NewChannelReq
 .text.RegionAS923ApplyDrOffset
                0x100048ac       0x24 CMakeFiles/pico_lorawan_send_data_gps.dir/__/__/lib/LoRaMac-node/src/mac/region/RegionAS923.c.obj
                0x100048ac                RegionAS923ApplyDrOffset
 .text.VerifyRfFreq
                0x100048d0       0x54 CMakeFiles/pico_lorawan_send_data_gps.dir/__/__/lib/LoRaMac-node/src/mac/region/RegionAU915.c.obj
 .text.GetTimeOnAir
                0x10004924       0x40 CMakeFiles/pico_lorawan_send_data_gps.dir/__/__/lib/LoRaMac-node/src/mac/region/RegionAU915.c.obj
 .text.RegionAU915GetPhyParam
                0x10004964      0x1bc CMakeFiles/pico_lorawan_send_data_gps.dir/__/__/lib/LoRaMac-node/src/mac/region/RegionAU915.c.obj
                0x10004964                RegionAU915GetPhyParam
 .text.RegionAU915SetBandTxDone
                0x10004b20       0x3c CMakeFiles/pico_lorawan_send_data_gps.dir/__/__/lib/LoRaMac-node/src/mac/region/RegionAU915.c.obj
                0x10004b20                RegionAU915SetBandTxDone
 .text.RegionAU915InitDefaults
                0x10004b5c      0x168 CMakeFiles/pico_lorawan_send_data_gps.dir/__/__/lib/LoRaMac-node/src/mac/region/RegionAU915.c.obj
                0x10004b5c                RegionAU915InitDefaults
 .text.RegionAU915Verify
                0x10004cc4       0x9c CMakeFiles/pico_lorawan_send_data_gps.dir/__/__/lib/LoRaMac-node/src/mac/region/RegionAU915.c.obj
                0x10004cc4                RegionAU915Verify
 .text.RegionAU915ApplyCFList
                0x10004d60       0x78 CMakeFiles/pico_lorawan_send_data_gps.dir/__/__/lib/LoRaMac-node/src/mac/region/RegionAU915.c.obj
                0x10004d60                RegionAU915ApplyCFList
 .text.RegionAU915ChanMaskSet
                0x10004dd8       0x8c CMakeFiles/pico_lorawan_send_data_gps.dir/__/__/lib/LoRaMac-node/src/mac/region/RegionAU915.c.obj
                0x10004dd8                RegionAU915ChanMaskSet
 .text.RegionAU915ComputeRxWindowParameters
                0x10004e64       0x60 CMakeFiles/pico_lorawan_send_data_gps.dir/__/__/lib/LoRaMac-node/src/mac/region/RegionAU915.c.obj
                0x10004e64                RegionAU915ComputeRxWindowParameters
 .text.RegionAU915RxConfig
                0x10004ec4       0xa0 CMakeFiles/pico_lorawan_send_data_gps.dir/__/__/lib/LoRaMac-node/src/mac/region/RegionAU915.c.obj
                0x10004ec4                RegionAU915RxConfig
 .text.RegionAU915TxConfig
                0x10004f64       0xe0 CMakeFiles/pico_lorawan_send_data_gps.dir/__/__/lib/LoRaMac-node/src/mac/region/RegionAU915.c.obj
                0x10004f64                RegionAU915TxConfig
 .text.RegionAU915LinkAdrReq
                0x10005044      0x29c CMakeFiles/pico_lorawan_send_data_gps.dir/__/__/lib/LoRaMac-node/src/mac/region/RegionAU915.c.obj
                0x10005044                RegionAU915LinkAdrReq
 .text.RegionAU915RxParamSetupReq
                0x100052e0       0x50 CMakeFiles/pico_lorawan_send_data_gps.dir/__/__/lib/LoRaMac-node/src/mac/region/RegionAU915.c.obj
                0x100052e0                RegionAU915RxParamSetupReq
 .text.RegionAU915NewChannelReq
                0x10005330        0x6 CMakeFiles/pico_lorawan_send_data_gps.dir/__/__/lib/LoRaMac-node/src/mac/region/RegionAU915.c.obj
                0x10005330                RegionAU915NewChannelReq
 .text.RegionAU915TxParamSetupReq
                0x10005336        0x4 CMakeFiles/pico_lorawan_send_data_gps.dir/__/__/lib/LoRaMac-node/src/mac/region/RegionAU915.c.obj
                0x10005336                RegionAU915TxParamSetupReq
 .text.RegionAU915DlChannelReq
                0x1000533a        0x6 CMakeFiles/pico_lorawan_send_data_gps.dir/__/__/lib/LoRaMac-node/src/mac/region/RegionAU915.c.obj
                0x1000533a                RegionAU915DlChannelReq
 .text.RegionAU915AlternateDr
                0x10005340       0x40 CMakeFiles/pico_lorawan_send_data_gps.dir/__/__/lib/LoRaMac-node/src/mac/region/RegionAU915.c.obj
                0x10005340                RegionAU915AlternateDr
 .text.RegionAU915NextChannel
                0x10005380      0x16c CMakeFiles/pico_lorawan_send_data_gps.dir/__/__/lib/LoRaMac-node/src/mac/region/RegionAU915.c.obj
                0x10005380                RegionAU915NextChannel
 .text.RegionAU915ApplyDrOffset
                0x100054ec       0x28 CMakeFiles/pico_lorawan_send_data_gps.dir/__/__/lib/LoRaMac-node/src/mac/region/RegionAU915.c.obj
                0x100054ec                RegionAU915ApplyDrOffset
 .text.FindAvailable125kHzChannels
                0x10005514       0x38 CMakeFiles/pico_lorawan_send_data_gps.dir/__/__/lib/LoRaMac-node/src/mac/region/RegionBaseUS.c.obj
 .text.RegionBaseUSComputeNext125kHzJoinChannel
                0x1000554c       0x9c CMakeFiles/pico_lorawan_send_data_gps.dir/__/__/lib/LoRaMac-node/src/mac/region/RegionBaseUS.c.obj
                0x1000554c                RegionBaseUSComputeNext125kHzJoinChannel
 .text.RegionBaseUSVerifyFrequencyGroup
                0x100055e8       0x26 CMakeFiles/pico_lorawan_send_data_gps.dir/__/__/lib/LoRaMac-node/src/mac/region/RegionBaseUS.c.obj
                0x100055e8                RegionBaseUSVerifyFrequencyGroup
 .text.RegionBaseUSCalcDownlinkFrequency
                0x1000560e        0x6 CMakeFiles/pico_lorawan_send_data_gps.dir/__/__/lib/LoRaMac-node/src/mac/region/RegionBaseUS.c.obj
                0x1000560e                RegionBaseUSCalcDownlinkFrequency
 .text.ApplyChannelPlanConfig
                0x10005614      0x17c CMakeFiles/pico_lorawan_send_data_gps.dir/__/__/lib/LoRaMac-node/src/mac/region/RegionCN470.c.obj
 .text.IdentifyChannelPlan
                0x10005790       0x34 CMakeFiles/pico_lorawan_send_data_gps.dir/__/__/lib/LoRaMac-node/src/mac/region/RegionCN470.c.obj
 .text.VerifyRfFreq
                0x100057c4       0x20 CMakeFiles/pico_lorawan_send_data_gps.dir/__/__/lib/LoRaMac-node/src/mac/region/RegionCN470.c.obj
 .text.GetTimeOnAir
                0x100057e4       0x40 CMakeFiles/pico_lorawan_send_data_gps.dir/__/__/lib/LoRaMac-node/src/mac/region/RegionCN470.c.obj
 .text.RegionCN470GetPhyParam
                0x10005824      0x21c CMakeFiles/pico_lorawan_send_data_gps.dir/__/__/lib/LoRaMac-node/src/mac/region/RegionCN470.c.obj
                0x10005824                RegionCN470GetPhyParam
 .text.RegionCN470SetBandTxDone
                0x10005a40       0x3c CMakeFiles/pico_lorawan_send_data_gps.dir/__/__/lib/LoRaMac-node/src/mac/region/RegionCN470.c.obj
                0x10005a40                RegionCN470SetBandTxDone
 .text.RegionCN470InitDefaults
                0x10005a7c      0x10c CMakeFiles/pico_lorawan_send_data_gps.dir/__/__/lib/LoRaMac-node/src/mac/region/RegionCN470.c.obj
                0x10005a7c                RegionCN470InitDefaults
 .text.RegionCN470Verify
                0x10005b88       0x68 CMakeFiles/pico_lorawan_send_data_gps.dir/__/__/lib/LoRaMac-node/src/mac/region/RegionCN470.c.obj
                0x10005b88                RegionCN470Verify
 .text.RegionCN470ApplyCFList
                0x10005bf0       0x9c CMakeFiles/pico_lorawan_send_data_gps.dir/__/__/lib/LoRaMac-node/src/mac/region/RegionCN470.c.obj
                0x10005bf0                RegionCN470ApplyCFList
 .text.RegionCN470ChanMaskSet
                0x10005c8c       0x74 CMakeFiles/pico_lorawan_send_data_gps.dir/__/__/lib/LoRaMac-node/src/mac/region/RegionCN470.c.obj
                0x10005c8c                RegionCN470ChanMaskSet
 .text.RegionCN470ComputeRxWindowParameters
                0x10005d00       0x60 CMakeFiles/pico_lorawan_send_data_gps.dir/__/__/lib/LoRaMac-node/src/mac/region/RegionCN470.c.obj
                0x10005d00                RegionCN470ComputeRxWindowParameters
 .text.RegionCN470RxConfig
                0x10005d60       0xd4 CMakeFiles/pico_lorawan_send_data_gps.dir/__/__/lib/LoRaMac-node/src/mac/region/RegionCN470.c.obj
                0x10005d60                RegionCN470RxConfig
 .text.RegionCN470TxConfig
                0x10005e34      0x120 CMakeFiles/pico_lorawan_send_data_gps.dir/__/__/lib/LoRaMac-node/src/mac/region/RegionCN470.c.obj
                0x10005e34                RegionCN470TxConfig
 .text.RegionCN470LinkAdrReq
                0x10005f54      0x1a8 CMakeFiles/pico_lorawan_send_data_gps.dir/__/__/lib/LoRaMac-node/src/mac/region/RegionCN470.c.obj
                0x10005f54                RegionCN470LinkAdrReq
 .text.RegionCN470RxParamSetupReq
                0x100060fc       0x40 CMakeFiles/pico_lorawan_send_data_gps.dir/__/__/lib/LoRaMac-node/src/mac/region/RegionCN470.c.obj
                0x100060fc                RegionCN470RxParamSetupReq
 .text.RegionCN470NewChannelReq
                0x1000613c        0x6 CMakeFiles/pico_lorawan_send_data_gps.dir/__/__/lib/LoRaMac-node/src/mac/region/RegionCN470.c.obj
                0x1000613c                RegionCN470NewChannelReq
 .text.RegionCN470TxParamSetupReq
                0x10006142        0x6 CMakeFiles/pico_lorawan_send_data_gps.dir/__/__/lib/LoRaMac-node/src/mac/region/RegionCN470.c.obj
                0x10006142                RegionCN470TxParamSetupReq
 .text.RegionCN470DlChannelReq
                0x10006148        0x6 CMakeFiles/pico_lorawan_send_data_gps.dir/__/__/lib/LoRaMac-node/src/mac/region/RegionCN470.c.obj
                0x10006148                RegionCN470DlChannelReq
 .text.RegionCN470AlternateDr
                0x1000614e        0x2 CMakeFiles/pico_lorawan_send_data_gps.dir/__/__/lib/LoRaMac-node/src/mac/region/RegionCN470.c.obj
                0x1000614e                RegionCN470AlternateDr
 .text.RegionCN470NextChannel
                0x10006150      0x160 CMakeFiles/pico_lorawan_send_data_gps.dir/__/__/lib/LoRaMac-node/src/mac/region/RegionCN470.c.obj
                0x10006150                RegionCN470NextChannel
 .text.RegionCN470ApplyDrOffset
                0x100062b0       0x20 CMakeFiles/pico_lorawan_send_data_gps.dir/__/__/lib/LoRaMac-node/src/mac/region/RegionCN470.c.obj
                0x100062b0                RegionCN470ApplyDrOffset
 .text.RegionCN470A20GetBeaconChannelOffset
                0x100062d0        0x6 CMakeFiles/pico_lorawan_send_data_gps.dir/__/__/lib/LoRaMac-node/src/mac/region/RegionCN470A20.c.obj
                0x100062d0                RegionCN470A20GetBeaconChannelOffset
 .text.RegionCN470A20LinkAdrChMaskUpdate
                0x100062d6       0x72 CMakeFiles/pico_lorawan_send_data_gps.dir/__/__/lib/LoRaMac-node/src/mac/region/RegionCN470A20.c.obj
                0x100062d6                RegionCN470A20LinkAdrChMaskUpdate
 .text.RegionCN470A20VerifyRfFreq
                0x10006348       0x1c CMakeFiles/pico_lorawan_send_data_gps.dir/__/__/lib/LoRaMac-node/src/mac/region/RegionCN470A20.c.obj
                0x10006348                RegionCN470A20VerifyRfFreq
 .text.RegionCN470A20InitializeChannels
                0x10006364       0x64 CMakeFiles/pico_lorawan_send_data_gps.dir/__/__/lib/LoRaMac-node/src/mac/region/RegionCN470A20.c.obj
                0x10006364                RegionCN470A20InitializeChannels
 .text.RegionCN470A20InitializeChannelsMask
                0x100063c8       0x14 CMakeFiles/pico_lorawan_send_data_gps.dir/__/__/lib/LoRaMac-node/src/mac/region/RegionCN470A20.c.obj
                0x100063c8                RegionCN470A20InitializeChannelsMask
 .text.RegionCN470A20GetRx1Frequency
                0x100063dc       0x24 CMakeFiles/pico_lorawan_send_data_gps.dir/__/__/lib/LoRaMac-node/src/mac/region/RegionCN470A20.c.obj
                0x100063dc                RegionCN470A20GetRx1Frequency
 .text.RegionCN470A20GetDownlinkFrequency
                0x10006400        0x8 CMakeFiles/pico_lorawan_send_data_gps.dir/__/__/lib/LoRaMac-node/src/mac/region/RegionCN470A20.c.obj
                0x10006400                RegionCN470A20GetDownlinkFrequency
 .text.RegionCN470A20GetRx2Frequency
                0x10006408       0x30 CMakeFiles/pico_lorawan_send_data_gps.dir/__/__/lib/LoRaMac-node/src/mac/region/RegionCN470A20.c.obj
                0x10006408                RegionCN470A20GetRx2Frequency
 .text.RegionCN470A26GetDownlinkFrequency
                0x10006438        0x8 CMakeFiles/pico_lorawan_send_data_gps.dir/__/__/lib/LoRaMac-node/src/mac/region/RegionCN470A26.c.obj
                0x10006438                RegionCN470A26GetDownlinkFrequency
 .text.RegionCN470A26GetBeaconChannelOffset
                0x10006440        0x4 CMakeFiles/pico_lorawan_send_data_gps.dir/__/__/lib/LoRaMac-node/src/mac/region/RegionCN470A26.c.obj
                0x10006440                RegionCN470A26GetBeaconChannelOffset
 .text.RegionCN470A26LinkAdrChMaskUpdate
                0x10006444       0x72 CMakeFiles/pico_lorawan_send_data_gps.dir/__/__/lib/LoRaMac-node/src/mac/region/RegionCN470A26.c.obj
                0x10006444                RegionCN470A26LinkAdrChMaskUpdate
 *fill*         0x100064b6        0x2 
 .text.RegionCN470A26VerifyRfFreq
                0x100064b8       0x1c CMakeFiles/pico_lorawan_send_data_gps.dir/__/__/lib/LoRaMac-node/src/mac/region/RegionCN470A26.c.obj
                0x100064b8                RegionCN470A26VerifyRfFreq
 .text.RegionCN470A26InitializeChannels
                0x100064d4       0x34 CMakeFiles/pico_lorawan_send_data_gps.dir/__/__/lib/LoRaMac-node/src/mac/region/RegionCN470A26.c.obj
                0x100064d4                RegionCN470A26InitializeChannels
 .text.RegionCN470A26InitializeChannelsMask
                0x10006508       0x14 CMakeFiles/pico_lorawan_send_data_gps.dir/__/__/lib/LoRaMac-node/src/mac/region/RegionCN470A26.c.obj
                0x10006508                RegionCN470A26InitializeChannelsMask
 .text.RegionCN470A26GetRx1Frequency
                0x1000651c       0x20 CMakeFiles/pico_lorawan_send_data_gps.dir/__/__/lib/LoRaMac-node/src/mac/region/RegionCN470A26.c.obj
                0x1000651c                RegionCN470A26GetRx1Frequency
 .text.RegionCN470A26GetRx2Frequency
                0x1000653c        0x8 CMakeFiles/pico_lorawan_send_data_gps.dir/__/__/lib/LoRaMac-node/src/mac/region/RegionCN470A26.c.obj
                0x1000653c                RegionCN470A26GetRx2Frequency
 .text.RegionCN470B20GetBeaconChannelOffset
                0x10006544        0x8 CMakeFiles/pico_lorawan_send_data_gps.dir/__/__/lib/LoRaMac-node/src/mac/region/RegionCN470B20.c.obj
                0x10006544                RegionCN470B20GetBeaconChannelOffset
 .text.RegionCN470B20LinkAdrChMaskUpdate
                0x1000654c        0x8 CMakeFiles/pico_lorawan_send_data_gps.dir/__/__/lib/LoRaMac-node/src/mac/region/RegionCN470B20.c.obj
                0x1000654c                RegionCN470B20LinkAdrChMaskUpdate
 .text.RegionCN470B20VerifyRfFreq
                0x10006554       0x3c CMakeFiles/pico_lorawan_send_data_gps.dir/__/__/lib/LoRaMac-node/src/mac/region/RegionCN470B20.c.obj
                0x10006554                RegionCN470B20VerifyRfFreq
 .text.RegionCN470B20InitializeChannels
                0x10006590       0x64 CMakeFiles/pico_lorawan_send_data_gps.dir/__/__/lib/LoRaMac-node/src/mac/region/RegionCN470B20.c.obj
                0x10006590                RegionCN470B20InitializeChannels
 .text.RegionCN470B20InitializeChannelsMask
                0x100065f4        0x8 CMakeFiles/pico_lorawan_send_data_gps.dir/__/__/lib/LoRaMac-node/src/mac/region/RegionCN470B20.c.obj
                0x100065f4                RegionCN470B20InitializeChannelsMask
 .text.RegionCN470B20GetRx1Frequency
                0x100065fc       0x24 CMakeFiles/pico_lorawan_send_data_gps.dir/__/__/lib/LoRaMac-node/src/mac/region/RegionCN470B20.c.obj
                0x100065fc                RegionCN470B20GetRx1Frequency
 .text.RegionCN470B20GetDownlinkFrequency
                0x10006620       0x20 CMakeFiles/pico_lorawan_send_data_gps.dir/__/__/lib/LoRaMac-node/src/mac/region/RegionCN470B20.c.obj
                0x10006620                RegionCN470B20GetDownlinkFrequency
 .text.RegionCN470B20GetRx2Frequency
                0x10006640       0x28 CMakeFiles/pico_lorawan_send_data_gps.dir/__/__/lib/LoRaMac-node/src/mac/region/RegionCN470B20.c.obj
                0x10006640                RegionCN470B20GetRx2Frequency
 .text.RegionCN470B26GetDownlinkFrequency
                0x10006668        0x8 CMakeFiles/pico_lorawan_send_data_gps.dir/__/__/lib/LoRaMac-node/src/mac/region/RegionCN470B26.c.obj
                0x10006668                RegionCN470B26GetDownlinkFrequency
 .text.RegionCN470B26GetBeaconChannelOffset
                0x10006670        0x4 CMakeFiles/pico_lorawan_send_data_gps.dir/__/__/lib/LoRaMac-node/src/mac/region/RegionCN470B26.c.obj
                0x10006670                RegionCN470B26GetBeaconChannelOffset
 .text.RegionCN470B26LinkAdrChMaskUpdate
                0x10006674        0x8 CMakeFiles/pico_lorawan_send_data_gps.dir/__/__/lib/LoRaMac-node/src/mac/region/RegionCN470B26.c.obj
                0x10006674                RegionCN470B26LinkAdrChMaskUpdate
 .text.RegionCN470B26VerifyRfFreq
                0x1000667c       0x1c CMakeFiles/pico_lorawan_send_data_gps.dir/__/__/lib/LoRaMac-node/src/mac/region/RegionCN470B26.c.obj
                0x1000667c                RegionCN470B26VerifyRfFreq
 .text.RegionCN470B26InitializeChannels
                0x10006698       0x34 CMakeFiles/pico_lorawan_send_data_gps.dir/__/__/lib/LoRaMac-node/src/mac/region/RegionCN470B26.c.obj
                0x10006698                RegionCN470B26InitializeChannels
 .text.RegionCN470B26InitializeChannelsMask
                0x100066cc        0x8 CMakeFiles/pico_lorawan_send_data_gps.dir/__/__/lib/LoRaMac-node/src/mac/region/RegionCN470B26.c.obj
                0x100066cc                RegionCN470B26InitializeChannelsMask
 .text.RegionCN470B26GetRx1Frequency
                0x100066d4       0x20 CMakeFiles/pico_lorawan_send_data_gps.dir/__/__/lib/LoRaMac-node/src/mac/region/RegionCN470B26.c.obj
                0x100066d4                RegionCN470B26GetRx1Frequency
 .text.RegionCN470B26GetRx2Frequency
                0x100066f4        0x8 CMakeFiles/pico_lorawan_send_data_gps.dir/__/__/lib/LoRaMac-node/src/mac/region/RegionCN470B26.c.obj
                0x100066f4                RegionCN470B26GetRx2Frequency
 .text.VerifyRfFreq
                0x100066fc       0x2c CMakeFiles/pico_lorawan_send_data_gps.dir/__/__/lib/LoRaMac-node/src/mac/region/RegionCN779.c.obj
 .text.GetTimeOnAir
                0x10006728       0x6c CMakeFiles/pico_lorawan_send_data_gps.dir/__/__/lib/LoRaMac-node/src/mac/region/RegionCN779.c.obj
 .text.RegionCN779GetPhyParam
                0x10006794      0x158 CMakeFiles/pico_lorawan_send_data_gps.dir/__/__/lib/LoRaMac-node/src/mac/region/RegionCN779.c.obj
                0x10006794                RegionCN779GetPhyParam
 .text.RegionCN779SetBandTxDone
                0x100068ec       0x3c CMakeFiles/pico_lorawan_send_data_gps.dir/__/__/lib/LoRaMac-node/src/mac/region/RegionCN779.c.obj
                0x100068ec                RegionCN779SetBandTxDone
 .text.RegionCN779InitDefaults
                0x10006928       0xc0 CMakeFiles/pico_lorawan_send_data_gps.dir/__/__/lib/LoRaMac-node/src/mac/region/RegionCN779.c.obj
                0x10006928                RegionCN779InitDefaults
 .text.RegionCN779Verify
                0x100069e8       0x74 CMakeFiles/pico_lorawan_send_data_gps.dir/__/__/lib/LoRaMac-node/src/mac/region/RegionCN779.c.obj
                0x100069e8                RegionCN779Verify
 .text.RegionCN779ChanMaskSet
                0x10006a5c       0x48 CMakeFiles/pico_lorawan_send_data_gps.dir/__/__/lib/LoRaMac-node/src/mac/region/RegionCN779.c.obj
                0x10006a5c                RegionCN779ChanMaskSet
 .text.RegionCN779ComputeRxWindowParameters
                0x10006aa4       0x70 CMakeFiles/pico_lorawan_send_data_gps.dir/__/__/lib/LoRaMac-node/src/mac/region/RegionCN779.c.obj
                0x10006aa4                RegionCN779ComputeRxWindowParameters
 .text.RegionCN779RxConfig
                0x10006b14       0xf8 CMakeFiles/pico_lorawan_send_data_gps.dir/__/__/lib/LoRaMac-node/src/mac/region/RegionCN779.c.obj
                0x10006b14                RegionCN779RxConfig
 .text.RegionCN779TxConfig
                0x10006c0c      0x124 CMakeFiles/pico_lorawan_send_data_gps.dir/__/__/lib/LoRaMac-node/src/mac/region/RegionCN779.c.obj
                0x10006c0c                RegionCN779TxConfig
 .text.RegionCN779LinkAdrReq
                0x10006d30      0x190 CMakeFiles/pico_lorawan_send_data_gps.dir/__/__/lib/LoRaMac-node/src/mac/region/RegionCN779.c.obj
                0x10006d30                RegionCN779LinkAdrReq
 .text.RegionCN779RxParamSetupReq
                0x10006ec0       0x40 CMakeFiles/pico_lorawan_send_data_gps.dir/__/__/lib/LoRaMac-node/src/mac/region/RegionCN779.c.obj
                0x10006ec0                RegionCN779RxParamSetupReq
 .text.RegionCN779TxParamSetupReq
                0x10006f00        0x6 CMakeFiles/pico_lorawan_send_data_gps.dir/__/__/lib/LoRaMac-node/src/mac/region/RegionCN779.c.obj
                0x10006f00                RegionCN779TxParamSetupReq
 *fill*         0x10006f06        0x2 
 .text.RegionCN779DlChannelReq
                0x10006f08       0x44 CMakeFiles/pico_lorawan_send_data_gps.dir/__/__/lib/LoRaMac-node/src/mac/region/RegionCN779.c.obj
                0x10006f08                RegionCN779DlChannelReq
 .text.RegionCN779AlternateDr
                0x10006f4c        0x2 CMakeFiles/pico_lorawan_send_data_gps.dir/__/__/lib/LoRaMac-node/src/mac/region/RegionCN779.c.obj
                0x10006f4c                RegionCN779AlternateDr
 *fill*         0x10006f4e        0x2 
 .text.RegionCN779NextChannel
                0x10006f50      0x120 CMakeFiles/pico_lorawan_send_data_gps.dir/__/__/lib/LoRaMac-node/src/mac/region/RegionCN779.c.obj
                0x10006f50                RegionCN779NextChannel
 .text.RegionCN779ChannelAdd
                0x10007070       0xc0 CMakeFiles/pico_lorawan_send_data_gps.dir/__/__/lib/LoRaMac-node/src/mac/region/RegionCN779.c.obj
                0x10007070                RegionCN779ChannelAdd
 .text.RegionCN779ChannelsRemove
                0x10007130       0x34 CMakeFiles/pico_lorawan_send_data_gps.dir/__/__/lib/LoRaMac-node/src/mac/region/RegionCN779.c.obj
                0x10007130                RegionCN779ChannelsRemove
 .text.RegionCN779ApplyCFList
                0x10007164       0x7e CMakeFiles/pico_lorawan_send_data_gps.dir/__/__/lib/LoRaMac-node/src/mac/region/RegionCN779.c.obj
                0x10007164                RegionCN779ApplyCFList
 .text.RegionCN779NewChannelReq
                0x100071e2       0x56 CMakeFiles/pico_lorawan_send_data_gps.dir/__/__/lib/LoRaMac-node/src/mac/region/RegionCN779.c.obj
                0x100071e2                RegionCN779NewChannelReq
 .text.RegionCN779ApplyDrOffset
                0x10007238       0x10 CMakeFiles/pico_lorawan_send_data_gps.dir/__/__/lib/LoRaMac-node/src/mac/region/RegionCN779.c.obj
                0x10007238                RegionCN779ApplyDrOffset
 .text.GetDutyCycle
                0x10007248       0x44 CMakeFiles/pico_lorawan_send_data_gps.dir/__/__/lib/LoRaMac-node/src/mac/region/RegionCommon.c.obj
 .text.CountChannels
                0x1000728c       0x26 CMakeFiles/pico_lorawan_send_data_gps.dir/__/__/lib/LoRaMac-node/src/mac/region/RegionCommon.c.obj
 *fill*         0x100072b2        0x2 
 .text.SetMaxTimeCredits
                0x100072b4      0x114 CMakeFiles/pico_lorawan_send_data_gps.dir/__/__/lib/LoRaMac-node/src/mac/region/RegionCommon.c.obj
 .text.UpdateTimeCredits
                0x100073c8       0x3e CMakeFiles/pico_lorawan_send_data_gps.dir/__/__/lib/LoRaMac-node/src/mac/region/RegionCommon.c.obj
 .text.RegionCommonValueInRange
                0x10007406       0x14 CMakeFiles/pico_lorawan_send_data_gps.dir/__/__/lib/LoRaMac-node/src/mac/region/RegionCommon.c.obj
                0x10007406                RegionCommonValueInRange
 .text.RegionCommonChanVerifyDr
                0x1000741a       0x88 CMakeFiles/pico_lorawan_send_data_gps.dir/__/__/lib/LoRaMac-node/src/mac/region/RegionCommon.c.obj
                0x1000741a                RegionCommonChanVerifyDr
 .text.RegionCommonChanDisable
                0x100074a2       0x2a CMakeFiles/pico_lorawan_send_data_gps.dir/__/__/lib/LoRaMac-node/src/mac/region/RegionCommon.c.obj
                0x100074a2                RegionCommonChanDisable
 .text.RegionCommonCountChannels
                0x100074cc       0x2e CMakeFiles/pico_lorawan_send_data_gps.dir/__/__/lib/LoRaMac-node/src/mac/region/RegionCommon.c.obj
                0x100074cc                RegionCommonCountChannels
 .text.RegionCommonChanMaskCopy
                0x100074fa       0x1e CMakeFiles/pico_lorawan_send_data_gps.dir/__/__/lib/LoRaMac-node/src/mac/region/RegionCommon.c.obj
                0x100074fa                RegionCommonChanMaskCopy
 .text.RegionCommonSetBandTxDone
                0x10007518       0x2e CMakeFiles/pico_lorawan_send_data_gps.dir/__/__/lib/LoRaMac-node/src/mac/region/RegionCommon.c.obj
                0x10007518                RegionCommonSetBandTxDone
 *fill*         0x10007546        0x2 
 .text.RegionCommonUpdateBandTimeOff
                0x10007548      0x12c CMakeFiles/pico_lorawan_send_data_gps.dir/__/__/lib/LoRaMac-node/src/mac/region/RegionCommon.c.obj
                0x10007548                RegionCommonUpdateBandTimeOff
 .text.RegionCommonParseLinkAdrReq
                0x10007674       0x3e CMakeFiles/pico_lorawan_send_data_gps.dir/__/__/lib/LoRaMac-node/src/mac/region/RegionCommon.c.obj
                0x10007674                RegionCommonParseLinkAdrReq
 .text.RegionCommonLinkAdrReqVerifyParams
                0x100076b2       0xc2 CMakeFiles/pico_lorawan_send_data_gps.dir/__/__/lib/LoRaMac-node/src/mac/region/RegionCommon.c.obj
                0x100076b2                RegionCommonLinkAdrReqVerifyParams
 .text.RegionCommonComputeSymbolTimeLoRa
                0x10007774       0x14 CMakeFiles/pico_lorawan_send_data_gps.dir/__/__/lib/LoRaMac-node/src/mac/region/RegionCommon.c.obj
                0x10007774                RegionCommonComputeSymbolTimeLoRa
 .text.RegionCommonComputeSymbolTimeFsk
                0x10007788        0xe CMakeFiles/pico_lorawan_send_data_gps.dir/__/__/lib/LoRaMac-node/src/mac/region/RegionCommon.c.obj
                0x10007788                RegionCommonComputeSymbolTimeFsk
 *fill*         0x10007796        0x2 
 .text.RegionCommonComputeRxWindowParameters
                0x10007798       0x7c CMakeFiles/pico_lorawan_send_data_gps.dir/__/__/lib/LoRaMac-node/src/mac/region/RegionCommon.c.obj
                0x10007798                RegionCommonComputeRxWindowParameters
 .text.RegionCommonComputeTxPower
                0x10007814       0x2a CMakeFiles/pico_lorawan_send_data_gps.dir/__/__/lib/LoRaMac-node/src/mac/region/RegionCommon.c.obj
                0x10007814                RegionCommonComputeTxPower
 .text.RegionCommonCountNbOfEnabledChannels
                0x1000783e       0xde CMakeFiles/pico_lorawan_send_data_gps.dir/__/__/lib/LoRaMac-node/src/mac/region/RegionCommon.c.obj
                0x1000783e                RegionCommonCountNbOfEnabledChannels
 .text.RegionCommonIdentifyChannels
                0x1000791c       0x9a CMakeFiles/pico_lorawan_send_data_gps.dir/__/__/lib/LoRaMac-node/src/mac/region/RegionCommon.c.obj
                0x1000791c                RegionCommonIdentifyChannels
 .text.RegionCommonGetNextLowerTxDr
                0x100079b6       0x3e CMakeFiles/pico_lorawan_send_data_gps.dir/__/__/lib/LoRaMac-node/src/mac/region/RegionCommon.c.obj
                0x100079b6                RegionCommonGetNextLowerTxDr
 .text.RegionCommonLimitTxPower
                0x100079f4        0xc CMakeFiles/pico_lorawan_send_data_gps.dir/__/__/lib/LoRaMac-node/src/mac/region/RegionCommon.c.obj
                0x100079f4                RegionCommonLimitTxPower
 .text.RegionCommonGetBandwidth
                0x10007a00       0x24 CMakeFiles/pico_lorawan_send_data_gps.dir/__/__/lib/LoRaMac-node/src/mac/region/RegionCommon.c.obj
                0x10007a00                RegionCommonGetBandwidth
 .text.VerifyRfFreq
                0x10007a24       0x2c CMakeFiles/pico_lorawan_send_data_gps.dir/__/__/lib/LoRaMac-node/src/mac/region/RegionEU433.c.obj
 .text.GetTimeOnAir
                0x10007a50       0x6c CMakeFiles/pico_lorawan_send_data_gps.dir/__/__/lib/LoRaMac-node/src/mac/region/RegionEU433.c.obj
 .text.RegionEU433GetPhyParam
                0x10007abc      0x154 CMakeFiles/pico_lorawan_send_data_gps.dir/__/__/lib/LoRaMac-node/src/mac/region/RegionEU433.c.obj
                0x10007abc                RegionEU433GetPhyParam
 .text.RegionEU433SetBandTxDone
                0x10007c10       0x3c CMakeFiles/pico_lorawan_send_data_gps.dir/__/__/lib/LoRaMac-node/src/mac/region/RegionEU433.c.obj
                0x10007c10                RegionEU433SetBandTxDone
 .text.RegionEU433InitDefaults
                0x10007c4c       0xc0 CMakeFiles/pico_lorawan_send_data_gps.dir/__/__/lib/LoRaMac-node/src/mac/region/RegionEU433.c.obj
                0x10007c4c                RegionEU433InitDefaults
 .text.RegionEU433Verify
                0x10007d0c       0x74 CMakeFiles/pico_lorawan_send_data_gps.dir/__/__/lib/LoRaMac-node/src/mac/region/RegionEU433.c.obj
                0x10007d0c                RegionEU433Verify
 .text.RegionEU433ChanMaskSet
                0x10007d80       0x48 CMakeFiles/pico_lorawan_send_data_gps.dir/__/__/lib/LoRaMac-node/src/mac/region/RegionEU433.c.obj
                0x10007d80                RegionEU433ChanMaskSet
 .text.RegionEU433ComputeRxWindowParameters
                0x10007dc8       0x70 CMakeFiles/pico_lorawan_send_data_gps.dir/__/__/lib/LoRaMac-node/src/mac/region/RegionEU433.c.obj
                0x10007dc8                RegionEU433ComputeRxWindowParameters
 .text.RegionEU433RxConfig
                0x10007e38       0xf8 CMakeFiles/pico_lorawan_send_data_gps.dir/__/__/lib/LoRaMac-node/src/mac/region/RegionEU433.c.obj
                0x10007e38                RegionEU433RxConfig
 .text.RegionEU433TxConfig
                0x10007f30      0x124 CMakeFiles/pico_lorawan_send_data_gps.dir/__/__/lib/LoRaMac-node/src/mac/region/RegionEU433.c.obj
                0x10007f30                RegionEU433TxConfig
 .text.RegionEU433LinkAdrReq
                0x10008054      0x190 CMakeFiles/pico_lorawan_send_data_gps.dir/__/__/lib/LoRaMac-node/src/mac/region/RegionEU433.c.obj
                0x10008054                RegionEU433LinkAdrReq
 .text.RegionEU433RxParamSetupReq
                0x100081e4       0x40 CMakeFiles/pico_lorawan_send_data_gps.dir/__/__/lib/LoRaMac-node/src/mac/region/RegionEU433.c.obj
                0x100081e4                RegionEU433RxParamSetupReq
 .text.RegionEU433TxParamSetupReq
                0x10008224        0x6 CMakeFiles/pico_lorawan_send_data_gps.dir/__/__/lib/LoRaMac-node/src/mac/region/RegionEU433.c.obj
                0x10008224                RegionEU433TxParamSetupReq
 *fill*         0x1000822a        0x2 
 .text.RegionEU433DlChannelReq
                0x1000822c       0x44 CMakeFiles/pico_lorawan_send_data_gps.dir/__/__/lib/LoRaMac-node/src/mac/region/RegionEU433.c.obj
                0x1000822c                RegionEU433DlChannelReq
 .text.RegionEU433AlternateDr
                0x10008270        0x2 CMakeFiles/pico_lorawan_send_data_gps.dir/__/__/lib/LoRaMac-node/src/mac/region/RegionEU433.c.obj
                0x10008270                RegionEU433AlternateDr
 *fill*         0x10008272        0x2 
 .text.RegionEU433NextChannel
                0x10008274      0x120 CMakeFiles/pico_lorawan_send_data_gps.dir/__/__/lib/LoRaMac-node/src/mac/region/RegionEU433.c.obj
                0x10008274                RegionEU433NextChannel
 .text.RegionEU433ChannelAdd
                0x10008394       0xc0 CMakeFiles/pico_lorawan_send_data_gps.dir/__/__/lib/LoRaMac-node/src/mac/region/RegionEU433.c.obj
                0x10008394                RegionEU433ChannelAdd
 .text.RegionEU433ChannelsRemove
                0x10008454       0x34 CMakeFiles/pico_lorawan_send_data_gps.dir/__/__/lib/LoRaMac-node/src/mac/region/RegionEU433.c.obj
                0x10008454                RegionEU433ChannelsRemove
 .text.RegionEU433ApplyCFList
                0x10008488       0x7e CMakeFiles/pico_lorawan_send_data_gps.dir/__/__/lib/LoRaMac-node/src/mac/region/RegionEU433.c.obj
                0x10008488                RegionEU433ApplyCFList
 .text.RegionEU433NewChannelReq
                0x10008506       0x56 CMakeFiles/pico_lorawan_send_data_gps.dir/__/__/lib/LoRaMac-node/src/mac/region/RegionEU433.c.obj
                0x10008506                RegionEU433NewChannelReq
 .text.RegionEU433ApplyDrOffset
                0x1000855c       0x10 CMakeFiles/pico_lorawan_send_data_gps.dir/__/__/lib/LoRaMac-node/src/mac/region/RegionEU433.c.obj
                0x1000855c                RegionEU433ApplyDrOffset
 .text.VerifyRfFreq
                0x1000856c       0xac CMakeFiles/pico_lorawan_send_data_gps.dir/__/__/lib/LoRaMac-node/src/mac/region/RegionEU868.c.obj
 .text.GetTimeOnAir
                0x10008618       0x6c CMakeFiles/pico_lorawan_send_data_gps.dir/__/__/lib/LoRaMac-node/src/mac/region/RegionEU868.c.obj
 .text.RegionEU868GetPhyParam
                0x10008684      0x150 CMakeFiles/pico_lorawan_send_data_gps.dir/__/__/lib/LoRaMac-node/src/mac/region/RegionEU868.c.obj
                0x10008684                RegionEU868GetPhyParam
 .text.RegionEU868SetBandTxDone
                0x100087d4       0x3c CMakeFiles/pico_lorawan_send_data_gps.dir/__/__/lib/LoRaMac-node/src/mac/region/RegionEU868.c.obj
                0x100087d4                RegionEU868SetBandTxDone
 .text.RegionEU868InitDefaults
                0x10008810       0xd4 CMakeFiles/pico_lorawan_send_data_gps.dir/__/__/lib/LoRaMac-node/src/mac/region/RegionEU868.c.obj
                0x10008810                RegionEU868InitDefaults
 .text.RegionEU868Verify
                0x100088e4       0x80 CMakeFiles/pico_lorawan_send_data_gps.dir/__/__/lib/LoRaMac-node/src/mac/region/RegionEU868.c.obj
                0x100088e4                RegionEU868Verify
 .text.RegionEU868ChanMaskSet
                0x10008964       0x48 CMakeFiles/pico_lorawan_send_data_gps.dir/__/__/lib/LoRaMac-node/src/mac/region/RegionEU868.c.obj
                0x10008964                RegionEU868ChanMaskSet
 .text.RegionEU868ComputeRxWindowParameters
                0x100089ac       0x70 CMakeFiles/pico_lorawan_send_data_gps.dir/__/__/lib/LoRaMac-node/src/mac/region/RegionEU868.c.obj
                0x100089ac                RegionEU868ComputeRxWindowParameters
 .text.RegionEU868RxConfig
                0x10008a1c       0xf8 CMakeFiles/pico_lorawan_send_data_gps.dir/__/__/lib/LoRaMac-node/src/mac/region/RegionEU868.c.obj
                0x10008a1c                RegionEU868RxConfig
 .text.RegionEU868TxConfig
                0x10008b14      0x124 CMakeFiles/pico_lorawan_send_data_gps.dir/__/__/lib/LoRaMac-node/src/mac/region/RegionEU868.c.obj
                0x10008b14                RegionEU868TxConfig
 .text.RegionEU868LinkAdrReq
                0x10008c38      0x190 CMakeFiles/pico_lorawan_send_data_gps.dir/__/__/lib/LoRaMac-node/src/mac/region/RegionEU868.c.obj
                0x10008c38                RegionEU868LinkAdrReq
 .text.RegionEU868RxParamSetupReq
                0x10008dc8       0x4c CMakeFiles/pico_lorawan_send_data_gps.dir/__/__/lib/LoRaMac-node/src/mac/region/RegionEU868.c.obj
                0x10008dc8                RegionEU868RxParamSetupReq
 .text.RegionEU868TxParamSetupReq
                0x10008e14        0x6 CMakeFiles/pico_lorawan_send_data_gps.dir/__/__/lib/LoRaMac-node/src/mac/region/RegionEU868.c.obj
                0x10008e14                RegionEU868TxParamSetupReq
 *fill*         0x10008e1a        0x2 
 .text.RegionEU868DlChannelReq
                0x10008e1c       0x50 CMakeFiles/pico_lorawan_send_data_gps.dir/__/__/lib/LoRaMac-node/src/mac/region/RegionEU868.c.obj
                0x10008e1c                RegionEU868DlChannelReq
 .text.RegionEU868AlternateDr
                0x10008e6c        0x2 CMakeFiles/pico_lorawan_send_data_gps.dir/__/__/lib/LoRaMac-node/src/mac/region/RegionEU868.c.obj
                0x10008e6c                RegionEU868AlternateDr
 *fill*         0x10008e6e        0x2 
 .text.RegionEU868NextChannel
                0x10008e70      0x120 CMakeFiles/pico_lorawan_send_data_gps.dir/__/__/lib/LoRaMac-node/src/mac/region/RegionEU868.c.obj
                0x10008e70                RegionEU868NextChannel
 .text.RegionEU868ChannelAdd
                0x10008f90       0xd4 CMakeFiles/pico_lorawan_send_data_gps.dir/__/__/lib/LoRaMac-node/src/mac/region/RegionEU868.c.obj
                0x10008f90                RegionEU868ChannelAdd
 .text.RegionEU868ChannelsRemove
                0x10009064       0x34 CMakeFiles/pico_lorawan_send_data_gps.dir/__/__/lib/LoRaMac-node/src/mac/region/RegionEU868.c.obj
                0x10009064                RegionEU868ChannelsRemove
 .text.RegionEU868ApplyCFList
                0x10009098       0x7e CMakeFiles/pico_lorawan_send_data_gps.dir/__/__/lib/LoRaMac-node/src/mac/region/RegionEU868.c.obj
                0x10009098                RegionEU868ApplyCFList
 .text.RegionEU868NewChannelReq
                0x10009116       0x56 CMakeFiles/pico_lorawan_send_data_gps.dir/__/__/lib/LoRaMac-node/src/mac/region/RegionEU868.c.obj
                0x10009116                RegionEU868NewChannelReq
 .text.RegionEU868ApplyDrOffset
                0x1000916c       0x10 CMakeFiles/pico_lorawan_send_data_gps.dir/__/__/lib/LoRaMac-node/src/mac/region/RegionEU868.c.obj
                0x1000916c                RegionEU868ApplyDrOffset
 .text.VerifyRfFreq
                0x1000917c       0x2c CMakeFiles/pico_lorawan_send_data_gps.dir/__/__/lib/LoRaMac-node/src/mac/region/RegionIN865.c.obj
 .text.GetTimeOnAir
                0x100091a8       0x6c CMakeFiles/pico_lorawan_send_data_gps.dir/__/__/lib/LoRaMac-node/src/mac/region/RegionIN865.c.obj
 .text.RegionIN865GetPhyParam
                0x10009214      0x154 CMakeFiles/pico_lorawan_send_data_gps.dir/__/__/lib/LoRaMac-node/src/mac/region/RegionIN865.c.obj
                0x10009214                RegionIN865GetPhyParam
 .text.RegionIN865SetBandTxDone
                0x10009368       0x3c CMakeFiles/pico_lorawan_send_data_gps.dir/__/__/lib/LoRaMac-node/src/mac/region/RegionIN865.c.obj
                0x10009368                RegionIN865SetBandTxDone
 .text.RegionIN865InitDefaults
                0x100093a4       0xc0 CMakeFiles/pico_lorawan_send_data_gps.dir/__/__/lib/LoRaMac-node/src/mac/region/RegionIN865.c.obj
                0x100093a4                RegionIN865InitDefaults
 .text.RegionIN865Verify
                0x10009464       0x80 CMakeFiles/pico_lorawan_send_data_gps.dir/__/__/lib/LoRaMac-node/src/mac/region/RegionIN865.c.obj
                0x10009464                RegionIN865Verify
 .text.RegionIN865ChanMaskSet
                0x100094e4       0x48 CMakeFiles/pico_lorawan_send_data_gps.dir/__/__/lib/LoRaMac-node/src/mac/region/RegionIN865.c.obj
                0x100094e4                RegionIN865ChanMaskSet
 .text.RegionIN865ComputeRxWindowParameters
                0x1000952c       0x70 CMakeFiles/pico_lorawan_send_data_gps.dir/__/__/lib/LoRaMac-node/src/mac/region/RegionIN865.c.obj
                0x1000952c                RegionIN865ComputeRxWindowParameters
 .text.RegionIN865RxConfig
                0x1000959c       0xf8 CMakeFiles/pico_lorawan_send_data_gps.dir/__/__/lib/LoRaMac-node/src/mac/region/RegionIN865.c.obj
                0x1000959c                RegionIN865RxConfig
 .text.RegionIN865TxConfig
                0x10009694      0x124 CMakeFiles/pico_lorawan_send_data_gps.dir/__/__/lib/LoRaMac-node/src/mac/region/RegionIN865.c.obj
                0x10009694                RegionIN865TxConfig
 .text.RegionIN865LinkAdrReq
                0x100097b8      0x1a0 CMakeFiles/pico_lorawan_send_data_gps.dir/__/__/lib/LoRaMac-node/src/mac/region/RegionIN865.c.obj
                0x100097b8                RegionIN865LinkAdrReq
 .text.RegionIN865RxParamSetupReq
                0x10009958       0x48 CMakeFiles/pico_lorawan_send_data_gps.dir/__/__/lib/LoRaMac-node/src/mac/region/RegionIN865.c.obj
                0x10009958                RegionIN865RxParamSetupReq
 .text.RegionIN865TxParamSetupReq
                0x100099a0        0x6 CMakeFiles/pico_lorawan_send_data_gps.dir/__/__/lib/LoRaMac-node/src/mac/region/RegionIN865.c.obj
                0x100099a0                RegionIN865TxParamSetupReq
 *fill*         0x100099a6        0x2 
 .text.RegionIN865DlChannelReq
                0x100099a8       0x44 CMakeFiles/pico_lorawan_send_data_gps.dir/__/__/lib/LoRaMac-node/src/mac/region/RegionIN865.c.obj
                0x100099a8                RegionIN865DlChannelReq
 .text.RegionIN865AlternateDr
                0x100099ec        0x2 CMakeFiles/pico_lorawan_send_data_gps.dir/__/__/lib/LoRaMac-node/src/mac/region/RegionIN865.c.obj
                0x100099ec                RegionIN865AlternateDr
 *fill*         0x100099ee        0x2 
 .text.RegionIN865NextChannel
                0x100099f0      0x120 CMakeFiles/pico_lorawan_send_data_gps.dir/__/__/lib/LoRaMac-node/src/mac/region/RegionIN865.c.obj
                0x100099f0                RegionIN865NextChannel
 .text.RegionIN865ChannelAdd
                0x10009b10       0xc0 CMakeFiles/pico_lorawan_send_data_gps.dir/__/__/lib/LoRaMac-node/src/mac/region/RegionIN865.c.obj
                0x10009b10                RegionIN865ChannelAdd
 .text.RegionIN865ChannelsRemove
                0x10009bd0       0x34 CMakeFiles/pico_lorawan_send_data_gps.dir/__/__/lib/LoRaMac-node/src/mac/region/RegionIN865.c.obj
                0x10009bd0                RegionIN865ChannelsRemove
 .text.RegionIN865ApplyCFList
                0x10009c04       0x7e CMakeFiles/pico_lorawan_send_data_gps.dir/__/__/lib/LoRaMac-node/src/mac/region/RegionIN865.c.obj
                0x10009c04                RegionIN865ApplyCFList
 .text.RegionIN865NewChannelReq
                0x10009c82       0x56 CMakeFiles/pico_lorawan_send_data_gps.dir/__/__/lib/LoRaMac-node/src/mac/region/RegionIN865.c.obj
                0x10009c82                RegionIN865NewChannelReq
 .text.RegionIN865ApplyDrOffset
                0x10009cd8       0x20 CMakeFiles/pico_lorawan_send_data_gps.dir/__/__/lib/LoRaMac-node/src/mac/region/RegionIN865.c.obj
                0x10009cd8                RegionIN865ApplyDrOffset
 .text.GetMaxEIRP
                0x10009cf8       0x14 CMakeFiles/pico_lorawan_send_data_gps.dir/__/__/lib/LoRaMac-node/src/mac/region/RegionKR920.c.obj
 .text.VerifyRfFreq
                0x10009d0c       0x3c CMakeFiles/pico_lorawan_send_data_gps.dir/__/__/lib/LoRaMac-node/src/mac/region/RegionKR920.c.obj
 .text.GetTimeOnAir
                0x10009d48       0x40 CMakeFiles/pico_lorawan_send_data_gps.dir/__/__/lib/LoRaMac-node/src/mac/region/RegionKR920.c.obj
 .text.RegionKR920GetPhyParam
                0x10009d88      0x150 CMakeFiles/pico_lorawan_send_data_gps.dir/__/__/lib/LoRaMac-node/src/mac/region/RegionKR920.c.obj
                0x10009d88                RegionKR920GetPhyParam
 .text.RegionKR920SetBandTxDone
                0x10009ed8       0x3c CMakeFiles/pico_lorawan_send_data_gps.dir/__/__/lib/LoRaMac-node/src/mac/region/RegionKR920.c.obj
                0x10009ed8                RegionKR920SetBandTxDone
 .text.RegionKR920InitDefaults
                0x10009f14       0xc0 CMakeFiles/pico_lorawan_send_data_gps.dir/__/__/lib/LoRaMac-node/src/mac/region/RegionKR920.c.obj
                0x10009f14                RegionKR920InitDefaults
 .text.RegionKR920Verify
                0x10009fd4       0x70 CMakeFiles/pico_lorawan_send_data_gps.dir/__/__/lib/LoRaMac-node/src/mac/region/RegionKR920.c.obj
                0x10009fd4                RegionKR920Verify
 .text.RegionKR920ChanMaskSet
                0x1000a044       0x48 CMakeFiles/pico_lorawan_send_data_gps.dir/__/__/lib/LoRaMac-node/src/mac/region/RegionKR920.c.obj
                0x1000a044                RegionKR920ChanMaskSet
 .text.RegionKR920ComputeRxWindowParameters
                0x1000a08c       0x60 CMakeFiles/pico_lorawan_send_data_gps.dir/__/__/lib/LoRaMac-node/src/mac/region/RegionKR920.c.obj
                0x1000a08c                RegionKR920ComputeRxWindowParameters
 .text.RegionKR920RxConfig
                0x1000a0ec       0xa8 CMakeFiles/pico_lorawan_send_data_gps.dir/__/__/lib/LoRaMac-node/src/mac/region/RegionKR920.c.obj
                0x1000a0ec                RegionKR920RxConfig
 .text.RegionKR920TxConfig
                0x1000a194      0x104 CMakeFiles/pico_lorawan_send_data_gps.dir/__/__/lib/LoRaMac-node/src/mac/region/RegionKR920.c.obj
                0x1000a194                RegionKR920TxConfig
 .text.RegionKR920LinkAdrReq
                0x1000a298      0x190 CMakeFiles/pico_lorawan_send_data_gps.dir/__/__/lib/LoRaMac-node/src/mac/region/RegionKR920.c.obj
                0x1000a298                RegionKR920LinkAdrReq
 .text.RegionKR920RxParamSetupReq
                0x1000a428       0x40 CMakeFiles/pico_lorawan_send_data_gps.dir/__/__/lib/LoRaMac-node/src/mac/region/RegionKR920.c.obj
                0x1000a428                RegionKR920RxParamSetupReq
 .text.RegionKR920TxParamSetupReq
                0x1000a468        0x6 CMakeFiles/pico_lorawan_send_data_gps.dir/__/__/lib/LoRaMac-node/src/mac/region/RegionKR920.c.obj
                0x1000a468                RegionKR920TxParamSetupReq
 *fill*         0x1000a46e        0x2 
 .text.RegionKR920DlChannelReq
                0x1000a470       0x44 CMakeFiles/pico_lorawan_send_data_gps.dir/__/__/lib/LoRaMac-node/src/mac/region/RegionKR920.c.obj
                0x1000a470                RegionKR920DlChannelReq
 .text.RegionKR920AlternateDr
                0x1000a4b4        0x2 CMakeFiles/pico_lorawan_send_data_gps.dir/__/__/lib/LoRaMac-node/src/mac/region/RegionKR920.c.obj
                0x1000a4b4                RegionKR920AlternateDr
 *fill*         0x1000a4b6        0x2 
 .text.RegionKR920NextChannel
                0x1000a4b8      0x16c CMakeFiles/pico_lorawan_send_data_gps.dir/__/__/lib/LoRaMac-node/src/mac/region/RegionKR920.c.obj
                0x1000a4b8                RegionKR920NextChannel
 .text.RegionKR920ChannelAdd
                0x1000a624       0xc0 CMakeFiles/pico_lorawan_send_data_gps.dir/__/__/lib/LoRaMac-node/src/mac/region/RegionKR920.c.obj
                0x1000a624                RegionKR920ChannelAdd
 .text.RegionKR920ChannelsRemove
                0x1000a6e4       0x34 CMakeFiles/pico_lorawan_send_data_gps.dir/__/__/lib/LoRaMac-node/src/mac/region/RegionKR920.c.obj
                0x1000a6e4                RegionKR920ChannelsRemove
 .text.RegionKR920ApplyCFList
                0x1000a718       0x7e CMakeFiles/pico_lorawan_send_data_gps.dir/__/__/lib/LoRaMac-node/src/mac/region/RegionKR920.c.obj
                0x1000a718                RegionKR920ApplyCFList
 .text.RegionKR920NewChannelReq
                0x1000a796       0x56 CMakeFiles/pico_lorawan_send_data_gps.dir/__/__/lib/LoRaMac-node/src/mac/region/RegionKR920.c.obj
                0x1000a796                RegionKR920NewChannelReq
 .text.RegionKR920ApplyDrOffset
                0x1000a7ec       0x10 CMakeFiles/pico_lorawan_send_data_gps.dir/__/__/lib/LoRaMac-node/src/mac/region/RegionKR920.c.obj
                0x1000a7ec                RegionKR920ApplyDrOffset
 .text.VerifyRfFreq
                0x1000a7fc       0x2c CMakeFiles/pico_lorawan_send_data_gps.dir/__/__/lib/LoRaMac-node/src/mac/region/RegionRU864.c.obj
 .text.GetTimeOnAir
                0x1000a828       0x6c CMakeFiles/pico_lorawan_send_data_gps.dir/__/__/lib/LoRaMac-node/src/mac/region/RegionRU864.c.obj
 .text.RegionRU864GetPhyParam
                0x1000a894      0x154 CMakeFiles/pico_lorawan_send_data_gps.dir/__/__/lib/LoRaMac-node/src/mac/region/RegionRU864.c.obj
                0x1000a894                RegionRU864GetPhyParam
 .text.RegionRU864SetBandTxDone
                0x1000a9e8       0x3c CMakeFiles/pico_lorawan_send_data_gps.dir/__/__/lib/LoRaMac-node/src/mac/region/RegionRU864.c.obj
                0x1000a9e8                RegionRU864SetBandTxDone
 .text.RegionRU864InitDefaults
                0x1000aa24       0xb0 CMakeFiles/pico_lorawan_send_data_gps.dir/__/__/lib/LoRaMac-node/src/mac/region/RegionRU864.c.obj
                0x1000aa24                RegionRU864InitDefaults
 .text.RegionRU864Verify
                0x1000aad4       0x74 CMakeFiles/pico_lorawan_send_data_gps.dir/__/__/lib/LoRaMac-node/src/mac/region/RegionRU864.c.obj
                0x1000aad4                RegionRU864Verify
 .text.RegionRU864ChanMaskSet
                0x1000ab48       0x48 CMakeFiles/pico_lorawan_send_data_gps.dir/__/__/lib/LoRaMac-node/src/mac/region/RegionRU864.c.obj
                0x1000ab48                RegionRU864ChanMaskSet
 .text.RegionRU864ComputeRxWindowParameters
                0x1000ab90       0x70 CMakeFiles/pico_lorawan_send_data_gps.dir/__/__/lib/LoRaMac-node/src/mac/region/RegionRU864.c.obj
                0x1000ab90                RegionRU864ComputeRxWindowParameters
 .text.RegionRU864RxConfig
                0x1000ac00       0xf8 CMakeFiles/pico_lorawan_send_data_gps.dir/__/__/lib/LoRaMac-node/src/mac/region/RegionRU864.c.obj
                0x1000ac00                RegionRU864RxConfig
 .text.RegionRU864TxConfig
                0x1000acf8      0x124 CMakeFiles/pico_lorawan_send_data_gps.dir/__/__/lib/LoRaMac-node/src/mac/region/RegionRU864.c.obj
                0x1000acf8                RegionRU864TxConfig
 .text.RegionRU864LinkAdrReq
                0x1000ae1c      0x198 CMakeFiles/pico_lorawan_send_data_gps.dir/__/__/lib/LoRaMac-node/src/mac/region/RegionRU864.c.obj
                0x1000ae1c                RegionRU864LinkAdrReq
 .text.RegionRU864RxParamSetupReq
                0x1000afb4       0x40 CMakeFiles/pico_lorawan_send_data_gps.dir/__/__/lib/LoRaMac-node/src/mac/region/RegionRU864.c.obj
                0x1000afb4                RegionRU864RxParamSetupReq
 .text.RegionRU864TxParamSetupReq
                0x1000aff4        0x6 CMakeFiles/pico_lorawan_send_data_gps.dir/__/__/lib/LoRaMac-node/src/mac/region/RegionRU864.c.obj
                0x1000aff4                RegionRU864TxParamSetupReq
 *fill*         0x1000affa        0x2 
 .text.RegionRU864DlChannelReq
                0x1000affc       0x44 CMakeFiles/pico_lorawan_send_data_gps.dir/__/__/lib/LoRaMac-node/src/mac/region/RegionRU864.c.obj
                0x1000affc                RegionRU864DlChannelReq
 .text.RegionRU864AlternateDr
                0x1000b040        0x2 CMakeFiles/pico_lorawan_send_data_gps.dir/__/__/lib/LoRaMac-node/src/mac/region/RegionRU864.c.obj
                0x1000b040                RegionRU864AlternateDr
 *fill*         0x1000b042        0x2 
 .text.RegionRU864NextChannel
                0x1000b044      0x114 CMakeFiles/pico_lorawan_send_data_gps.dir/__/__/lib/LoRaMac-node/src/mac/region/RegionRU864.c.obj
                0x1000b044                RegionRU864NextChannel
 .text.RegionRU864ChannelAdd
                0x1000b158       0xc0 CMakeFiles/pico_lorawan_send_data_gps.dir/__/__/lib/LoRaMac-node/src/mac/region/RegionRU864.c.obj
                0x1000b158                RegionRU864ChannelAdd
 .text.RegionRU864ChannelsRemove
                0x1000b218       0x34 CMakeFiles/pico_lorawan_send_data_gps.dir/__/__/lib/LoRaMac-node/src/mac/region/RegionRU864.c.obj
                0x1000b218                RegionRU864ChannelsRemove
 .text.RegionRU864ApplyCFList
                0x1000b24c       0x7e CMakeFiles/pico_lorawan_send_data_gps.dir/__/__/lib/LoRaMac-node/src/mac/region/RegionRU864.c.obj
                0x1000b24c                RegionRU864ApplyCFList
 .text.RegionRU864NewChannelReq
                0x1000b2ca       0x56 CMakeFiles/pico_lorawan_send_data_gps.dir/__/__/lib/LoRaMac-node/src/mac/region/RegionRU864.c.obj
                0x1000b2ca                RegionRU864NewChannelReq
 .text.RegionRU864ApplyDrOffset
                0x1000b320       0x10 CMakeFiles/pico_lorawan_send_data_gps.dir/__/__/lib/LoRaMac-node/src/mac/region/RegionRU864.c.obj
                0x1000b320                RegionRU864ApplyDrOffset
 .text.VerifyRfFreq
                0x1000b330       0x54 CMakeFiles/pico_lorawan_send_data_gps.dir/__/__/lib/LoRaMac-node/src/mac/region/RegionUS915.c.obj
 .text.GetTimeOnAir
                0x1000b384       0x40 CMakeFiles/pico_lorawan_send_data_gps.dir/__/__/lib/LoRaMac-node/src/mac/region/RegionUS915.c.obj
 .text.LimitTxPower
                0x1000b3c4       0x3c CMakeFiles/pico_lorawan_send_data_gps.dir/__/__/lib/LoRaMac-node/src/mac/region/RegionUS915.c.obj
 .text.RegionUS915GetPhyParam
                0x1000b400      0x174 CMakeFiles/pico_lorawan_send_data_gps.dir/__/__/lib/LoRaMac-node/src/mac/region/RegionUS915.c.obj
                0x1000b400                RegionUS915GetPhyParam
 .text.RegionUS915SetBandTxDone
                0x1000b574       0x3c CMakeFiles/pico_lorawan_send_data_gps.dir/__/__/lib/LoRaMac-node/src/mac/region/RegionUS915.c.obj
                0x1000b574                RegionUS915SetBandTxDone
 .text.RegionUS915InitDefaults
                0x1000b5b0      0x168 CMakeFiles/pico_lorawan_send_data_gps.dir/__/__/lib/LoRaMac-node/src/mac/region/RegionUS915.c.obj
                0x1000b5b0                RegionUS915InitDefaults
 .text.RegionUS915Verify
                0x1000b718       0x70 CMakeFiles/pico_lorawan_send_data_gps.dir/__/__/lib/LoRaMac-node/src/mac/region/RegionUS915.c.obj
                0x1000b718                RegionUS915Verify
 .text.RegionUS915ApplyCFList
                0x1000b788       0x78 CMakeFiles/pico_lorawan_send_data_gps.dir/__/__/lib/LoRaMac-node/src/mac/region/RegionUS915.c.obj
                0x1000b788                RegionUS915ApplyCFList
 .text.RegionUS915ChanMaskSet
                0x1000b800       0x9c CMakeFiles/pico_lorawan_send_data_gps.dir/__/__/lib/LoRaMac-node/src/mac/region/RegionUS915.c.obj
                0x1000b800                RegionUS915ChanMaskSet
 .text.RegionUS915ComputeRxWindowParameters
                0x1000b89c       0x60 CMakeFiles/pico_lorawan_send_data_gps.dir/__/__/lib/LoRaMac-node/src/mac/region/RegionUS915.c.obj
                0x1000b89c                RegionUS915ComputeRxWindowParameters
 .text.RegionUS915RxConfig
                0x1000b8fc       0xa0 CMakeFiles/pico_lorawan_send_data_gps.dir/__/__/lib/LoRaMac-node/src/mac/region/RegionUS915.c.obj
                0x1000b8fc                RegionUS915RxConfig
 .text.RegionUS915TxConfig
                0x1000b99c       0xec CMakeFiles/pico_lorawan_send_data_gps.dir/__/__/lib/LoRaMac-node/src/mac/region/RegionUS915.c.obj
                0x1000b99c                RegionUS915TxConfig
 .text.RegionUS915LinkAdrReq
                0x1000ba88      0x29c CMakeFiles/pico_lorawan_send_data_gps.dir/__/__/lib/LoRaMac-node/src/mac/region/RegionUS915.c.obj
                0x1000ba88                RegionUS915LinkAdrReq
 .text.RegionUS915RxParamSetupReq
                0x1000bd24       0x5c CMakeFiles/pico_lorawan_send_data_gps.dir/__/__/lib/LoRaMac-node/src/mac/region/RegionUS915.c.obj
                0x1000bd24                RegionUS915RxParamSetupReq
 .text.RegionUS915NewChannelReq
                0x1000bd80        0x6 CMakeFiles/pico_lorawan_send_data_gps.dir/__/__/lib/LoRaMac-node/src/mac/region/RegionUS915.c.obj
                0x1000bd80                RegionUS915NewChannelReq
 .text.RegionUS915TxParamSetupReq
                0x1000bd86        0x6 CMakeFiles/pico_lorawan_send_data_gps.dir/__/__/lib/LoRaMac-node/src/mac/region/RegionUS915.c.obj
                0x1000bd86                RegionUS915TxParamSetupReq
 .text.RegionUS915DlChannelReq
                0x1000bd8c        0x6 CMakeFiles/pico_lorawan_send_data_gps.dir/__/__/lib/LoRaMac-node/src/mac/region/RegionUS915.c.obj
                0x1000bd8c                RegionUS915DlChannelReq
 *fill*         0x1000bd92        0x2 
 .text.RegionUS915AlternateDr
                0x1000bd94       0x40 CMakeFiles/pico_lorawan_send_data_gps.dir/__/__/lib/LoRaMac-node/src/mac/region/RegionUS915.c.obj
                0x1000bd94                RegionUS915AlternateDr
 .text.RegionUS915NextChannel
                0x1000bdd4      0x16c CMakeFiles/pico_lorawan_send_data_gps.dir/__/__/lib/LoRaMac-node/src/mac/region/RegionUS915.c.obj
                0x1000bdd4                RegionUS915NextChannel
 .text.RegionUS915ApplyDrOffset